Archive member included to satisfy reference by file (symbol)

../Middlewares/ST/STM32_Audio/Addons/PDM/Lib/libPDMFilter_CM7_GCC_wc32.a(pdm_filter.o)
                              ./Drivers/BSP/STM32H750B-DK/stm32h750b_discovery_audio.o (PDM_Filter_Init)
/opt/st/stm32cubeide_2.0.0/plugins/com.st.stm32cube.ide.mcu.externaltools.gnu-tools-for-stm32.13.3.rel1.linux64_1.0.100.202509120712/tools/bin/../lib/gcc/arm-none-eabi/13.3.1/../../../../arm-none-eabi/lib/thumb/v7e-m+dp/hard/libc_nano.a(libc_a-exit.o)
                              /opt/st/stm32cubeide_2.0.0/plugins/com.st.stm32cube.ide.mcu.externaltools.gnu-tools-for-stm32.13.3.rel1.linux64_1.0.100.202509120712/tools/bin/../lib/gcc/arm-none-eabi/13.3.1/../../../../arm-none-eabi/lib/thumb/v7e-m+dp/hard/crt0.o (exit)
/opt/st/stm32cubeide_2.0.0/plugins/com.st.stm32cube.ide.mcu.externaltools.gnu-tools-for-stm32.13.3.rel1.linux64_1.0.100.202509120712/tools/bin/../lib/gcc/arm-none-eabi/13.3.1/../../../../arm-none-eabi/lib/thumb/v7e-m+dp/hard/libc_nano.a(libc_a-nano-vfprintf_float.o)
                              (_printf_float)
/opt/st/stm32cubeide_2.0.0/plugins/com.st.stm32cube.ide.mcu.externaltools.gnu-tools-for-stm32.13.3.rel1.linux64_1.0.100.202509120712/tools/bin/../lib/gcc/arm-none-eabi/13.3.1/../../../../arm-none-eabi/lib/thumb/v7e-m+dp/hard/libc_nano.a(libc_a-nano-vfprintf_i.o)
                              /opt/st/stm32cubeide_2.0.0/plugins/com.st.stm32cube.ide.mcu.externaltools.gnu-tools-for-stm32.13.3.rel1.linux64_1.0.100.202509120712/tools/bin/../lib/gcc/arm-none-eabi/13.3.1/../../../../arm-none-eabi/lib/thumb/v7e-m+dp/hard/libc_nano.a(libc_a-nano-vfprintf_float.o) (_printf_common)
/opt/st/stm32cubeide_2.0.0/plugins/com.st.stm32cube.ide.mcu.externaltools.gnu-tools-for-stm32.13.3.rel1.linux64_1.0.100.202509120712/tools/bin/../lib/gcc/arm-none-eabi/13.3.1/../../../../arm-none-eabi/lib/thumb/v7e-m+dp/hard/libc_nano.a(libc_a-findfp.o)
                              /opt/st/stm32cubeide_2.0.0/plugins/com.st.stm32cube.ide.mcu.externaltools.gnu-tools-for-stm32.13.3.rel1.linux64_1.0.100.202509120712/tools/bin/../lib/gcc/arm-none-eabi/13.3.1/../../../../arm-none-eabi/lib/thumb/v7e-m+dp/hard/libc_nano.a(libc_a-exit.o) (__stdio_exit_handler)
/opt/st/stm32cubeide_2.0.0/plugins/com.st.stm32cube.ide.mcu.externaltools.gnu-tools-for-stm32.13.3.rel1.linux64_1.0.100.202509120712/tools/bin/../lib/gcc/arm-none-eabi/13.3.1/../../../../arm-none-eabi/lib/thumb/v7e-m+dp/hard/libc_nano.a(libc_a-fwalk.o)
                              /opt/st/stm32cubeide_2.0.0/plugins/com.st.stm32cube.ide.mcu.externaltools.gnu-tools-for-stm32.13.3.rel1.linux64_1.0.100.202509120712/tools/bin/../lib/gcc/arm-none-eabi/13.3.1/../../../../arm-none-eabi/lib/thumb/v7e-m+dp/hard/libc_nano.a(libc_a-findfp.o) (_fwalk_sglue)
/opt/st/stm32cubeide_2.0.0/plugins/com.st.stm32cube.ide.mcu.externaltools.gnu-tools-for-stm32.13.3.rel1.linux64_1.0.100.202509120712/tools/bin/../lib/gcc/arm-none-eabi/13.3.1/../../../../arm-none-eabi/lib/thumb/v7e-m+dp/hard/libc_nano.a(libc_a-stdio.o)
                              /opt/st/stm32cubeide_2.0.0/plugins/com.st.stm32cube.ide.mcu.externaltools.gnu-tools-for-stm32.13.3.rel1.linux64_1.0.100.202509120712/tools/bin/../lib/gcc/arm-none-eabi/13.3.1/../../../../arm-none-eabi/lib/thumb/v7e-m+dp/hard/libc_nano.a(libc_a-findfp.o) (__sread)
/opt/st/stm32cubeide_2.0.0/plugins/com.st.stm32cube.ide.mcu.externaltools.gnu-tools-for-stm32.13.3.rel1.linux64_1.0.100.202509120712/tools/bin/../lib/gcc/arm-none-eabi/13.3.1/../../../../arm-none-eabi/lib/thumb/v7e-m+dp/hard/libc_nano.a(libc_a-memset.o)
                              /opt/st/stm32cubeide_2.0.0/plugins/com.st.stm32cube.ide.mcu.externaltools.gnu-tools-for-stm32.13.3.rel1.linux64_1.0.100.202509120712/tools/bin/../lib/gcc/arm-none-eabi/13.3.1/../../../../arm-none-eabi/lib/thumb/v7e-m+dp/hard/crt0.o (memset)
/opt/st/stm32cubeide_2.0.0/plugins/com.st.stm32cube.ide.mcu.externaltools.gnu-tools-for-stm32.13.3.rel1.linux64_1.0.100.202509120712/tools/bin/../lib/gcc/arm-none-eabi/13.3.1/../../../../arm-none-eabi/lib/thumb/v7e-m+dp/hard/libc_nano.a(libc_a-localeconv.o)
                              /opt/st/stm32cubeide_2.0.0/plugins/com.st.stm32cube.ide.mcu.externaltools.gnu-tools-for-stm32.13.3.rel1.linux64_1.0.100.202509120712/tools/bin/../lib/gcc/arm-none-eabi/13.3.1/../../../../arm-none-eabi/lib/thumb/v7e-m+dp/hard/libc_nano.a(libc_a-nano-vfprintf_float.o) (_localeconv_r)
/opt/st/stm32cubeide_2.0.0/plugins/com.st.stm32cube.ide.mcu.externaltools.gnu-tools-for-stm32.13.3.rel1.linux64_1.0.100.202509120712/tools/bin/../lib/gcc/arm-none-eabi/13.3.1/../../../../arm-none-eabi/lib/thumb/v7e-m+dp/hard/libc_nano.a(libc_a-closer.o)
                              /opt/st/stm32cubeide_2.0.0/plugins/com.st.stm32cube.ide.mcu.externaltools.gnu-tools-for-stm32.13.3.rel1.linux64_1.0.100.202509120712/tools/bin/../lib/gcc/arm-none-eabi/13.3.1/../../../../arm-none-eabi/lib/thumb/v7e-m+dp/hard/libc_nano.a(libc_a-stdio.o) (_close_r)
[...]
Memory Configuration

Name             Origin             Length             Attributes
FLASH            0x08000000         0x00020000         xr
DTCMRAM          0x20000000         0x00020000         xrw
RAM_D1           0x24000000         0x00080000         xrw
RAM_D2           0x30000000         0x00048000         xrw
RAM_D3           0x38000000         0x00010000         xrw
ITCMRAM          0x00000000         0x00010000         xrw
*default*        0x00000000         0xffffffff

Linker script and memory map

LOAD /opt/st/stm32cubeide_2.0.0/plugins/com.st.stm32cube.ide.mcu.externaltools.gnu-tools-for-stm32.13.3.rel1.linux64_1.0.100.202509120712/tools/bin/../lib/gcc/arm-none-eabi/13.3.1/thumb/v7e-m+dp/hard/crti.o
LOAD /opt/st/stm32cubeide_2.0.0/plugins/com.st.stm32cube.ide.mcu.externaltools.gnu-tools-for-stm32.13.3.rel1.linux64_1.0.100.202509120712/tools/bin/../lib/gcc/arm-none-eabi/13.3.1/thumb/v7e-m+dp/hard/crtbegin.o
LOAD /opt/st/stm32cubeide_2.0.0/plugins/com.st.stm32cube.ide.mcu.externaltools.gnu-tools-for-stm32.13.3.rel1.linux64_1.0.100.202509120712/tools/bin/../lib/gcc/arm-none-eabi/13.3.1/../../../../arm-none-eabi/lib/thumb/v7e-m+dp/hard/crt0.o
LOAD ./Core/Src/adc.o
LOAD ./Core/Src/app_timers.o
LOAD ./Core/Src/audio_plotter.o
LOAD ./Core/Src/audio_plotter_draw.o
LOAD ./Core/Src/audio_plotter_sample.o
LOAD ./Core/Src/audio_queue.o
LOAD ./Core/Src/dma.o
LOAD ./Core/Src/main.o
LOAD ./Core/Src/measureCycles.o
LOAD ./Core/Src/plot_adc.o
LOAD ./Core/Src/plot_mems.o
LOAD ./Core/Src/stm32h7xx_it.o
LOAD ./Core/Src/syscalls.o
LOAD ./Core/Src/sysmem.o
LOAD ./Core/Src/system_stm32h7xx.o
LOAD ./Core/Src/tim.o
LOAD ./Core/Startup/startup_stm32h750xbhx.o
LOAD ./Drivers/BSP/Components/ft5336/ft5336.o
LOAD ./Drivers/BSP/Components/ft5336/ft5336_reg.o
LOAD ./Drivers/BSP/Components/mt25tl01g/mt25tl01g.o
LOAD ./Drivers/BSP/Components/mt48lc4m32b2/mt48lc4m32b2.o
LOAD ./Drivers/BSP/Components/wm8994/wm8994.o
LOAD ./Drivers/BSP/Components/wm8994/wm8994_reg.o
LOAD ./Drivers/BSP/STM32H750B-DK/stm32h750b_discovery.o
LOAD ./Drivers/BSP/STM32H750B-DK/stm32h750b_discovery_audio.o
LOAD ./Drivers/BSP/STM32H750B-DK/stm32h750b_discovery_bus.o
LOAD ./Drivers/BSP/STM32H750B-DK/stm32h750b_discovery_lcd.o
LOAD ./Drivers/BSP/STM32H750B-DK/stm32h750b_discovery_qspi.o
LOAD ./Drivers/BSP/STM32H750B-DK/stm32h750b_discovery_sdram.o
LOAD ./Drivers/BSP/STM32H750B-DK/stm32h750b_discovery_ts.o
LOAD ./Drivers/STM32H7xx_HAL_Driver/Src/stm32h7xx_hal.o
LOAD ./Drivers/STM32H7xx_HAL_Driver/Src/stm32h7xx_hal_adc.o
LOAD ./Drivers/STM32H7xx_HAL_Driver/Src/stm32h7xx_hal_adc_ex.o
LOAD ./Drivers/STM32H7xx_HAL_Driver/Src/stm32h7xx_hal_cec.o
LOAD ./Drivers/STM32H7xx_HAL_Driver/Src/stm32h7xx_hal_comp.o
LOAD ./Drivers/STM32H7xx_HAL_Driver/Src/stm32h7xx_hal_cordic.o
LOAD ./Drivers/STM32H7xx_HAL_Driver/Src/stm32h7xx_hal_cortex.o
LOAD ./Drivers/STM32H7xx_HAL_Driver/Src/stm32h7xx_hal_crc.o
LOAD ./Drivers/STM32H7xx_HAL_Driver/Src/stm32h7xx_hal_crc_ex.o
LOAD ./Drivers/STM32H7xx_HAL_Driver/Src/stm32h7xx_hal_cryp.o
LOAD ./Drivers/STM32H7xx_HAL_Driver/Src/stm32h7xx_hal_cryp_ex.o
LOAD ./Drivers/STM32H7xx_HAL_Driver/Src/stm32h7xx_hal_dac.o
LOAD ./Drivers/STM32H7xx_HAL_Driver/Src/stm32h7xx_hal_dac_ex.o
LOAD ./Drivers/STM32H7xx_HAL_Driver/Src/stm32h7xx_hal_dcmi.o
LOAD ./Drivers/STM32H7xx_HAL_Driver/Src/stm32h7xx_hal_dfsdm.o
LOAD ./Drivers/STM32H7xx_HAL_Driver/Src/stm32h7xx_hal_dfsdm_ex.o
LOAD ./Drivers/STM32H7xx_HAL_Driver/Src/stm32h7xx_hal_dma.o
LOAD ./Drivers/STM32H7xx_HAL_Driver/Src/stm32h7xx_hal_dma2d.o
LOAD ./Drivers/STM32H7xx_HAL_Driver/Src/stm32h7xx_hal_dma_ex.o
LOAD ./Drivers/STM32H7xx_HAL_Driver/Src/stm32h7xx_hal_dsi.o
LOAD ./Drivers/STM32H7xx_HAL_Driver/Src/stm32h7xx_hal_dts.o
LOAD ./Drivers/STM32H7xx_HAL_Driver/Src/stm32h7xx_hal_eth.o
LOAD ./Drivers/STM32H7xx_HAL_Driver/Src/stm32h7xx_hal_eth_ex.o
LOAD ./Drivers/STM32H7xx_HAL_Driver/Src/stm32h7xx_hal_exti.o
LOAD ./Drivers/STM32H7xx_HAL_Driver/Src/stm32h7xx_hal_fdcan.o
LOAD ./Drivers/STM32H7xx_HAL_Driver/Src/stm32h7xx_hal_flash.o
LOAD ./Drivers/STM32H7xx_HAL_Driver/Src/stm32h7xx_hal_flash_ex.o
LOAD ./Drivers/STM32H7xx_HAL_Driver/Src/stm32h7xx_hal_fmac.o
LOAD ./Drivers/STM32H7xx_HAL_Driver/Src/stm32h7xx_hal_gfxmmu.o
LOAD ./Drivers/STM32H7xx_HAL_Driver/Src/stm32h7xx_hal_gpio.o
LOAD ./Drivers/STM32H7xx_HAL_Driver/Src/stm32h7xx_hal_hash.o
LOAD ./Drivers/STM32H7xx_HAL_Driver/Src/stm32h7xx_hal_hash_ex.o
LOAD ./Drivers/STM32H7xx_HAL_Driver/Src/stm32h7xx_hal_hcd.o
LOAD ./Drivers/STM32H7xx_HAL_Driver/Src/stm32h7xx_hal_hrtim.o
LOAD ./Drivers/STM32H7xx_HAL_Driver/Src/stm32h7xx_hal_hsem.o
LOAD ./Drivers/STM32H7xx_HAL_Driver/Src/stm32h7xx_hal_i2c.o
LOAD ./Drivers/STM32H7xx_HAL_Driver/Src/stm32h7xx_hal_i2c_ex.o
LOAD ./Drivers/STM32H7xx_HAL_Driver/Src/stm32h7xx_hal_i2s.o
LOAD ./Drivers/STM32H7xx_HAL_Driver/Src/stm32h7xx_hal_i2s_ex.o
LOAD ./Drivers/STM32H7xx_HAL_Driver/Src/stm32h7xx_hal_irda.o
LOAD ./Drivers/STM32H7xx_HAL_Driver/Src/stm32h7xx_hal_iwdg.o
LOAD ./Drivers/STM32H7xx_HAL_Driver/Src/stm32h7xx_hal_jpeg.o
LOAD ./Drivers/STM32H7xx_HAL_Driver/Src/stm32h7xx_hal_lptim.o
LOAD ./Drivers/STM32H7xx_HAL_Driver/Src/stm32h7xx_hal_ltdc.o
LOAD ./Drivers/STM32H7xx_HAL_Driver/Src/stm32h7xx_hal_ltdc_ex.o
LOAD ./Drivers/STM32H7xx_HAL_Driver/Src/stm32h7xx_hal_mdios.o
LOAD ./Drivers/STM32H7xx_HAL_Driver/Src/stm32h7xx_hal_mdma.o
LOAD ./Drivers/STM32H7xx_HAL_Driver/Src/stm32h7xx_hal_mmc.o
LOAD ./Drivers/STM32H7xx_HAL_Driver/Src/stm32h7xx_hal_mmc_ex.o
LOAD ./Drivers/STM32H7xx_HAL_Driver/Src/stm32h7xx_hal_msp_template.o
LOAD ./Drivers/STM32H7xx_HAL_Driver/Src/stm32h7xx_hal_nand.o
LOAD ./Drivers/STM32H7xx_HAL_Driver/Src/stm32h7xx_hal_nor.o
LOAD ./Drivers/STM32H7xx_HAL_Driver/Src/stm32h7xx_hal_opamp.o
LOAD ./Drivers/STM32H7xx_HAL_Driver/Src/stm32h7xx_hal_opamp_ex.o
LOAD ./Drivers/STM32H7xx_HAL_Driver/Src/stm32h7xx_hal_ospi.o
LOAD ./Drivers/STM32H7xx_HAL_Driver/Src/stm32h7xx_hal_otfdec.o
LOAD ./Drivers/STM32H7xx_HAL_Driver/Src/stm32h7xx_hal_pcd.o
LOAD ./Drivers/STM32H7xx_HAL_Driver/Src/stm32h7xx_hal_pcd_ex.o
LOAD ./Drivers/STM32H7xx_HAL_Driver/Src/stm32h7xx_hal_pssi.o
LOAD ./Drivers/STM32H7xx_HAL_Driver/Src/stm32h7xx_hal_pwr.o
LOAD ./Drivers/STM32H7xx_HAL_Driver/Src/stm32h7xx_hal_pwr_ex.o
LOAD ./Drivers/STM32H7xx_HAL_Driver/Src/stm32h7xx_hal_qspi.o
LOAD ./Drivers/STM32H7xx_HAL_Driver/Src/stm32h7xx_hal_ramecc.o
LOAD ./Drivers/STM32H7xx_HAL_Driver/Src/stm32h7xx_hal_rcc.o
LOAD ./Drivers/STM32H7xx_HAL_Driver/Src/stm32h7xx_hal_rcc_ex.o
LOAD ./Drivers/STM32H7xx_HAL_Driver/Src/stm32h7xx_hal_rng.o
LOAD ./Drivers/STM32H7xx_HAL_Driver/Src/stm32h7xx_hal_rng_ex.o
LOAD ./Drivers/STM32H7xx_HAL_Driver/Src/stm32h7xx_hal_rtc.o
LOAD ./Drivers/STM32H7xx_HAL_Driver/Src/stm32h7xx_hal_rtc_ex.o
LOAD ./Drivers/STM32H7xx_HAL_Driver/Src/stm32h7xx_hal_sai.o
LOAD ./Drivers/STM32H7xx_HAL_Driver/Src/stm32h7xx_hal_sai_ex.o
LOAD ./Drivers/STM32H7xx_HAL_Driver/Src/stm32h7xx_hal_sd.o
LOAD ./Drivers/STM32H7xx_HAL_Driver/Src/stm32h7xx_hal_sd_ex.o
LOAD ./Drivers/STM32H7xx_HAL_Driver/Src/stm32h7xx_hal_sdio.o
LOAD ./Drivers/STM32H7xx_HAL_Driver/Src/stm32h7xx_hal_sdram.o
LOAD ./Drivers/STM32H7xx_HAL_Driver/Src/stm32h7xx_hal_smartcard.o
LOAD ./Drivers/STM32H7xx_HAL_Driver/Src/stm32h7xx_hal_smartcard_ex.o
LOAD ./Drivers/STM32H7xx_HAL_Driver/Src/stm32h7xx_hal_smbus.o
LOAD ./Drivers/STM32H7xx_HAL_Driver/Src/stm32h7xx_hal_smbus_ex.o
LOAD ./Drivers/STM32H7xx_HAL_Driver/Src/stm32h7xx_hal_spdifrx.o
LOAD ./Drivers/STM32H7xx_HAL_Driver/Src/stm32h7xx_hal_spi.o
LOAD ./Drivers/STM32H7xx_HAL_Driver/Src/stm32h7xx_hal_spi_ex.o
LOAD ./Drivers/STM32H7xx_HAL_Driver/Src/stm32h7xx_hal_sram.o
LOAD ./Drivers/STM32H7xx_HAL_Driver/Src/stm32h7xx_hal_swpmi.o
LOAD ./Drivers/STM32H7xx_HAL_Driver/Src/stm32h7xx_hal_tim.o
LOAD ./Drivers/STM32H7xx_HAL_Driver/Src/stm32h7xx_hal_tim_ex.o
LOAD ./Drivers/STM32H7xx_HAL_Driver/Src/stm32h7xx_hal_uart.o
LOAD ./Drivers/STM32H7xx_HAL_Driver/Src/stm32h7xx_hal_uart_ex.o
LOAD ./Drivers/STM32H7xx_HAL_Driver/Src/stm32h7xx_hal_usart.o
LOAD ./Drivers/STM32H7xx_HAL_Driver/Src/stm32h7xx_hal_usart_ex.o
LOAD ./Drivers/STM32H7xx_HAL_Driver/Src/stm32h7xx_hal_wwdg.o
LOAD ./Drivers/STM32H7xx_HAL_Driver/Src/stm32h7xx_ll_fmc.o
LOAD ./Drivers/STM32H7xx_HAL_Driver/Src/stm32h7xx_ll_sdmmc.o
LOAD ./PDM2PCM/App/pdm2pcm.o
LOAD ./Utilities/lcd/stm32_lcd.o
START GROUP
LOAD ../Middlewares/ST/STM32_Audio/Addons/PDM/Lib/libPDMFilter_CM7_GCC_wc32.a
LOAD ../Middlewares/ST/STM32_Audio/Addons/PDM/Lib/libPDMFilter_CM7_IAR_wc32.a
END GROUP
START GROUP
LOAD /opt/st/stm32cubeide_2.0.0/plugins/com.st.stm32cube.ide.mcu.externaltools.gnu-tools-for-stm32.13.3.rel1.linux64_1.0.100.202509120712/tools/bin/../lib/gcc/arm-none-eabi/13.3.1/../../../../arm-none-eabi/lib/thumb/v7e-m+dp/hard/libc_nano.a
LOAD /opt/st/stm32cubeide_2.0.0/plugins/com.st.stm32cube.ide.mcu.externaltools.gnu-tools-for-stm32.13.3.rel1.linux64_1.0.100.202509120712/tools/bin/../lib/gcc/arm-none-eabi/13.3.1/../../../../arm-none-eabi/lib/thumb/v7e-m+dp/hard/libm.a
END GROUP
START GROUP
LOAD /opt/st/stm32cubeide_2.0.0/plugins/com.st.stm32cube.ide.mcu.externaltools.gnu-tools-for-stm32.13.3.rel1.linux64_1.0.100.202509120712/tools/bin/../lib/gcc/arm-none-eabi/13.3.1/thumb/v7e-m+dp/hard/libgcc.a
LOAD /opt/st/stm32cubeide_2.0.0/plugins/com.st.stm32cube.ide.mcu.externaltools.gnu-tools-for-stm32.13.3.rel1.linux64_1.0.100.202509120712/tools/bin/../lib/gcc/arm-none-eabi/13.3.1/../../../../arm-none-eabi/lib/thumb/v7e-m+dp/hard/libc_nano.a
END GROUP
START GROUP
LOAD /opt/st/stm32cubeide_2.0.0/plugins/com.st.stm32cube.ide.mcu.externaltools.gnu-tools-for-stm32.13.3.rel1.linux64_1.0.100.202509120712/tools/bin/../lib/gcc/arm-none-eabi/13.3.1/thumb/v7e-m+dp/hard/libgcc.a
LOAD /opt/st/stm32cubeide_2.0.0/plugins/com.st.stm32cube.ide.mcu.externaltools.gnu-tools-for-stm32.13.3.rel1.linux64_1.0.100.202509120712/tools/bin/../lib/gcc/arm-none-eabi/13.3.1/../../../../arm-none-eabi/lib/thumb/v7e-m+dp/hard/libc_nano.a
LOAD /opt/st/stm32cubeide_2.0.0/plugins/com.st.stm32cube.ide.mcu.externaltools.gnu-tools-for-stm32.13.3.rel1.linux64_1.0.100.202509120712/tools/bin/../lib/gcc/arm-none-eabi/13.3.1/../../../../arm-none-eabi/lib/thumb/v7e-m+dp/hard/libnosys.a
END GROUP
START GROUP
LOAD /opt/st/stm32cubeide_2.0.0/plugins/com.st.stm32cube.ide.mcu.externaltools.gnu-tools-for-stm32.13.3.rel1.linux64_1.0.100.202509120712/tools/bin/../lib/gcc/arm-none-eabi/13.3.1/thumb/v7e-m+dp/hard/libgcc.a
LOAD /opt/st/stm32cubeide_2.0.0/plugins/com.st.stm32cube.ide.mcu.externaltools.gnu-tools-for-stm32.13.3.rel1.linux64_1.0.100.202509120712/tools/bin/../lib/gcc/arm-none-eabi/13.3.1/../../../../arm-none-eabi/lib/thumb/v7e-m+dp/hard/libc_nano.a
LOAD /opt/st/stm32cubeide_2.0.0/plugins/com.st.stm32cube.ide.mcu.externaltools.gnu-tools-for-stm32.13.3.rel1.linux64_1.0.100.202509120712/tools/bin/../lib/gcc/arm-none-eabi/13.3.1/../../../../arm-none-eabi/lib/thumb/v7e-m+dp/hard/libnosys.a
END GROUP
LOAD /opt/st/stm32cubeide_2.0.0/plugins/com.st.stm32cube.ide.mcu.externaltools.gnu-tools-for-stm32.13.3.rel1.linux64_1.0.100.202509120712/tools/bin/../lib/gcc/arm-none-eabi/13.3.1/thumb/v7e-m+dp/hard/crtend.o
LOAD /opt/st/stm32cubeide_2.0.0/plugins/com.st.stm32cube.ide.mcu.externaltools.gnu-tools-for-stm32.13.3.rel1.linux64_1.0.100.202509120712/tools/bin/../lib/gcc/arm-none-eabi/13.3.1/thumb/v7e-m+dp/hard/crtn.o
                0x24080000                        _estack = (ORIGIN (RAM_D1) + LENGTH (RAM_D1))
                0x00000200                        _Min_Heap_Size = 0x200
                0x00000400                        _Min_Stack_Size = 0x400

.isr_vector     0x08000000      0x298
                0x08000000                        . = ALIGN (0x4)
 *(.isr_vector)
 .isr_vector    0x08000000      0x298 ./Core/Startup/startup_stm32h750xbhx.o
                0x08000000                g_pfnVectors
                0x08000298                        . = ALIGN (0x4)

.text           0x080002a0    0x1270c
                0x080002a0                        . = ALIGN (0x4)
 *(.text)
 .text          0x080002a0       0x40 /opt/st/stm32cubeide_2.0.0/plugins/com.st.stm32cube.ide.mcu.externaltools.gnu-tools-for-stm32.13.3.rel1.linux64_1.0.100.202509120712/tools/bin/../lib/gcc/arm-none-eabi/13.3.1/thumb/v7e-m+dp/hard/crtbegin.o
 .text          0x080002e0       0xa0 /opt/st/stm32cubeide_2.0.0/plugins/com.st.stm32cube.ide.mcu.externaltools.gnu-tools-for-stm32.13.3.rel1.linux64_1.0.100.202509120712/tools/bin/../lib/gcc/arm-none-eabi/13.3.1/../../../../arm-none-eabi/lib/thumb/v7e-m+dp/hard/libc_nano.a(libc_a-memchr.o)
                0x080002e0                memchr
 .text          0x08000380       0x10 /opt/st/stm32cubeide_2.0.0/plugins/com.st.stm32cube.ide.mcu.externaltools.gnu-tools-for-stm32.13.3.rel1.linux64_1.0.100.202509120712/tools/bin/../lib/gcc/arm-none-eabi/13.3.1/../../../../arm-none-eabi/lib/thumb/v7e-m+dp/hard/libc_nano.a(libc_a-strlen.o)
                0x08000380                strlen
 .text          0x08000390       0x30 /opt/st/stm32cubeide_2.0.0/plugins/com.st.stm32cube.ide.mcu.externaltools.gnu-tools-for-stm32.13.3.rel1.linux64_1.0.100.202509120712/tools/bin/../lib/gcc/arm-none-eabi/13.3.1/thumb/v7e-m+dp/hard/libgcc.a(_aeabi_uldivmod.o)
                0x08000390                __aeabi_uldivmod
 .text          0x080003c0      0x2f8 /opt/st/stm32cubeide_2.0.0/plugins/com.st.stm32cube.ide.mcu.externaltools.gnu-tools-for-stm32.13.3.rel1.linux64_1.0.100.202509120712/tools/bin/../lib/gcc/arm-none-eabi/13.3.1/thumb/v7e-m+dp/hard/libgcc.a(_udivmoddi4.o)
                0x080003c0                __udivmoddi4
 .text          0x080006b8        0x4 /opt/st/stm32cubeide_2.0.0/plugins/com.st.stm32cube.ide.mcu.externaltools.gnu-tools-for-stm32.13.3.rel1.linux64_1.0.100.202509120712/tools/bin/../lib/gcc/arm-none-eabi/13.3.1/thumb/v7e-m+dp/hard/libgcc.a(_dvmd_tls.o)
                0x080006b8                __aeabi_ldiv0
                0x080006b8                __aeabi_idiv0
 *(.text*)
 .text.MX_ADC3_Init
                0x080006bc       0xd0 ./Core/Src/adc.o
                0x080006bc                MX_ADC3_Init
 .text.HAL_ADC_MspInit
                0x0800078c      0x190 ./Core/Src/adc.o
                0x0800078c                HAL_ADC_MspInit
 .text.segment_config
                0x0800091c       0x52 ./Core/Src/audio_plotter.o
                0x0800091c                segment_config
 *fill*         0x0800096e        0x2 
 .text.init_plotter
                0x08000970       0x84 ./Core/Src/audio_plotter.o
                0x08000970                init_plotter
 .text.plot_audio
                0x080009f4       0xb4 ./Core/Src/audio_plotter.o
                0x080009f4                plot_audio
 .text.error_handler
                0x08000aa8       0x16 ./Core/Src/audio_plotter.o
                0x08000aa8                error_handler
 *fill*         0x08000abe        0x2 
 .text.plot_segment_minmax
                0x08000ac0      0x1b0 ./Core/Src/audio_plotter_draw.o
                0x08000ac0                plot_segment_minmax
 .text.draw_segment
                0x08000c70       0x92 ./Core/Src/audio_plotter_draw.o
                0x08000c70                draw_segment
 .text.simple_downsample
                0x08000d02       0x8e ./Core/Src/audio_plotter_sample.o
                0x08000d02                simple_downsample
 .text.peak_downsample
                0x08000d90       0xec ./Core/Src/audio_plotter_sample.o
                0x08000d90                peak_downsample
 .text.avg_downsample
                0x08000e7c       0xc4 ./Core/Src/audio_plotter_sample.o
                0x08000e7c                avg_downsample
 .text.sample   0x08000f40       0xe4 ./Core/Src/audio_plotter_sample.o
                0x08000f40                sample
 .text.queue_push
                0x08001024       0x84 ./Core/Src/audio_queue.o
                0x08001024                queue_push
 .text.queue_pop
                0x080010a8       0x98 ./Core/Src/audio_queue.o
                0x080010a8                queue_pop
 .text.MX_DMA_Init
                0x08001140       0x40 ./Core/Src/dma.o
                0x08001140                MX_DMA_Init
 .text.main     0x08001180       0xfc ./Core/Src/main.o
                0x08001180                main
 .text.SystemClock_Config
                0x0800127c      0x148 ./Core/Src/main.o
 .text.Display_DemoDescription
                0x080013c4       0xe0 ./Core/Src/main.o
 .text.CheckForUserInput
                0x080014a4       0x18 ./Core/Src/main.o
                0x080014a4                CheckForUserInput
 .text.BSP_PB_Callback
                0x080014bc       0x28 ./Core/Src/main.o
                0x080014bc                BSP_PB_Callback
 .text.Error_Handler
                0x080014e4        0xe ./Core/Src/main.o
                0x080014e4                Error_Handler
 .text.MPU_Config
                0x080014f2       0x4e ./Core/Src/main.o
 .text.CPU_CACHE_Enable
                0x08001540       0xdc ./Core/Src/main.o
 .text.get_system_clock
                0x0800161c        0xe ./Core/Src/measureCycles.o
                0x0800161c                get_system_clock
 *fill*         0x0800162a        0x2 
 .text.DWT_Init
                0x0800162c       0x34 ./Core/Src/measureCycles.o
                0x0800162c                DWT_Init
 .text.DWT_GetCycles
                0x08001660       0x18 ./Core/Src/measureCycles.o
                0x08001660                DWT_GetCycles
 .text.PlotAdcDemo
                0x08001678      0x144 ./Core/Src/plot_adc.o
                0x08001678                PlotAdcDemo
 .text.HAL_ADC_ConvCpltCallback
                0x080017bc       0xb8 ./Core/Src/plot_adc.o
                0x080017bc                HAL_ADC_ConvCpltCallback
 .text.HAL_ADC_ConvHalfCpltCallback
                0x08001874       0x94 ./Core/Src/plot_adc.o
                0x08001874                HAL_ADC_ConvHalfCpltCallback
 .text.NMI_Handler
                0x08001908        0xe ./Core/Src/stm32h7xx_it.o
                0x08001908                NMI_Handler
 .text.HardFault_Handler
                0x08001916        0x8 ./Core/Src/stm32h7xx_it.o
                0x08001916                HardFault_Handler
 .text.MemManage_Handler
                0x0800191e        0x8 ./Core/Src/stm32h7xx_it.o
                0x0800191e                MemManage_Handler
 .text.BusFault_Handler
                0x08001926        0x8 ./Core/Src/stm32h7xx_it.o
                0x08001926                BusFault_Handler
 .text.UsageFault_Handler
                0x0800192e        0x8 ./Core/Src/stm32h7xx_it.o
                0x0800192e                UsageFault_Handler
 .text.SVC_Handler
                0x08001936        0xe ./Core/Src/stm32h7xx_it.o
                0x08001936                SVC_Handler
 .text.DebugMon_Handler
                0x08001944        0xe ./Core/Src/stm32h7xx_it.o
                0x08001944                DebugMon_Handler
 .text.PendSV_Handler
                0x08001952        0xe ./Core/Src/stm32h7xx_it.o
                0x08001952                PendSV_Handler
 .text.SysTick_Handler
                0x08001960        0xc ./Core/Src/stm32h7xx_it.o
                0x08001960                SysTick_Handler
 .text.EXTI15_10_IRQHandler
                0x0800196c        0xe ./Core/Src/stm32h7xx_it.o
                0x0800196c                EXTI15_10_IRQHandler
 .text.DMA2_Stream1_IRQHandler
                0x0800197a        0xe ./Core/Src/stm32h7xx_it.o
                0x0800197a                DMA2_Stream1_IRQHandler
 .text.DMA2_Stream4_IRQHandler
                0x08001988       0x18 ./Core/Src/stm32h7xx_it.o
                0x08001988                DMA2_Stream4_IRQHandler
 .text.BDMA_Channel1_IRQHandler
                0x080019a0       0x10 ./Core/Src/stm32h7xx_it.o
                0x080019a0                BDMA_Channel1_IRQHandler
 .text.MDMA_IRQHandler
                0x080019b0        0xe ./Core/Src/stm32h7xx_it.o
                0x080019b0                MDMA_IRQHandler
 *fill*         0x080019be        0x2 
 .text.DMA1_Stream1_IRQHandler
                0x080019c0       0x14 ./Core/Src/stm32h7xx_it.o
                0x080019c0                DMA1_Stream1_IRQHandler
 .text._getpid  0x080019d4       0x10 ./Core/Src/syscalls.o
                0x080019d4                _getpid
 .text._kill    0x080019e4       0x20 ./Core/Src/syscalls.o
                0x080019e4                _kill
 .text._exit    0x08001a04       0x16 ./Core/Src/syscalls.o
                0x08001a04                _exit
 .text._read    0x08001a1a       0x3a ./Core/Src/syscalls.o
                0x08001a1a                _read
 .text._write   0x08001a54       0x38 ./Core/Src/syscalls.o
                0x08001a54                _write
 .text._close   0x08001a8c       0x18 ./Core/Src/syscalls.o
                0x08001a8c                _close
 .text._fstat   0x08001aa4       0x20 ./Core/Src/syscalls.o
                0x08001aa4                _fstat
 .text._isatty  0x08001ac4       0x16 ./Core/Src/syscalls.o
                0x08001ac4                _isatty
 .text._lseek   0x08001ada       0x1a ./Core/Src/syscalls.o
                0x08001ada                _lseek
 .text._sbrk    0x08001af4       0x6c ./Core/Src/sysmem.o
                0x08001af4                _sbrk
 .text.SystemInit
                0x08001b60      0x110 ./Core/Src/system_stm32h7xx.o
                0x08001b60                SystemInit
 .text.MX_TIM6_Init
                0x08001c70       0x6c ./Core/Src/tim.o
                0x08001c70                MX_TIM6_Init
 .text.HAL_TIM_Base_MspInit
                0x08001cdc       0x44 ./Core/Src/tim.o
                0x08001cdc                HAL_TIM_Base_MspInit
 .text.Reset_Handler
                0x08001d20       0x50 ./Core/Startup/startup_stm32h750xbhx.o
                0x08001d20                Reset_Handler
 .text.Default_Handler
                0x08001d70        0x2 ./Core/Startup/startup_stm32h750xbhx.o
                0x08001d70                RTC_Alarm_IRQHandler
                0x08001d70                HASH_RNG_IRQHandler
                0x08001d70                EXTI2_IRQHandler
                0x08001d70                TIM8_CC_IRQHandler
                0x08001d70                HRTIM1_Master_IRQHandler
                0x08001d70                UART8_IRQHandler
                0x08001d70                SPI4_IRQHandler
                0x08001d70                TIM1_CC_IRQHandler
                0x08001d70                BDMA_Channel6_IRQHandler
                0x08001d70                DMA2_Stream5_IRQHandler
                0x08001d70                HRTIM1_FLT_IRQHandler
                0x08001d70                JPEG_IRQHandler
                0x08001d70                DMA1_Stream5_IRQHandler
                0x08001d70                HRTIM1_TIMD_IRQHandler
                0x08001d70                TAMP_STAMP_IRQHandler
                0x08001d70                EXTI3_IRQHandler
                0x08001d70                LPTIM4_IRQHandler
                0x08001d70                TIM8_TRG_COM_TIM14_IRQHandler
                0x08001d70                LPTIM2_IRQHandler
                0x08001d70                DFSDM1_FLT1_IRQHandler
                0x08001d70                DMAMUX2_OVR_IRQHandler
                0x08001d70                TIM8_UP_TIM13_IRQHandler
                0x08001d70                I2C3_ER_IRQHandler
                0x08001d70                DFSDM1_FLT2_IRQHandler
                0x08001d70                LPTIM3_IRQHandler
                0x08001d70                HSEM1_IRQHandler
                0x08001d70                EXTI0_IRQHandler
                0x08001d70                I2C2_EV_IRQHandler
                0x08001d70                DMA1_Stream2_IRQHandler
                0x08001d70                FPU_IRQHandler
                0x08001d70                OTG_HS_WKUP_IRQHandler
                0x08001d70                FDCAN1_IT1_IRQHandler
                0x08001d70                LTDC_ER_IRQHandler
                0x08001d70                DMA2_Stream2_IRQHandler
                0x08001d70                HRTIM1_TIME_IRQHandler
                0x08001d70                SPI1_IRQHandler
                0x08001d70                TIM6_DAC_IRQHandler
                0x08001d70                DCMI_IRQHandler
                0x08001d70                HRTIM1_TIMC_IRQHandler
                0x08001d70                DMA2_Stream3_IRQHandler
                0x08001d70                SAI2_IRQHandler
                0x08001d70                DFSDM1_FLT3_IRQHandler
                0x08001d70                USART6_IRQHandler
                0x08001d70                TIM17_IRQHandler
                0x08001d70                USART3_IRQHandler
                0x08001d70                BDMA_Channel7_IRQHandler
                0x08001d70                CRYP_IRQHandler
                0x08001d70                LPTIM5_IRQHandler
                0x08001d70                UART5_IRQHandler
                0x08001d70                ADC3_IRQHandler
                0x08001d70                DMA2_Stream0_IRQHandler
                0x08001d70                TIM4_IRQHandler
                0x08001d70                BDMA_Channel2_IRQHandler
                0x08001d70                QUADSPI_IRQHandler
                0x08001d70                I2C1_EV_IRQHandler
                0x08001d70                DMA1_Stream6_IRQHandler
                0x08001d70                DMAMUX1_OVR_IRQHandler
                0x08001d70                TIM16_IRQHandler
                0x08001d70                UART4_IRQHandler
                0x08001d70                BDMA_Channel5_IRQHandler
                0x08001d70                TIM3_IRQHandler
                0x08001d70                RCC_IRQHandler
                0x08001d70                TIM8_BRK_TIM12_IRQHandler
                0x08001d70                TIM1_TRG_COM_IRQHandler
                0x08001d70                Default_Handler
                0x08001d70                ECC_IRQHandler
                0x08001d70                CEC_IRQHandler
                0x08001d70                BDMA_Channel0_IRQHandler
                0x08001d70                ADC_IRQHandler
                0x08001d70                DMA1_Stream7_IRQHandler
                0x08001d70                HRTIM1_TIMA_IRQHandler
                0x08001d70                SPI5_IRQHandler
                0x08001d70                TIM7_IRQHandler
                0x08001d70                SDMMC1_IRQHandler
                0x08001d70                TIM5_IRQHandler
                0x08001d70                DMA2_Stream7_IRQHandler
                0x08001d70                TIM15_IRQHandler
                0x08001d70                PVD_AVD_IRQHandler
                0x08001d70                I2C3_EV_IRQHandler
                0x08001d70                EXTI9_5_IRQHandler
                0x08001d70                RTC_WKUP_IRQHandler
                0x08001d70                LTDC_IRQHandler
                0x08001d70                SAI3_IRQHandler
                0x08001d70                ETH_WKUP_IRQHandler
                0x08001d70                SPDIF_RX_IRQHandler
                0x08001d70                SPI2_IRQHandler
                0x08001d70                OTG_HS_EP1_IN_IRQHandler
                0x08001d70                DMA1_Stream0_IRQHandler
                0x08001d70                CRS_IRQHandler
                0x08001d70                EXTI4_IRQHandler
                0x08001d70                HRTIM1_TIMB_IRQHandler
                0x08001d70                FDCAN2_IT1_IRQHandler
                0x08001d70                ETH_IRQHandler
                0x08001d70                TIM1_UP_IRQHandler
                0x08001d70                BDMA_Channel4_IRQHandler
                0x08001d70                OTG_HS_EP1_OUT_IRQHandler
                0x08001d70                WWDG_IRQHandler
                0x08001d70                SPI6_IRQHandler
                0x08001d70                MDIOS_IRQHandler
                0x08001d70                I2C4_EV_IRQHandler
                0x08001d70                FDCAN2_IT0_IRQHandler
                0x08001d70                LPUART1_IRQHandler
                0x08001d70                FDCAN1_IT0_IRQHandler
                0x08001d70                TIM2_IRQHandler
                0x08001d70                OTG_FS_WKUP_IRQHandler
                0x08001d70                OTG_HS_IRQHandler
                0x08001d70                DMA2D_IRQHandler
                0x08001d70                TIM1_BRK_IRQHandler
                0x08001d70                EXTI1_IRQHandler
                0x08001d70                SDMMC2_IRQHandler
                0x08001d70                OTG_FS_EP1_OUT_IRQHandler
                0x08001d70                BDMA_Channel3_IRQHandler
                0x08001d70                UART7_IRQHandler
                0x08001d70                MDIOS_WKUP_IRQHandler
                0x08001d70                USART2_IRQHandler
                0x08001d70                DFSDM1_FLT0_IRQHandler
                0x08001d70                SAI4_IRQHandler
                0x08001d70                I2C2_ER_IRQHandler
                0x08001d70                FLASH_IRQHandler
                0x08001d70                USART1_IRQHandler
                0x08001d70                OTG_FS_IRQHandler
                0x08001d70                SPI3_IRQHandler
                0x08001d70                WAKEUP_PIN_IRQHandler
                0x08001d70                DMA1_Stream4_IRQHandler
                0x08001d70                OTG_FS_EP1_IN_IRQHandler
                0x08001d70                I2C1_ER_IRQHandler
                0x08001d70                FMC_IRQHandler
                0x08001d70                FDCAN_CAL_IRQHandler
                0x08001d70                SWPMI1_IRQHandler
                0x08001d70                COMP1_IRQHandler
                0x08001d70                LPTIM1_IRQHandler
                0x08001d70                I2C4_ER_IRQHandler
                0x08001d70                DMA2_Stream6_IRQHandler
                0x08001d70                SAI1_IRQHandler
                0x08001d70                DMA1_Stream3_IRQHandler
 *fill*         0x08001d72        0x2 
 .text.FT5336_RegisterBusIO
                0x08001d74       0x84 ./Drivers/BSP/Components/ft5336/ft5336.o
                0x08001d74                FT5336_RegisterBusIO
 .text.FT5336_ReadID
                0x08001df8       0x20 ./Drivers/BSP/Components/ft5336/ft5336.o
                0x08001df8                FT5336_ReadID
 .text.ReadRegWrap
                0x08001e18       0x34 ./Drivers/BSP/Components/ft5336/ft5336.o
 .text.WriteRegWrap
                0x08001e4c       0x34 ./Drivers/BSP/Components/ft5336/ft5336.o
 .text.ft5336_read_reg
                0x08001e80       0x2e ./Drivers/BSP/Components/ft5336/ft5336_reg.o
                0x08001e80                ft5336_read_reg
 .text.ft5336_chip_id
                0x08001eae       0x38 ./Drivers/BSP/Components/ft5336/ft5336_reg.o
                0x08001eae                ft5336_chip_id
 .text.MT25TL01G_GetFlashInfo
                0x08001ee6       0x4e ./Drivers/BSP/Components/mt25tl01g/mt25tl01g.o
                0x08001ee6                MT25TL01G_GetFlashInfo
 .text.MT25TL01G_Enter4BytesAddressMode
                0x08001f34       0x90 ./Drivers/BSP/Components/mt25tl01g/mt25tl01g.o
                0x08001f34                MT25TL01G_Enter4BytesAddressMode
 .text.MT25TL01G_AutoPollingMemReady
                0x08001fc4       0x78 ./Drivers/BSP/Components/mt25tl01g/mt25tl01g.o
                0x08001fc4                MT25TL01G_AutoPollingMemReady
 .text.MT25TL01G_WriteEnable
                0x0800203c       0xb6 ./Drivers/BSP/Components/mt25tl01g/mt25tl01g.o
                0x0800203c                MT25TL01G_WriteEnable
 .text.MT25TL01G_EnterQPIMode
                0x080020f2       0x54 ./Drivers/BSP/Components/mt25tl01g/mt25tl01g.o
                0x080020f2                MT25TL01G_EnterQPIMode
 .text.MT25TL01G_ExitQPIMode
                0x08002146       0x54 ./Drivers/BSP/Components/mt25tl01g/mt25tl01g.o
                0x08002146                MT25TL01G_ExitQPIMode
 *fill*         0x0800219a        0x2 
 .text.MT25TL01G_EnableMemoryMappedModeDTR
                0x0800219c       0xd4 ./Drivers/BSP/Components/mt25tl01g/mt25tl01g.o
                0x0800219c                MT25TL01G_EnableMemoryMappedModeDTR
 .text.MT25TL01G_EnableMemoryMappedModeSTR
                0x08002270       0xd0 ./Drivers/BSP/Components/mt25tl01g/mt25tl01g.o
                0x08002270                MT25TL01G_EnableMemoryMappedModeSTR
 .text.MT25TL01G_ResetEnable
                0x08002340       0x64 ./Drivers/BSP/Components/mt25tl01g/mt25tl01g.o
                0x08002340                MT25TL01G_ResetEnable
 .text.MT25TL01G_ResetMemory
                0x080023a4       0x64 ./Drivers/BSP/Components/mt25tl01g/mt25tl01g.o
                0x080023a4                MT25TL01G_ResetMemory
 .text.MT48LC4M32B2_Init
                0x08002408       0x7e ./Drivers/BSP/Components/mt48lc4m32b2/mt48lc4m32b2.o
                0x08002408                MT48LC4M32B2_Init
 *fill*         0x08002486        0x2 
 .text.MT48LC4M32B2_ClockEnable
                0x08002488       0x48 ./Drivers/BSP/Components/mt48lc4m32b2/mt48lc4m32b2.o
                0x08002488                MT48LC4M32B2_ClockEnable
 .text.MT48LC4M32B2_Precharge
                0x080024d0       0x48 ./Drivers/BSP/Components/mt48lc4m32b2/mt48lc4m32b2.o
                0x080024d0                MT48LC4M32B2_Precharge
 .text.MT48LC4M32B2_ModeRegConfig
                0x08002518       0x68 ./Drivers/BSP/Components/mt48lc4m32b2/mt48lc4m32b2.o
                0x08002518                MT48LC4M32B2_ModeRegConfig
 .text.MT48LC4M32B2_RefreshMode
                0x08002580       0x4c ./Drivers/BSP/Components/mt48lc4m32b2/mt48lc4m32b2.o
                0x08002580                MT48LC4M32B2_RefreshMode
 .text.MT48LC4M32B2_RefreshRate
                0x080025cc       0x28 ./Drivers/BSP/Components/mt48lc4m32b2/mt48lc4m32b2.o
                0x080025cc                MT48LC4M32B2_RefreshRate
 .text.MT48LC4M32B2_Delay
                0x080025f4       0x2a ./Drivers/BSP/Components/mt48lc4m32b2/mt48lc4m32b2.o
 *fill*         0x0800261e        0x2 
 .text.BSP_LED_Init
                0x08002620       0xbc ./Drivers/BSP/STM32H750B-DK/stm32h750b_discovery.o
                0x08002620                BSP_LED_Init
 .text.BSP_LED_On
                0x080026dc       0x3c ./Drivers/BSP/STM32H750B-DK/stm32h750b_discovery.o
                0x080026dc                BSP_LED_On
 .text.BSP_PB_Init
                0x08002718       0xe4 ./Drivers/BSP/STM32H750B-DK/stm32h750b_discovery.o
                0x08002718                BSP_PB_Init
 .text.BSP_PB_IRQHandler
                0x080027fc       0x24 ./Drivers/BSP/STM32H750B-DK/stm32h750b_discovery.o
                0x080027fc                BSP_PB_IRQHandler
 .text.BUTTON_USER_EXTI_Callback
                0x08002820        0xe ./Drivers/BSP/STM32H750B-DK/stm32h750b_discovery.o
 *fill*         0x0800282e        0x2 
 .text.BSP_AUDIO_OUT_IRQHandler
                0x08002830       0x28 ./Drivers/BSP/STM32H750B-DK/stm32h750b_discovery_audio.o
                0x08002830                BSP_AUDIO_OUT_IRQHandler
 .text.BSP_AUDIO_IN_IRQHandler
                0x08002858       0x30 ./Drivers/BSP/STM32H750B-DK/stm32h750b_discovery_audio.o
                0x08002858                BSP_AUDIO_IN_IRQHandler
 .text.BSP_I2C4_Init
                0x08002888       0x74 ./Drivers/BSP/STM32H750B-DK/stm32h750b_discovery_bus.o
                0x08002888                BSP_I2C4_Init
 .text.MX_I2C4_Init
                0x080028fc       0x84 ./Drivers/BSP/STM32H750B-DK/stm32h750b_discovery_bus.o
                0x080028fc                MX_I2C4_Init
 .text.BSP_I2C4_ReadReg
                0x08002980       0x5c ./Drivers/BSP/STM32H750B-DK/stm32h750b_discovery_bus.o
                0x08002980                BSP_I2C4_ReadReg
 .text.I2C_GetTiming
                0x080029dc      0x100 ./Drivers/BSP/STM32H750B-DK/stm32h750b_discovery_bus.o
 .text.I2C_Compute_PRESC_SCLDEL_SDADEL
                0x08002adc      0x1dc ./Drivers/BSP/STM32H750B-DK/stm32h750b_discovery_bus.o
 .text.I2C_Compute_SCLL_SCLH
                0x08002cb8      0x210 ./Drivers/BSP/STM32H750B-DK/stm32h750b_discovery_bus.o
 .text.I2C4_MspInit
                0x08002ec8       0xd8 ./Drivers/BSP/STM32H750B-DK/stm32h750b_discovery_bus.o
 .text.I2C4_ReadReg
                0x08002fa0       0x4c ./Drivers/BSP/STM32H750B-DK/stm32h750b_discovery_bus.o
 .text.BSP_LCD_Init
                0x08002fec       0x28 ./Drivers/BSP/STM32H750B-DK/stm32h750b_discovery_lcd.o
                0x08002fec                BSP_LCD_Init
 .text.BSP_LCD_InitEx
                0x08003014      0x1b4 ./Drivers/BSP/STM32H750B-DK/stm32h750b_discovery_lcd.o
                0x08003014                BSP_LCD_InitEx
 .text.MX_LTDC_Init
                0x080031c8       0x98 ./Drivers/BSP/STM32H750B-DK/stm32h750b_discovery_lcd.o
                0x080031c8                MX_LTDC_Init
 .text.MX_LTDC_ConfigLayer
                0x08003260       0x84 ./Drivers/BSP/STM32H750B-DK/stm32h750b_discovery_lcd.o
                0x08003260                MX_LTDC_ConfigLayer
 .text.MX_LTDC_ClockConfig
                0x080032e4       0x44 ./Drivers/BSP/STM32H750B-DK/stm32h750b_discovery_lcd.o
                0x080032e4                MX_LTDC_ClockConfig
 .text.BSP_LCD_GetPixelFormat
                0x08003328       0x40 ./Drivers/BSP/STM32H750B-DK/stm32h750b_discovery_lcd.o
                0x08003328                BSP_LCD_GetPixelFormat
 .text.BSP_LCD_SetActiveLayer
                0x08003368       0x3c ./Drivers/BSP/STM32H750B-DK/stm32h750b_discovery_lcd.o
                0x08003368                BSP_LCD_SetActiveLayer
 .text.BSP_LCD_GetXSize
                0x080033a4       0x3c ./Drivers/BSP/STM32H750B-DK/stm32h750b_discovery_lcd.o
                0x080033a4                BSP_LCD_GetXSize
 .text.BSP_LCD_GetYSize
                0x080033e0       0x40 ./Drivers/BSP/STM32H750B-DK/stm32h750b_discovery_lcd.o
                0x080033e0                BSP_LCD_GetYSize
 .text.BSP_LCD_DrawBitmap
                0x08003420      0x184 ./Drivers/BSP/STM32H750B-DK/stm32h750b_discovery_lcd.o
                0x08003420                BSP_LCD_DrawBitmap
 .text.BSP_LCD_FillRGBRect
                0x080035a4       0x94 ./Drivers/BSP/STM32H750B-DK/stm32h750b_discovery_lcd.o
                0x080035a4                BSP_LCD_FillRGBRect
 .text.BSP_LCD_DrawHLine
                0x08003638       0x9c ./Drivers/BSP/STM32H750B-DK/stm32h750b_discovery_lcd.o
                0x08003638                BSP_LCD_DrawHLine
 .text.BSP_LCD_DrawVLine
                0x080036d4       0xa8 ./Drivers/BSP/STM32H750B-DK/stm32h750b_discovery_lcd.o
                0x080036d4                BSP_LCD_DrawVLine
 .text.BSP_LCD_FillRect
                0x0800377c       0x84 ./Drivers/BSP/STM32H750B-DK/stm32h750b_discovery_lcd.o
                0x0800377c                BSP_LCD_FillRect
 .text.BSP_LCD_ReadPixel
                0x08003800       0xb8 ./Drivers/BSP/STM32H750B-DK/stm32h750b_discovery_lcd.o
                0x08003800                BSP_LCD_ReadPixel
 .text.BSP_LCD_WritePixel
                0x080038b8       0xb4 ./Drivers/BSP/STM32H750B-DK/stm32h750b_discovery_lcd.o
                0x080038b8                BSP_LCD_WritePixel
 .text.LL_FillBuffer
                0x0800396c       0xd4 ./Drivers/BSP/STM32H750B-DK/stm32h750b_discovery_lcd.o
 .text.LL_ConvertLineToRGB
                0x08003a40       0xa8 ./Drivers/BSP/STM32H750B-DK/stm32h750b_discovery_lcd.o
 .text.LTDC_MspInit
                0x08003ae8      0x198 ./Drivers/BSP/STM32H750B-DK/stm32h750b_discovery_lcd.o
 .text.DMA2D_MspInit
                0x08003c80       0x5c ./Drivers/BSP/STM32H750B-DK/stm32h750b_discovery_lcd.o
 .text.TIMx_PWM_MspInit
                0x08003cdc       0x74 ./Drivers/BSP/STM32H750B-DK/stm32h750b_discovery_lcd.o
 .text.TIMx_PWM_Init
                0x08003d50       0x54 ./Drivers/BSP/STM32H750B-DK/stm32h750b_discovery_lcd.o
 .text.BSP_QSPI_Init
                0x08003da4      0x154 ./Drivers/BSP/STM32H750B-DK/stm32h750b_discovery_qspi.o
                0x08003da4                BSP_QSPI_Init
 .text.MX_QSPI_Init
                0x08003ef8       0x60 ./Drivers/BSP/STM32H750B-DK/stm32h750b_discovery_qspi.o
                0x08003ef8                MX_QSPI_Init
 .text.BSP_QSPI_EnableMemoryMappedMode
                0x08003f58       0xb8 ./Drivers/BSP/STM32H750B-DK/stm32h750b_discovery_qspi.o
                0x08003f58                BSP_QSPI_EnableMemoryMappedMode
 .text.BSP_QSPI_ConfigFlash
                0x08004010      0x104 ./Drivers/BSP/STM32H750B-DK/stm32h750b_discovery_qspi.o
                0x08004010                BSP_QSPI_ConfigFlash
 .text.QSPI_MspInit
                0x08004114      0x290 ./Drivers/BSP/STM32H750B-DK/stm32h750b_discovery_qspi.o
 .text.QSPI_ResetMemory
                0x080043a4       0xd8 ./Drivers/BSP/STM32H750B-DK/stm32h750b_discovery_qspi.o
 .text.QSPI_DummyCyclesCfg
                0x0800447c      0x100 ./Drivers/BSP/STM32H750B-DK/stm32h750b_discovery_qspi.o
 .text.BSP_SDRAM_Init
                0x0800457c       0xb8 ./Drivers/BSP/STM32H750B-DK/stm32h750b_discovery_sdram.o
                0x0800457c                BSP_SDRAM_Init
 .text.MX_SDRAM_BANK2_Init
                0x08004634       0x98 ./Drivers/BSP/STM32H750B-DK/stm32h750b_discovery_sdram.o
                0x08004634                MX_SDRAM_BANK2_Init
 .text.BSP_SDRAM_IRQHandler
                0x080046cc       0x2c ./Drivers/BSP/STM32H750B-DK/stm32h750b_discovery_sdram.o
                0x080046cc                BSP_SDRAM_IRQHandler
 .text.SDRAM_MspInit
                0x080046f8      0x1fc ./Drivers/BSP/STM32H750B-DK/stm32h750b_discovery_sdram.o
 .text.HAL_Init
                0x080048f4       0x78 ./Drivers/STM32H7xx_HAL_Driver/Src/stm32h7xx_hal.o
                0x080048f4                HAL_Init
 .text.HAL_InitTick
                0x0800496c       0x6c ./Drivers/STM32H7xx_HAL_Driver/Src/stm32h7xx_hal.o
                0x0800496c                HAL_InitTick
 .text.HAL_IncTick
                0x080049d8       0x28 ./Drivers/STM32H7xx_HAL_Driver/Src/stm32h7xx_hal.o
                0x080049d8                HAL_IncTick
 .text.HAL_GetTick
                0x08004a00       0x18 ./Drivers/STM32H7xx_HAL_Driver/Src/stm32h7xx_hal.o
                0x08004a00                HAL_GetTick
 .text.HAL_Delay
                0x08004a18       0x48 ./Drivers/STM32H7xx_HAL_Driver/Src/stm32h7xx_hal.o
                0x08004a18                HAL_Delay
 .text.HAL_GetREVID
                0x08004a60       0x18 ./Drivers/STM32H7xx_HAL_Driver/Src/stm32h7xx_hal.o
                0x08004a60                HAL_GetREVID
 .text.HAL_SYSCFG_AnalogSwitchConfig
                0x08004a78       0x2c ./Drivers/STM32H7xx_HAL_Driver/Src/stm32h7xx_hal.o
                0x08004a78                HAL_SYSCFG_AnalogSwitchConfig
 .text.HAL_EnableCompensationCell
                0x08004aa4       0x20 ./Drivers/STM32H7xx_HAL_Driver/Src/stm32h7xx_hal.o
                0x08004aa4                HAL_EnableCompensationCell
 .text.LL_ADC_SetCommonClock
                0x08004ac4       0x26 ./Drivers/STM32H7xx_HAL_Driver/Src/stm32h7xx_hal_adc.o
 .text.LL_ADC_SetCommonPathInternalCh
                0x08004aea       0x26 ./Drivers/STM32H7xx_HAL_Driver/Src/stm32h7xx_hal_adc.o
 .text.LL_ADC_GetCommonPathInternalCh
                0x08004b10       0x1c ./Drivers/STM32H7xx_HAL_Driver/Src/stm32h7xx_hal_adc.o
 .text.LL_ADC_SetOffset
                0x08004b2c       0x40 ./Drivers/STM32H7xx_HAL_Driver/Src/stm32h7xx_hal_adc.o
 .text.LL_ADC_SetDataRightShift
                0x08004b6c       0x32 ./Drivers/STM32H7xx_HAL_Driver/Src/stm32h7xx_hal_adc.o
 .text.LL_ADC_SetOffsetSignedSaturation
                0x08004b9e       0x36 ./Drivers/STM32H7xx_HAL_Driver/Src/stm32h7xx_hal_adc.o
 .text.LL_ADC_REG_IsTriggerSourceSWStart
                0x08004bd4       0x26 ./Drivers/STM32H7xx_HAL_Driver/Src/stm32h7xx_hal_adc.o
 .text.LL_ADC_REG_SetSequencerRanks
                0x08004bfa       0x58 ./Drivers/STM32H7xx_HAL_Driver/Src/stm32h7xx_hal_adc.o
 .text.LL_ADC_REG_SetDataTransferMode
                0x08004c52       0x26 ./Drivers/STM32H7xx_HAL_Driver/Src/stm32h7xx_hal_adc.o
 .text.LL_ADC_SetChannelSamplingTime
                0x08004c78       0x56 ./Drivers/STM32H7xx_HAL_Driver/Src/stm32h7xx_hal_adc.o
 *fill*         0x08004cce        0x2 
 .text.LL_ADC_SetChannelSingleDiff
                0x08004cd0       0x48 ./Drivers/STM32H7xx_HAL_Driver/Src/stm32h7xx_hal_adc.o
 .text.LL_ADC_GetMultimode
                0x08004d18       0x1c ./Drivers/STM32H7xx_HAL_Driver/Src/stm32h7xx_hal_adc.o
 .text.LL_ADC_DisableDeepPowerDown
                0x08004d34       0x24 ./Drivers/STM32H7xx_HAL_Driver/Src/stm32h7xx_hal_adc.o
 .text.LL_ADC_IsDeepPowerDownEnabled
                0x08004d58       0x28 ./Drivers/STM32H7xx_HAL_Driver/Src/stm32h7xx_hal_adc.o
 .text.LL_ADC_EnableInternalRegulator
                0x08004d80       0x28 ./Drivers/STM32H7xx_HAL_Driver/Src/stm32h7xx_hal_adc.o
 .text.LL_ADC_IsInternalRegulatorEnabled
                0x08004da8       0x28 ./Drivers/STM32H7xx_HAL_Driver/Src/stm32h7xx_hal_adc.o
 .text.LL_ADC_Enable
                0x08004dd0       0x28 ./Drivers/STM32H7xx_HAL_Driver/Src/stm32h7xx_hal_adc.o
 .text.LL_ADC_Disable
                0x08004df8       0x28 ./Drivers/STM32H7xx_HAL_Driver/Src/stm32h7xx_hal_adc.o
 .text.LL_ADC_IsEnabled
                0x08004e20       0x26 ./Drivers/STM32H7xx_HAL_Driver/Src/stm32h7xx_hal_adc.o
 .text.LL_ADC_IsDisableOngoing
                0x08004e46       0x26 ./Drivers/STM32H7xx_HAL_Driver/Src/stm32h7xx_hal_adc.o
 .text.LL_ADC_REG_StartConversion
                0x08004e6c       0x28 ./Drivers/STM32H7xx_HAL_Driver/Src/stm32h7xx_hal_adc.o
 .text.LL_ADC_REG_StopConversion
                0x08004e94       0x28 ./Drivers/STM32H7xx_HAL_Driver/Src/stm32h7xx_hal_adc.o
 .text.LL_ADC_REG_IsConversionOngoing
                0x08004ebc       0x26 ./Drivers/STM32H7xx_HAL_Driver/Src/stm32h7xx_hal_adc.o
 *fill*         0x08004ee2        0x2 
 .text.LL_ADC_INJ_StopConversion
                0x08004ee4       0x28 ./Drivers/STM32H7xx_HAL_Driver/Src/stm32h7xx_hal_adc.o
 .text.LL_ADC_INJ_IsConversionOngoing
                0x08004f0c       0x26 ./Drivers/STM32H7xx_HAL_Driver/Src/stm32h7xx_hal_adc.o
 *fill*         0x08004f32        0x2 
 .text.HAL_ADC_Init
                0x08004f34      0x344 ./Drivers/STM32H7xx_HAL_Driver/Src/stm32h7xx_hal_adc.o
                0x08004f34                HAL_ADC_Init
 .text.HAL_ADC_Start_DMA
                0x08005278      0x188 ./Drivers/STM32H7xx_HAL_Driver/Src/stm32h7xx_hal_adc.o
                0x08005278                HAL_ADC_Start_DMA
 .text.HAL_ADC_Stop_DMA
                0x08005400       0xc4 ./Drivers/STM32H7xx_HAL_Driver/Src/stm32h7xx_hal_adc.o
                0x08005400                HAL_ADC_Stop_DMA
 .text.HAL_ADC_ErrorCallback
                0x080054c4       0x14 ./Drivers/STM32H7xx_HAL_Driver/Src/stm32h7xx_hal_adc.o
                0x080054c4                HAL_ADC_ErrorCallback
 .text.HAL_ADC_ConfigChannel
                0x080054d8      0x6a0 ./Drivers/STM32H7xx_HAL_Driver/Src/stm32h7xx_hal_adc.o
                0x080054d8                HAL_ADC_ConfigChannel
 .text.ADC_ConversionStop
                0x08005b78      0x178 ./Drivers/STM32H7xx_HAL_Driver/Src/stm32h7xx_hal_adc.o
                0x08005b78                ADC_ConversionStop
 .text.ADC_Enable
                0x08005cf0      0x114 ./Drivers/STM32H7xx_HAL_Driver/Src/stm32h7xx_hal_adc.o
                0x08005cf0                ADC_Enable
 .text.ADC_Disable
                0x08005e04       0xbe ./Drivers/STM32H7xx_HAL_Driver/Src/stm32h7xx_hal_adc.o
                0x08005e04                ADC_Disable
 .text.ADC_DMAConvCplt
                0x08005ec2       0xd8 ./Drivers/STM32H7xx_HAL_Driver/Src/stm32h7xx_hal_adc.o
                0x08005ec2                ADC_DMAConvCplt
 .text.ADC_DMAHalfConvCplt
                0x08005f9a       0x1c ./Drivers/STM32H7xx_HAL_Driver/Src/stm32h7xx_hal_adc.o
                0x08005f9a                ADC_DMAHalfConvCplt
 .text.ADC_DMAError
                0x08005fb6       0x34 ./Drivers/STM32H7xx_HAL_Driver/Src/stm32h7xx_hal_adc.o
                0x08005fb6                ADC_DMAError
 *fill*         0x08005fea        0x2 
 .text.ADC_ConfigureBoostMode
                0x08005fec      0x218 ./Drivers/STM32H7xx_HAL_Driver/Src/stm32h7xx_hal_adc.o
                0x08005fec                ADC_ConfigureBoostMode
 .text.__NVIC_SetPriorityGrouping
                0x08006204       0x48 ./Drivers/STM32H7xx_HAL_Driver/Src/stm32h7xx_hal_cortex.o
 .text.__NVIC_GetPriorityGrouping
                0x0800624c       0x1c ./Drivers/STM32H7xx_HAL_Driver/Src/stm32h7xx_hal_cortex.o
 .text.__NVIC_EnableIRQ
                0x08006268       0x3c ./Drivers/STM32H7xx_HAL_Driver/Src/stm32h7xx_hal_cortex.o
 .text.__NVIC_SetPriority
                0x080062a4       0x54 ./Drivers/STM32H7xx_HAL_Driver/Src/stm32h7xx_hal_cortex.o
 .text.NVIC_EncodePriority
                0x080062f8       0x66 ./Drivers/STM32H7xx_HAL_Driver/Src/stm32h7xx_hal_cortex.o
 *fill*         0x0800635e        0x2 
 .text.SysTick_Config
                0x08006360       0x44 ./Drivers/STM32H7xx_HAL_Driver/Src/stm32h7xx_hal_cortex.o
 .text.HAL_NVIC_SetPriorityGrouping
                0x080063a4       0x16 ./Drivers/STM32H7xx_HAL_Driver/Src/stm32h7xx_hal_cortex.o
                0x080063a4                HAL_NVIC_SetPriorityGrouping
 .text.HAL_NVIC_SetPriority
                0x080063ba       0x34 ./Drivers/STM32H7xx_HAL_Driver/Src/stm32h7xx_hal_cortex.o
                0x080063ba                HAL_NVIC_SetPriority
 .text.HAL_NVIC_EnableIRQ
                0x080063ee       0x1c ./Drivers/STM32H7xx_HAL_Driver/Src/stm32h7xx_hal_cortex.o
                0x080063ee                HAL_NVIC_EnableIRQ
 .text.HAL_SYSTICK_Config
                0x0800640a       0x18 ./Drivers/STM32H7xx_HAL_Driver/Src/stm32h7xx_hal_cortex.o
                0x0800640a                HAL_SYSTICK_Config
 *fill*         0x08006422        0x2 
 .text.HAL_MPU_Disable
                0x08006424       0x30 ./Drivers/STM32H7xx_HAL_Driver/Src/stm32h7xx_hal_cortex.o
                0x08006424                HAL_MPU_Disable
 .text.HAL_MPU_Enable
                0x08006454       0x40 ./Drivers/STM32H7xx_HAL_Driver/Src/stm32h7xx_hal_cortex.o
                0x08006454                HAL_MPU_Enable
 .text.HAL_MPU_ConfigRegion
                0x08006494       0x88 ./Drivers/STM32H7xx_HAL_Driver/Src/stm32h7xx_hal_cortex.o
                0x08006494                HAL_MPU_ConfigRegion
 .text.HAL_DMA_Init
                0x0800651c      0x6b8 ./Drivers/STM32H7xx_HAL_Driver/Src/stm32h7xx_hal_dma.o
                0x0800651c                HAL_DMA_Init
 .text.HAL_DMA_Start_IT
                0x08006bd4      0x4d4 ./Drivers/STM32H7xx_HAL_Driver/Src/stm32h7xx_hal_dma.o
                0x08006bd4                HAL_DMA_Start_IT
 .text.HAL_DMA_Abort
                0x080070a8      0x63c ./Drivers/STM32H7xx_HAL_Driver/Src/stm32h7xx_hal_dma.o
                0x080070a8                HAL_DMA_Abort
 .text.HAL_DMA_IRQHandler
                0x080076e4      0xe54 ./Drivers/STM32H7xx_HAL_Driver/Src/stm32h7xx_hal_dma.o
                0x080076e4                HAL_DMA_IRQHandler
 .text.DMA_SetConfig
                0x08008538      0x358 ./Drivers/STM32H7xx_HAL_Driver/Src/stm32h7xx_hal_dma.o
 .text.DMA_CalcBaseAndBitshift
                0x08008890      0x164 ./Drivers/STM32H7xx_HAL_Driver/Src/stm32h7xx_hal_dma.o
 .text.DMA_CheckFifoParam
                0x080089f4       0xf8 ./Drivers/STM32H7xx_HAL_Driver/Src/stm32h7xx_hal_dma.o
 .text.DMA_CalcDMAMUXChannelBaseAndMask
                0x08008aec      0x134 ./Drivers/STM32H7xx_HAL_Driver/Src/stm32h7xx_hal_dma.o
 .text.DMA_CalcDMAMUXRequestGenBaseAndMask
                0x08008c20       0xe8 ./Drivers/STM32H7xx_HAL_Driver/Src/stm32h7xx_hal_dma.o
 .text.HAL_DMA2D_Init
                0x08008d08       0xc8 ./Drivers/STM32H7xx_HAL_Driver/Src/stm32h7xx_hal_dma2d.o
                0x08008d08                HAL_DMA2D_Init
 .text.HAL_DMA2D_MspInit
                0x08008dd0       0x14 ./Drivers/STM32H7xx_HAL_Driver/Src/stm32h7xx_hal_dma2d.o
                0x08008dd0                HAL_DMA2D_MspInit
 .text.HAL_DMA2D_Start
                0x08008de4       0x56 ./Drivers/STM32H7xx_HAL_Driver/Src/stm32h7xx_hal_dma2d.o
                0x08008de4                HAL_DMA2D_Start
 .text.HAL_DMA2D_PollForTransfer
                0x08008e3a      0x1d2 ./Drivers/STM32H7xx_HAL_Driver/Src/stm32h7xx_hal_dma2d.o
                0x08008e3a                HAL_DMA2D_PollForTransfer
 .text.HAL_DMA2D_ConfigLayer
                0x0800900c      0x15c ./Drivers/STM32H7xx_HAL_Driver/Src/stm32h7xx_hal_dma2d.o
                0x0800900c                HAL_DMA2D_ConfigLayer
 .text.DMA2D_SetConfig
                0x08009168      0x14c ./Drivers/STM32H7xx_HAL_Driver/Src/stm32h7xx_hal_dma2d.o
 .text.HAL_EXTI_RegisterCallback
                0x080092b4       0x3e ./Drivers/STM32H7xx_HAL_Driver/Src/stm32h7xx_hal_exti.o
                0x080092b4                HAL_EXTI_RegisterCallback
 .text.HAL_EXTI_GetHandle
                0x080092f2       0x28 ./Drivers/STM32H7xx_HAL_Driver/Src/stm32h7xx_hal_exti.o
                0x080092f2                HAL_EXTI_GetHandle
 *fill*         0x0800931a        0x2 
 .text.HAL_EXTI_IRQHandler
                0x0800931c       0x60 ./Drivers/STM32H7xx_HAL_Driver/Src/stm32h7xx_hal_exti.o
                0x0800931c                HAL_EXTI_IRQHandler
 .text.HAL_GPIO_Init
                0x0800937c      0x360 ./Drivers/STM32H7xx_HAL_Driver/Src/stm32h7xx_hal_gpio.o
                0x0800937c                HAL_GPIO_Init
 .text.HAL_GPIO_WritePin
                0x080096dc       0x32 ./Drivers/STM32H7xx_HAL_Driver/Src/stm32h7xx_hal_gpio.o
                0x080096dc                HAL_GPIO_WritePin
 *fill*         0x0800970e        0x2 
 .text.HAL_I2C_Init
                0x08009710      0x120 ./Drivers/STM32H7xx_HAL_Driver/Src/stm32h7xx_hal_i2c.o
                0x08009710                HAL_I2C_Init
 .text.HAL_I2C_MspInit
                0x08009830       0x14 ./Drivers/STM32H7xx_HAL_Driver/Src/stm32h7xx_hal_i2c.o
                0x08009830                HAL_I2C_MspInit
 .text.HAL_I2C_Mem_Read
                0x08009844      0x234 ./Drivers/STM32H7xx_HAL_Driver/Src/stm32h7xx_hal_i2c.o
                0x08009844                HAL_I2C_Mem_Read
 .text.HAL_I2C_GetState
                0x08009a78       0x1c ./Drivers/STM32H7xx_HAL_Driver/Src/stm32h7xx_hal_i2c.o
                0x08009a78                HAL_I2C_GetState
 .text.HAL_I2C_GetError
                0x08009a94       0x18 ./Drivers/STM32H7xx_HAL_Driver/Src/stm32h7xx_hal_i2c.o
                0x08009a94                HAL_I2C_GetError
 .text.I2C_RequestMemoryRead
                0x08009aac       0xa8 ./Drivers/STM32H7xx_HAL_Driver/Src/stm32h7xx_hal_i2c.o
 .text.I2C_Flush_TXDR
                0x08009b54       0x48 ./Drivers/STM32H7xx_HAL_Driver/Src/stm32h7xx_hal_i2c.o
 .text.I2C_WaitOnFlagUntilTimeout
                0x08009b9c       0x9e ./Drivers/STM32H7xx_HAL_Driver/Src/stm32h7xx_hal_i2c.o
 .text.I2C_WaitOnTXISFlagUntilTimeout
                0x08009c3a       0x8e ./Drivers/STM32H7xx_HAL_Driver/Src/stm32h7xx_hal_i2c.o
 .text.I2C_WaitOnSTOPFlagUntilTimeout
                0x08009cc8       0x86 ./Drivers/STM32H7xx_HAL_Driver/Src/stm32h7xx_hal_i2c.o
 *fill*         0x08009d4e        0x2 
 .text.I2C_IsErrorOccurred
                0x08009d50      0x1c0 ./Drivers/STM32H7xx_HAL_Driver/Src/stm32h7xx_hal_i2c.o
 .text.I2C_TransferConfig
                0x08009f10       0x64 ./Drivers/STM32H7xx_HAL_Driver/Src/stm32h7xx_hal_i2c.o
 .text.HAL_I2CEx_ConfigAnalogFilter
                0x08009f74       0x96 ./Drivers/STM32H7xx_HAL_Driver/Src/stm32h7xx_hal_i2c_ex.o
                0x08009f74                HAL_I2CEx_ConfigAnalogFilter
 .text.HAL_I2CEx_ConfigDigitalFilter
                0x0800a00a       0x98 ./Drivers/STM32H7xx_HAL_Driver/Src/stm32h7xx_hal_i2c_ex.o
                0x0800a00a                HAL_I2CEx_ConfigDigitalFilter
 *fill*         0x0800a0a2        0x2 
 .text.HAL_LTDC_Init
                0x0800a0a4      0x1a0 ./Drivers/STM32H7xx_HAL_Driver/Src/stm32h7xx_hal_ltdc.o
                0x0800a0a4                HAL_LTDC_Init
 .text.HAL_LTDC_MspInit
                0x0800a244       0x14 ./Drivers/STM32H7xx_HAL_Driver/Src/stm32h7xx_hal_ltdc.o
                0x0800a244                HAL_LTDC_MspInit
 .text.HAL_LTDC_ConfigLayer
                0x0800a258       0x7c ./Drivers/STM32H7xx_HAL_Driver/Src/stm32h7xx_hal_ltdc.o
                0x0800a258                HAL_LTDC_ConfigLayer
 .text.LTDC_SetConfig
                0x0800a2d4      0x334 ./Drivers/STM32H7xx_HAL_Driver/Src/stm32h7xx_hal_ltdc.o
 .text.HAL_MDMA_Init
                0x0800a608       0x98 ./Drivers/STM32H7xx_HAL_Driver/Src/stm32h7xx_hal_mdma.o
                0x0800a608                HAL_MDMA_Init
 .text.HAL_MDMA_DeInit
                0x0800a6a0       0xb0 ./Drivers/STM32H7xx_HAL_Driver/Src/stm32h7xx_hal_mdma.o
                0x0800a6a0                HAL_MDMA_DeInit
 .text.HAL_MDMA_IRQHandler
                0x0800a750      0x2a8 ./Drivers/STM32H7xx_HAL_Driver/Src/stm32h7xx_hal_mdma.o
                0x0800a750                HAL_MDMA_IRQHandler
 .text.MDMA_Init
                0x0800a9f8      0x130 ./Drivers/STM32H7xx_HAL_Driver/Src/stm32h7xx_hal_mdma.o
 .text.HAL_MspInit
                0x0800ab28        0xe ./Drivers/STM32H7xx_HAL_Driver/Src/stm32h7xx_hal_msp_template.o
                0x0800ab28                HAL_MspInit
 *fill*         0x0800ab36        0x2 
 .text.HAL_PWREx_ConfigSupply
                0x0800ab38       0x74 ./Drivers/STM32H7xx_HAL_Driver/Src/stm32h7xx_hal_pwr_ex.o
                0x0800ab38                HAL_PWREx_ConfigSupply
 .text.HAL_QSPI_Init
                0x0800abac       0xe8 ./Drivers/STM32H7xx_HAL_Driver/Src/stm32h7xx_hal_qspi.o
                0x0800abac                HAL_QSPI_Init
 .text.HAL_QSPI_MspInit
                0x0800ac94       0x14 ./Drivers/STM32H7xx_HAL_Driver/Src/stm32h7xx_hal_qspi.o
                0x0800ac94                HAL_QSPI_MspInit
 .text.HAL_QSPI_Command
                0x0800aca8       0xbc ./Drivers/STM32H7xx_HAL_Driver/Src/stm32h7xx_hal_qspi.o
                0x0800aca8                HAL_QSPI_Command
 .text.HAL_QSPI_Transmit
                0x0800ad64      0x124 ./Drivers/STM32H7xx_HAL_Driver/Src/stm32h7xx_hal_qspi.o
                0x0800ad64                HAL_QSPI_Transmit
 .text.HAL_QSPI_Receive
                0x0800ae88      0x13a ./Drivers/STM32H7xx_HAL_Driver/Src/stm32h7xx_hal_qspi.o
                0x0800ae88                HAL_QSPI_Receive
 .text.HAL_QSPI_AutoPolling
                0x0800afc2       0xee ./Drivers/STM32H7xx_HAL_Driver/Src/stm32h7xx_hal_qspi.o
                0x0800afc2                HAL_QSPI_AutoPolling
 .text.HAL_QSPI_MemoryMapped
                0x0800b0b0       0xc4 ./Drivers/STM32H7xx_HAL_Driver/Src/stm32h7xx_hal_qspi.o
                0x0800b0b0                HAL_QSPI_MemoryMapped
 .text.HAL_QSPI_SetTimeout
                0x0800b174       0x1c ./Drivers/STM32H7xx_HAL_Driver/Src/stm32h7xx_hal_qspi.o
                0x0800b174                HAL_QSPI_SetTimeout
 .text.QSPI_WaitFlagStateUntilTimeout
                0x0800b190       0x6e ./Drivers/STM32H7xx_HAL_Driver/Src/stm32h7xx_hal_qspi.o
 .text.QSPI_Config
                0x0800b1fe      0x32e ./Drivers/STM32H7xx_HAL_Driver/Src/stm32h7xx_hal_qspi.o
 .text.HAL_RCC_OscConfig
                0x0800b52c      0x8b4 ./Drivers/STM32H7xx_HAL_Driver/Src/stm32h7xx_hal_rcc.o
                0x0800b52c                HAL_RCC_OscConfig
 .text.HAL_RCC_ClockConfig
                0x0800bde0      0x36c ./Drivers/STM32H7xx_HAL_Driver/Src/stm32h7xx_hal_rcc.o
                0x0800bde0                HAL_RCC_ClockConfig
 .text.HAL_RCC_GetSysClockFreq
                0x0800c14c      0x2f4 ./Drivers/STM32H7xx_HAL_Driver/Src/stm32h7xx_hal_rcc.o
                0x0800c14c                HAL_RCC_GetSysClockFreq
 .text.HAL_RCC_GetHCLKFreq
                0x0800c440       0x60 ./Drivers/STM32H7xx_HAL_Driver/Src/stm32h7xx_hal_rcc.o
                0x0800c440                HAL_RCC_GetHCLKFreq
 .text.HAL_RCC_GetPCLK1Freq
                0x0800c4a0       0x2c ./Drivers/STM32H7xx_HAL_Driver/Src/stm32h7xx_hal_rcc.o
                0x0800c4a0                HAL_RCC_GetPCLK1Freq
 .text.HAL_RCC_GetPCLK2Freq
                0x0800c4cc       0x2c ./Drivers/STM32H7xx_HAL_Driver/Src/stm32h7xx_hal_rcc.o
                0x0800c4cc                HAL_RCC_GetPCLK2Freq
 .text.HAL_RCCEx_PeriphCLKConfig
                0x0800c4f8     0x1414 ./Drivers/STM32H7xx_HAL_Driver/Src/stm32h7xx_hal_rcc_ex.o
                0x0800c4f8                HAL_RCCEx_PeriphCLKConfig
 .text.HAL_RCCEx_GetPeriphCLKFreq
                0x0800d90c      0xb00 ./Drivers/STM32H7xx_HAL_Driver/Src/stm32h7xx_hal_rcc_ex.o
                0x0800d90c                HAL_RCCEx_GetPeriphCLKFreq
 .text.HAL_RCCEx_GetD3PCLK1Freq
                0x0800e40c       0x2c ./Drivers/STM32H7xx_HAL_Driver/Src/stm32h7xx_hal_rcc_ex.o
                0x0800e40c                HAL_RCCEx_GetD3PCLK1Freq
 .text.HAL_RCCEx_GetPLL2ClockFreq
                0x0800e438      0x2a8 ./Drivers/STM32H7xx_HAL_Driver/Src/stm32h7xx_hal_rcc_ex.o
                0x0800e438                HAL_RCCEx_GetPLL2ClockFreq
 .text.HAL_RCCEx_GetPLL3ClockFreq
                0x0800e6e0      0x2a8 ./Drivers/STM32H7xx_HAL_Driver/Src/stm32h7xx_hal_rcc_ex.o
                0x0800e6e0                HAL_RCCEx_GetPLL3ClockFreq
 .text.HAL_RCCEx_GetPLL1ClockFreq
                0x0800e988      0x2a4 ./Drivers/STM32H7xx_HAL_Driver/Src/stm32h7xx_hal_rcc_ex.o
                0x0800e988                HAL_RCCEx_GetPLL1ClockFreq
 .text.RCCEx_PLL2_Config
                0x0800ec2c      0x164 ./Drivers/STM32H7xx_HAL_Driver/Src/stm32h7xx_hal_rcc_ex.o
 .text.RCCEx_PLL3_Config
                0x0800ed90      0x164 ./Drivers/STM32H7xx_HAL_Driver/Src/stm32h7xx_hal_rcc_ex.o
 .text.HAL_SDRAM_Init
                0x0800eef4       0x78 ./Drivers/STM32H7xx_HAL_Driver/Src/stm32h7xx_hal_sdram.o
                0x0800eef4                HAL_SDRAM_Init
 .text.HAL_SDRAM_MspInit
                0x0800ef6c       0x14 ./Drivers/STM32H7xx_HAL_Driver/Src/stm32h7xx_hal_sdram.o
                0x0800ef6c                HAL_SDRAM_MspInit
 .text.HAL_SDRAM_SendCommand
                0x0800ef80       0x6a ./Drivers/STM32H7xx_HAL_Driver/Src/stm32h7xx_hal_sdram.o
                0x0800ef80                HAL_SDRAM_SendCommand
 .text.HAL_SDRAM_ProgramRefreshRate
                0x0800efea       0x50 ./Drivers/STM32H7xx_HAL_Driver/Src/stm32h7xx_hal_sdram.o
                0x0800efea                HAL_SDRAM_ProgramRefreshRate
 .text.HAL_TIM_Base_Init
                0x0800f03a       0xae ./Drivers/STM32H7xx_HAL_Driver/Src/stm32h7xx_hal_tim.o
                0x0800f03a                HAL_TIM_Base_Init
 .text.HAL_TIM_Base_Start
                0x0800f0e8       0xe0 ./Drivers/STM32H7xx_HAL_Driver/Src/stm32h7xx_hal_tim.o
                0x0800f0e8                HAL_TIM_Base_Start
 .text.HAL_TIM_Base_Stop
                0x0800f1c8       0x4e ./Drivers/STM32H7xx_HAL_Driver/Src/stm32h7xx_hal_tim.o
                0x0800f1c8                HAL_TIM_Base_Stop
 .text.HAL_TIM_PWM_Init
                0x0800f216       0xae ./Drivers/STM32H7xx_HAL_Driver/Src/stm32h7xx_hal_tim.o
                0x0800f216                HAL_TIM_PWM_Init
 .text.HAL_TIM_PWM_DeInit
                0x0800f2c4       0xb8 ./Drivers/STM32H7xx_HAL_Driver/Src/stm32h7xx_hal_tim.o
                0x0800f2c4                HAL_TIM_PWM_DeInit
 .text.HAL_TIM_PWM_MspInit
                0x0800f37c       0x14 ./Drivers/STM32H7xx_HAL_Driver/Src/stm32h7xx_hal_tim.o
                0x0800f37c                HAL_TIM_PWM_MspInit
 .text.HAL_TIM_PWM_MspDeInit
                0x0800f390       0x14 ./Drivers/STM32H7xx_HAL_Driver/Src/stm32h7xx_hal_tim.o
                0x0800f390                HAL_TIM_PWM_MspDeInit
 .text.TIM_Base_SetConfig
                0x0800f3a4      0x134 ./Drivers/STM32H7xx_HAL_Driver/Src/stm32h7xx_hal_tim.o
                0x0800f3a4                TIM_Base_SetConfig
 .text.HAL_TIMEx_MasterConfigSynchronization
                0x0800f4d8      0x11c ./Drivers/STM32H7xx_HAL_Driver/Src/stm32h7xx_hal_tim_ex.o
                0x0800f4d8                HAL_TIMEx_MasterConfigSynchronization
 .text.FMC_SDRAM_Init
                0x0800f5f4       0xb8 ./Drivers/STM32H7xx_HAL_Driver/Src/stm32h7xx_ll_fmc.o
                0x0800f5f4                FMC_SDRAM_Init
 .text.FMC_SDRAM_Timing_Init
                0x0800f6ac       0xd4 ./Drivers/STM32H7xx_HAL_Driver/Src/stm32h7xx_ll_fmc.o
                0x0800f6ac                FMC_SDRAM_Timing_Init
 .text.FMC_SDRAM_SendCommand
                0x0800f780       0x48 ./Drivers/STM32H7xx_HAL_Driver/Src/stm32h7xx_ll_fmc.o
                0x0800f780                FMC_SDRAM_SendCommand
 .text.FMC_SDRAM_ProgramRefreshRate
                0x0800f7c8       0x30 ./Drivers/STM32H7xx_HAL_Driver/Src/stm32h7xx_ll_fmc.o
                0x0800f7c8                FMC_SDRAM_ProgramRefreshRate
 .text.UTIL_LCD_SetFuncDriver
                0x0800f7f8       0xac ./Utilities/lcd/stm32_lcd.o
                0x0800f7f8                UTIL_LCD_SetFuncDriver
 .text.UTIL_LCD_SetLayer
                0x0800f8a4       0x3c ./Utilities/lcd/stm32_lcd.o
                0x0800f8a4                UTIL_LCD_SetLayer
 .text.UTIL_LCD_SetTextColor
                0x0800f8e0       0x28 ./Utilities/lcd/stm32_lcd.o
                0x0800f8e0                UTIL_LCD_SetTextColor
 .text.UTIL_LCD_SetBackColor
                0x0800f908       0x28 ./Utilities/lcd/stm32_lcd.o
                0x0800f908                UTIL_LCD_SetBackColor
 .text.UTIL_LCD_SetFont
                0x0800f930       0x28 ./Utilities/lcd/stm32_lcd.o
                0x0800f930                UTIL_LCD_SetFont
 .text.UTIL_LCD_FillRGBRect
                0x0800f958       0x38 ./Utilities/lcd/stm32_lcd.o
                0x0800f958                UTIL_LCD_FillRGBRect
 .text.UTIL_LCD_DrawHLine
                0x0800f990       0x6c ./Utilities/lcd/stm32_lcd.o
                0x0800f990                UTIL_LCD_DrawHLine
 .text.UTIL_LCD_DrawVLine
                0x0800f9fc       0x6c ./Utilities/lcd/stm32_lcd.o
                0x0800f9fc                UTIL_LCD_DrawVLine
 .text.UTIL_LCD_SetPixel
                0x0800fa68       0x68 ./Utilities/lcd/stm32_lcd.o
                0x0800fa68                UTIL_LCD_SetPixel
 .text.UTIL_LCD_Clear
                0x0800fad0       0x2c ./Utilities/lcd/stm32_lcd.o
                0x0800fad0                UTIL_LCD_Clear
 .text.UTIL_LCD_DisplayChar
                0x0800fafc       0x6c ./Utilities/lcd/stm32_lcd.o
                0x0800fafc                UTIL_LCD_DisplayChar
 .text.UTIL_LCD_DisplayStringAt
                0x0800fb68      0x15c ./Utilities/lcd/stm32_lcd.o
                0x0800fb68                UTIL_LCD_DisplayStringAt
 .text.UTIL_LCD_DrawLine
                0x0800fcc4      0x178 ./Utilities/lcd/stm32_lcd.o
                0x0800fcc4                UTIL_LCD_DrawLine
 .text.UTIL_LCD_DrawRect
                0x0800fe3c       0x52 ./Utilities/lcd/stm32_lcd.o
                0x0800fe3c                UTIL_LCD_DrawRect
 *fill*         0x0800fe8e        0x2 
 .text.UTIL_LCD_FillRect
                0x0800fe90       0x74 ./Utilities/lcd/stm32_lcd.o
                0x0800fe90                UTIL_LCD_FillRect
 .text.DrawChar
                0x0800ff04      0x2b4 ./Utilities/lcd/stm32_lcd.o
 .text.__cvt    0x080101b8       0xa8 /opt/st/stm32cubeide_2.0.0/plugins/com.st.stm32cube.ide.mcu.externaltools.gnu-tools-for-stm32.13.3.rel1.linux64_1.0.100.202509120712/tools/bin/../lib/gcc/arm-none-eabi/13.3.1/../../../../arm-none-eabi/lib/thumb/v7e-m+dp/hard/libc_nano.a(libc_a-nano-vfprintf_float.o)
                0x080101b8                __cvt
 .text.__exponent
                0x08010260       0x74 /opt/st/stm32cubeide_2.0.0/plugins/com.st.stm32cube.ide.mcu.externaltools.gnu-tools-for-stm32.13.3.rel1.linux64_1.0.100.202509120712/tools/bin/../lib/gcc/arm-none-eabi/13.3.1/../../../../arm-none-eabi/lib/thumb/v7e-m+dp/hard/libc_nano.a(libc_a-nano-vfprintf_float.o)
                0x08010260                __exponent
 *fill*         0x080102d4        0x4 
 .text._printf_float
                0x080102d8      0x434 /opt/st/stm32cubeide_2.0.0/plugins/com.st.stm32cube.ide.mcu.externaltools.gnu-tools-for-stm32.13.3.rel1.linux64_1.0.100.202509120712/tools/bin/../lib/gcc/arm-none-eabi/13.3.1/../../../../arm-none-eabi/lib/thumb/v7e-m+dp/hard/libc_nano.a(libc_a-nano-vfprintf_float.o)
                0x080102d8                _printf_float
 .text._printf_common
                0x0801070c       0xda /opt/st/stm32cubeide_2.0.0/plugins/com.st.stm32cube.ide.mcu.externaltools.gnu-tools-for-stm32.13.3.rel1.linux64_1.0.100.202509120712/tools/bin/../lib/gcc/arm-none-eabi/13.3.1/../../../../arm-none-eabi/lib/thumb/v7e-m+dp/hard/libc_nano.a(libc_a-nano-vfprintf_i.o)
                0x0801070c                _printf_common
 *fill*         0x080107e6        0x2 
 .text._printf_i
                0x080107e8      0x23c /opt/st/stm32cubeide_2.0.0/plugins/com.st.stm32cube.ide.mcu.externaltools.gnu-tools-for-stm32.13.3.rel1.linux64_1.0.100.202509120712/tools/bin/../lib/gcc/arm-none-eabi/13.3.1/../../../../arm-none-eabi/lib/thumb/v7e-m+dp/hard/libc_nano.a(libc_a-nano-vfprintf_i.o)
                0x080107e8                _printf_i
 .text.std      0x08010a24       0x6c /opt/st/stm32cubeide_2.0.0/plugins/com.st.stm32cube.ide.mcu.externaltools.gnu-tools-for-stm32.13.3.rel1.linux64_1.0.100.202509120712/tools/bin/../lib/gcc/arm-none-eabi/13.3.1/../../../../arm-none-eabi/lib/thumb/v7e-m+dp/hard/libc_nano.a(libc_a-findfp.o)
 .text.stdio_exit_handler
                0x08010a90       0x18 /opt/st/stm32cubeide_2.0.0/plugins/com.st.stm32cube.ide.mcu.externaltools.gnu-tools-for-stm32.13.3.rel1.linux64_1.0.100.202509120712/tools/bin/../lib/gcc/arm-none-eabi/13.3.1/../../../../arm-none-eabi/lib/thumb/v7e-m+dp/hard/libc_nano.a(libc_a-findfp.o)
 .text.cleanup_stdio
                0x08010aa8       0x40 /opt/st/stm32cubeide_2.0.0/plugins/com.st.stm32cube.ide.mcu.externaltools.gnu-tools-for-stm32.13.3.rel1.linux64_1.0.100.202509120712/tools/bin/../lib/gcc/arm-none-eabi/13.3.1/../../../../arm-none-eabi/lib/thumb/v7e-m+dp/hard/libc_nano.a(libc_a-findfp.o)
 .text.global_stdio_init.part.0
                0x08010ae8       0x3c /opt/st/stm32cubeide_2.0.0/plugins/com.st.stm32cube.ide.mcu.externaltools.gnu-tools-for-stm32.13.3.rel1.linux64_1.0.100.202509120712/tools/bin/../lib/gcc/arm-none-eabi/13.3.1/../../../../arm-none-eabi/lib/thumb/v7e-m+dp/hard/libc_nano.a(libc_a-findfp.o)
 .text.__sfp_lock_acquire
                0x08010b24        0xc /opt/st/stm32cubeide_2.0.0/plugins/com.st.stm32cube.ide.mcu.externaltools.gnu-tools-for-stm32.13.3.rel1.linux64_1.0.100.202509120712/tools/bin/../lib/gcc/arm-none-eabi/13.3.1/../../../../arm-none-eabi/lib/thumb/v7e-m+dp/hard/libc_nano.a(libc_a-findfp.o)
                0x08010b24                __sfp_lock_acquire
 .text.__sfp_lock_release
                0x08010b30        0xc /opt/st/stm32cubeide_2.0.0/plugins/com.st.stm32cube.ide.mcu.externaltools.gnu-tools-for-stm32.13.3.rel1.linux64_1.0.100.202509120712/tools/bin/../lib/gcc/arm-none-eabi/13.3.1/../../../../arm-none-eabi/lib/thumb/v7e-m+dp/hard/libc_nano.a(libc_a-findfp.o)
                0x08010b30                __sfp_lock_release
 .text.__sinit  0x08010b3c       0x30 /opt/st/stm32cubeide_2.0.0/plugins/com.st.stm32cube.ide.mcu.externaltools.gnu-tools-for-stm32.13.3.rel1.linux64_1.0.100.202509120712/tools/bin/../lib/gcc/arm-none-eabi/13.3.1/../../../../arm-none-eabi/lib/thumb/v7e-m+dp/hard/libc_nano.a(libc_a-findfp.o)
                0x08010b3c                __sinit
 .text._fwalk_sglue
                0x08010b6c       0x3c /opt/st/stm32cubeide_2.0.0/plugins/com.st.stm32cube.ide.mcu.externaltools.gnu-tools-for-stm32.13.3.rel1.linux64_1.0.100.202509120712/tools/bin/../lib/gcc/arm-none-eabi/13.3.1/../../../../arm-none-eabi/lib/thumb/v7e-m+dp/hard/libc_nano.a(libc_a-fwalk.o)
                0x08010b6c                _fwalk_sglue
 .text.__sread  0x08010ba8       0x22 /opt/st/stm32cubeide_2.0.0/plugins/com.st.stm32cube.ide.mcu.externaltools.gnu-tools-for-stm32.13.3.rel1.linux64_1.0.100.202509120712/tools/bin/../lib/gcc/arm-none-eabi/13.3.1/../../../../arm-none-eabi/lib/thumb/v7e-m+dp/hard/libc_nano.a(libc_a-stdio.o)
                0x08010ba8                __sread
 .text.__swrite
                0x08010bca       0x38 /opt/st/stm32cubeide_2.0.0/plugins/com.st.stm32cube.ide.mcu.externaltools.gnu-tools-for-stm32.13.3.rel1.linux64_1.0.100.202509120712/tools/bin/../lib/gcc/arm-none-eabi/13.3.1/../../../../arm-none-eabi/lib/thumb/v7e-m+dp/hard/libc_nano.a(libc_a-stdio.o)
                0x08010bca                __swrite
 .text.__sseek  0x08010c02       0x24 /opt/st/stm32cubeide_2.0.0/plugins/com.st.stm32cube.ide.mcu.externaltools.gnu-tools-for-stm32.13.3.rel1.linux64_1.0.100.202509120712/tools/bin/../lib/gcc/arm-none-eabi/13.3.1/../../../../arm-none-eabi/lib/thumb/v7e-m+dp/hard/libc_nano.a(libc_a-stdio.o)
                0x08010c02                __sseek
 .text.__sclose
                0x08010c26        0x8 /opt/st/stm32cubeide_2.0.0/plugins/com.st.stm32cube.ide.mcu.externaltools.gnu-tools-for-stm32.13.3.rel1.linux64_1.0.100.202509120712/tools/bin/../lib/gcc/arm-none-eabi/13.3.1/../../../../arm-none-eabi/lib/thumb/v7e-m+dp/hard/libc_nano.a(libc_a-stdio.o)
                0x08010c26                __sclose
 .text.memset   0x08010c2e       0x10 /opt/st/stm32cubeide_2.0.0/plugins/com.st.stm32cube.ide.mcu.externaltools.gnu-tools-for-stm32.13.3.rel1.linux64_1.0.100.202509120712/tools/bin/../lib/gcc/arm-none-eabi/13.3.1/../../../../arm-none-eabi/lib/thumb/v7e-m+dp/hard/libc_nano.a(libc_a-memset.o)
                0x08010c2e                memset
 *fill*         0x08010c3e        0x2 
 .text._localeconv_r
                0x08010c40        0x8 /opt/st/stm32cubeide_2.0.0/plugins/com.st.stm32cube.ide.mcu.externaltools.gnu-tools-for-stm32.13.3.rel1.linux64_1.0.100.202509120712/tools/bin/../lib/gcc/arm-none-eabi/13.3.1/../../../../arm-none-eabi/lib/thumb/v7e-m+dp/hard/libc_nano.a(libc_a-localeconv.o)
                0x08010c40                _localeconv_r
 .text._close_r
                0x08010c48       0x20 /opt/st/stm32cubeide_2.0.0/plugins/com.st.stm32cube.ide.mcu.externaltools.gnu-tools-for-stm32.13.3.rel1.linux64_1.0.100.202509120712/tools/bin/../lib/gcc/arm-none-eabi/13.3.1/../../../../arm-none-eabi/lib/thumb/v7e-m+dp/hard/libc_nano.a(libc_a-closer.o)
                0x08010c48                _close_r
 .text._lseek_r
                0x08010c68       0x24 /opt/st/stm32cubeide_2.0.0/plugins/com.st.stm32cube.ide.mcu.externaltools.gnu-tools-for-stm32.13.3.rel1.linux64_1.0.100.202509120712/tools/bin/../lib/gcc/arm-none-eabi/13.3.1/../../../../arm-none-eabi/lib/thumb/v7e-m+dp/hard/libc_nano.a(libc_a-lseekr.o)
                0x08010c68                _lseek_r
 .text._read_r  0x08010c8c       0x24 /opt/st/stm32cubeide_2.0.0/plugins/com.st.stm32cube.ide.mcu.externaltools.gnu-tools-for-stm32.13.3.rel1.linux64_1.0.100.202509120712/tools/bin/../lib/gcc/arm-none-eabi/13.3.1/../../../../arm-none-eabi/lib/thumb/v7e-m+dp/hard/libc_nano.a(libc_a-readr.o)
                0x08010c8c                _read_r
 .text._write_r
                0x08010cb0       0x24 /opt/st/stm32cubeide_2.0.0/plugins/com.st.stm32cube.ide.mcu.externaltools.gnu-tools-for-stm32.13.3.rel1.linux64_1.0.100.202509120712/tools/bin/../lib/gcc/arm-none-eabi/13.3.1/../../../../arm-none-eabi/lib/thumb/v7e-m+dp/hard/libc_nano.a(libc_a-writer.o)
                0x08010cb0                _write_r
 .text.__errno  0x08010cd4        0xc /opt/st/stm32cubeide_2.0.0/plugins/com.st.stm32cube.ide.mcu.externaltools.gnu-tools-for-stm32.13.3.rel1.linux64_1.0.100.202509120712/tools/bin/../lib/gcc/arm-none-eabi/13.3.1/../../../../arm-none-eabi/lib/thumb/v7e-m+dp/hard/libc_nano.a(libc_a-errno.o)
                0x08010cd4                __errno
 .text.__libc_init_array
                0x08010ce0       0x48 /opt/st/stm32cubeide_2.0.0/plugins/com.st.stm32cube.ide.mcu.externaltools.gnu-tools-for-stm32.13.3.rel1.linux64_1.0.100.202509120712/tools/bin/../lib/gcc/arm-none-eabi/13.3.1/../../../../arm-none-eabi/lib/thumb/v7e-m+dp/hard/libc_nano.a(libc_a-init.o)
                0x08010ce0                __libc_init_array
 .text.__retarget_lock_init_recursive
                0x08010d28        0x2 /opt/st/stm32cubeide_2.0.0/plugins/com.st.stm32cube.ide.mcu.externaltools.gnu-tools-for-stm32.13.3.rel1.linux64_1.0.100.202509120712/tools/bin/../lib/gcc/arm-none-eabi/13.3.1/../../../../arm-none-eabi/lib/thumb/v7e-m+dp/hard/libc_nano.a(libc_a-lock.o)
                0x08010d28                __retarget_lock_init_recursive
 .text.__retarget_lock_acquire_recursive
                0x08010d2a        0x2 /opt/st/stm32cubeide_2.0.0/plugins/com.st.stm32cube.ide.mcu.externaltools.gnu-tools-for-stm32.13.3.rel1.linux64_1.0.100.202509120712/tools/bin/../lib/gcc/arm-none-eabi/13.3.1/../../../../arm-none-eabi/lib/thumb/v7e-m+dp/hard/libc_nano.a(libc_a-lock.o)
                0x08010d2a                __retarget_lock_acquire_recursive
 .text.__retarget_lock_release_recursive
                0x08010d2c        0x2 /opt/st/stm32cubeide_2.0.0/plugins/com.st.stm32cube.ide.mcu.externaltools.gnu-tools-for-stm32.13.3.rel1.linux64_1.0.100.202509120712/tools/bin/../lib/gcc/arm-none-eabi/13.3.1/../../../../arm-none-eabi/lib/thumb/v7e-m+dp/hard/libc_nano.a(libc_a-lock.o)
                0x08010d2c                __retarget_lock_release_recursive
 .text.quorem   0x08010d2e      0x110 /opt/st/stm32cubeide_2.0.0/plugins/com.st.stm32cube.ide.mcu.externaltools.gnu-tools-for-stm32.13.3.rel1.linux64_1.0.100.202509120712/tools/bin/../lib/gcc/arm-none-eabi/13.3.1/../../../../arm-none-eabi/lib/thumb/v7e-m+dp/hard/libc_nano.a(libc_a-dtoa.o)
 *fill*         0x08010e3e        0x2 
 .text._dtoa_r  0x08010e40      0xabc /opt/st/stm32cubeide_2.0.0/plugins/com.st.stm32cube.ide.mcu.externaltools.gnu-tools-for-stm32.13.3.rel1.linux64_1.0.100.202509120712/tools/bin/../lib/gcc/arm-none-eabi/13.3.1/../../../../arm-none-eabi/lib/thumb/v7e-m+dp/hard/libc_nano.a(libc_a-dtoa.o)
                0x08010e40                _dtoa_r
 .text._free_r  0x080118fc       0x94 /opt/st/stm32cubeide_2.0.0/plugins/com.st.stm32cube.ide.mcu.externaltools.gnu-tools-for-stm32.13.3.rel1.linux64_1.0.100.202509120712/tools/bin/../lib/gcc/arm-none-eabi/13.3.1/../../../../arm-none-eabi/lib/thumb/v7e-m+dp/hard/libc_nano.a(libc_a-freer.o)
                0x080118fc                _free_r
 .text.malloc   0x08011990       0x10 /opt/st/stm32cubeide_2.0.0/plugins/com.st.stm32cube.ide.mcu.externaltools.gnu-tools-for-stm32.13.3.rel1.linux64_1.0.100.202509120712/tools/bin/../lib/gcc/arm-none-eabi/13.3.1/../../../../arm-none-eabi/lib/thumb/v7e-m+dp/hard/libc_nano.a(libc_a-malloc.o)
                0x08011990                malloc
 .text.sbrk_aligned
                0x080119a0       0x44 /opt/st/stm32cubeide_2.0.0/plugins/com.st.stm32cube.ide.mcu.externaltools.gnu-tools-for-stm32.13.3.rel1.linux64_1.0.100.202509120712/tools/bin/../lib/gcc/arm-none-eabi/13.3.1/../../../../arm-none-eabi/lib/thumb/v7e-m+dp/hard/libc_nano.a(libc_a-mallocr.o)
 .text._malloc_r
                0x080119e4      0x100 /opt/st/stm32cubeide_2.0.0/plugins/com.st.stm32cube.ide.mcu.externaltools.gnu-tools-for-stm32.13.3.rel1.linux64_1.0.100.202509120712/tools/bin/../lib/gcc/arm-none-eabi/13.3.1/../../../../arm-none-eabi/lib/thumb/v7e-m+dp/hard/libc_nano.a(libc_a-mallocr.o)
                0x080119e4                _malloc_r
 .text.__malloc_lock
                0x08011ae4        0xc /opt/st/stm32cubeide_2.0.0/plugins/com.st.stm32cube.ide.mcu.externaltools.gnu-tools-for-stm32.13.3.rel1.linux64_1.0.100.202509120712/tools/bin/../lib/gcc/arm-none-eabi/13.3.1/../../../../arm-none-eabi/lib/thumb/v7e-m+dp/hard/libc_nano.a(libc_a-mlock.o)
                0x08011ae4                __malloc_lock
 .text.__malloc_unlock
                0x08011af0        0xc /opt/st/stm32cubeide_2.0.0/plugins/com.st.stm32cube.ide.mcu.externaltools.gnu-tools-for-stm32.13.3.rel1.linux64_1.0.100.202509120712/tools/bin/../lib/gcc/arm-none-eabi/13.3.1/../../../../arm-none-eabi/lib/thumb/v7e-m+dp/hard/libc_nano.a(libc_a-mlock.o)
                0x08011af0                __malloc_unlock
 .text._Balloc  0x08011afc       0x80 /opt/st/stm32cubeide_2.0.0/plugins/com.st.stm32cube.ide.mcu.externaltools.gnu-tools-for-stm32.13.3.rel1.linux64_1.0.100.202509120712/tools/bin/../lib/gcc/arm-none-eabi/13.3.1/../../../../arm-none-eabi/lib/thumb/v7e-m+dp/hard/libc_nano.a(libc_a-mprec.o)
                0x08011afc                _Balloc
 .text._Bfree   0x08011b7c       0x44 /opt/st/stm32cubeide_2.0.0/plugins/com.st.stm32cube.ide.mcu.externaltools.gnu-tools-for-stm32.13.3.rel1.linux64_1.0.100.202509120712/tools/bin/../lib/gcc/arm-none-eabi/13.3.1/../../../../arm-none-eabi/lib/thumb/v7e-m+dp/hard/libc_nano.a(libc_a-mprec.o)
                0x08011b7c                _Bfree
 .text.__multadd
                0x08011bc0       0x8c /opt/st/stm32cubeide_2.0.0/plugins/com.st.stm32cube.ide.mcu.externaltools.gnu-tools-for-stm32.13.3.rel1.linux64_1.0.100.202509120712/tools/bin/../lib/gcc/arm-none-eabi/13.3.1/../../../../arm-none-eabi/lib/thumb/v7e-m+dp/hard/libc_nano.a(libc_a-mprec.o)
                0x08011bc0                __multadd
 .text.__hi0bits
                0x08011c4c       0x3e /opt/st/stm32cubeide_2.0.0/plugins/com.st.stm32cube.ide.mcu.externaltools.gnu-tools-for-stm32.13.3.rel1.linux64_1.0.100.202509120712/tools/bin/../lib/gcc/arm-none-eabi/13.3.1/../../../../arm-none-eabi/lib/thumb/v7e-m+dp/hard/libc_nano.a(libc_a-mprec.o)
                0x08011c4c                __hi0bits
 .text.__lo0bits
                0x08011c8a       0x5a /opt/st/stm32cubeide_2.0.0/plugins/com.st.stm32cube.ide.mcu.externaltools.gnu-tools-for-stm32.13.3.rel1.linux64_1.0.100.202509120712/tools/bin/../lib/gcc/arm-none-eabi/13.3.1/../../../../arm-none-eabi/lib/thumb/v7e-m+dp/hard/libc_nano.a(libc_a-mprec.o)
                0x08011c8a                __lo0bits
 .text.__i2b    0x08011ce4       0x2c /opt/st/stm32cubeide_2.0.0/plugins/com.st.stm32cube.ide.mcu.externaltools.gnu-tools-for-stm32.13.3.rel1.linux64_1.0.100.202509120712/tools/bin/../lib/gcc/arm-none-eabi/13.3.1/../../../../arm-none-eabi/lib/thumb/v7e-m+dp/hard/libc_nano.a(libc_a-mprec.o)
                0x08011ce4                __i2b
 .text.__multiply
                0x08011d10      0x144 /opt/st/stm32cubeide_2.0.0/plugins/com.st.stm32cube.ide.mcu.externaltools.gnu-tools-for-stm32.13.3.rel1.linux64_1.0.100.202509120712/tools/bin/../lib/gcc/arm-none-eabi/13.3.1/../../../../arm-none-eabi/lib/thumb/v7e-m+dp/hard/libc_nano.a(libc_a-mprec.o)
                0x08011d10                __multiply
 .text.__pow5mult
                0x08011e54       0xb4 /opt/st/stm32cubeide_2.0.0/plugins/com.st.stm32cube.ide.mcu.externaltools.gnu-tools-for-stm32.13.3.rel1.linux64_1.0.100.202509120712/tools/bin/../lib/gcc/arm-none-eabi/13.3.1/../../../../arm-none-eabi/lib/thumb/v7e-m+dp/hard/libc_nano.a(libc_a-mprec.o)
                0x08011e54                __pow5mult
 .text.__lshift
                0x08011f08       0xd8 /opt/st/stm32cubeide_2.0.0/plugins/com.st.stm32cube.ide.mcu.externaltools.gnu-tools-for-stm32.13.3.rel1.linux64_1.0.100.202509120712/tools/bin/../lib/gcc/arm-none-eabi/13.3.1/../../../../arm-none-eabi/lib/thumb/v7e-m+dp/hard/libc_nano.a(libc_a-mprec.o)
                0x08011f08                __lshift
 .text.__mcmp   0x08011fe0       0x36 /opt/st/stm32cubeide_2.0.0/plugins/com.st.stm32cube.ide.mcu.externaltools.gnu-tools-for-stm32.13.3.rel1.linux64_1.0.100.202509120712/tools/bin/../lib/gcc/arm-none-eabi/13.3.1/../../../../arm-none-eabi/lib/thumb/v7e-m+dp/hard/libc_nano.a(libc_a-mprec.o)
                0x08011fe0                __mcmp
 *fill*         0x08012016        0x2 
 .text.__mdiff  0x08012018      0x128 /opt/st/stm32cubeide_2.0.0/plugins/com.st.stm32cube.ide.mcu.externaltools.gnu-tools-for-stm32.13.3.rel1.linux64_1.0.100.202509120712/tools/bin/../lib/gcc/arm-none-eabi/13.3.1/../../../../arm-none-eabi/lib/thumb/v7e-m+dp/hard/libc_nano.a(libc_a-mprec.o)
                0x08012018                __mdiff
 .text.__d2b    0x08012140       0xb0 /opt/st/stm32cubeide_2.0.0/plugins/com.st.stm32cube.ide.mcu.externaltools.gnu-tools-for-stm32.13.3.rel1.linux64_1.0.100.202509120712/tools/bin/../lib/gcc/arm-none-eabi/13.3.1/../../../../arm-none-eabi/lib/thumb/v7e-m+dp/hard/libc_nano.a(libc_a-mprec.o)
                0x08012140                __d2b
 .text.__sflush_r
                0x080121f0      0x108 /opt/st/stm32cubeide_2.0.0/plugins/com.st.stm32cube.ide.mcu.externaltools.gnu-tools-for-stm32.13.3.rel1.linux64_1.0.100.202509120712/tools/bin/../lib/gcc/arm-none-eabi/13.3.1/../../../../arm-none-eabi/lib/thumb/v7e-m+dp/hard/libc_nano.a(libc_a-fflush.o)
                0x080121f0                __sflush_r
 .text._fflush_r
                0x080122f8       0x50 /opt/st/stm32cubeide_2.0.0/plugins/com.st.stm32cube.ide.mcu.externaltools.gnu-tools-for-stm32.13.3.rel1.linux64_1.0.100.202509120712/tools/bin/../lib/gcc/arm-none-eabi/13.3.1/../../../../arm-none-eabi/lib/thumb/v7e-m+dp/hard/libc_nano.a(libc_a-fflush.o)
                0x080122f8                _fflush_r
 .text._sbrk_r  0x08012348       0x20 /opt/st/stm32cubeide_2.0.0/plugins/com.st.stm32cube.ide.mcu.externaltools.gnu-tools-for-stm32.13.3.rel1.linux64_1.0.100.202509120712/tools/bin/../lib/gcc/arm-none-eabi/13.3.1/../../../../arm-none-eabi/lib/thumb/v7e-m+dp/hard/libc_nano.a(libc_a-sbrkr.o)
                0x08012348                _sbrk_r
 .text.memcpy   0x08012368       0x1c /opt/st/stm32cubeide_2.0.0/plugins/com.st.stm32cube.ide.mcu.externaltools.gnu-tools-for-stm32.13.3.rel1.linux64_1.0.100.202509120712/tools/bin/../lib/gcc/arm-none-eabi/13.3.1/../../../../arm-none-eabi/lib/thumb/v7e-m+dp/hard/libc_nano.a(libc_a-memcpy-stub.o)
                0x08012368                memcpy
 .text.__assert_func
                0x08012384       0x3c /opt/st/stm32cubeide_2.0.0/plugins/com.st.stm32cube.ide.mcu.externaltools.gnu-tools-for-stm32.13.3.rel1.linux64_1.0.100.202509120712/tools/bin/../lib/gcc/arm-none-eabi/13.3.1/../../../../arm-none-eabi/lib/thumb/v7e-m+dp/hard/libc_nano.a(libc_a-assert.o)
                0x08012384                __assert_func
 .text._calloc_r
                0x080123c0       0x28 /opt/st/stm32cubeide_2.0.0/plugins/com.st.stm32cube.ide.mcu.externaltools.gnu-tools-for-stm32.13.3.rel1.linux64_1.0.100.202509120712/tools/bin/../lib/gcc/arm-none-eabi/13.3.1/../../../../arm-none-eabi/lib/thumb/v7e-m+dp/hard/libc_nano.a(libc_a-callocr.o)
                0x080123c0                _calloc_r
 .text.__ascii_mbtowc
                0x080123e8       0x24 /opt/st/stm32cubeide_2.0.0/plugins/com.st.stm32cube.ide.mcu.externaltools.gnu-tools-for-stm32.13.3.rel1.linux64_1.0.100.202509120712/tools/bin/../lib/gcc/arm-none-eabi/13.3.1/../../../../arm-none-eabi/lib/thumb/v7e-m+dp/hard/libc_nano.a(libc_a-mbtowc_r.o)
                0x080123e8                __ascii_mbtowc
 .text.__ascii_wctomb
                0x0801240c       0x1a /opt/st/stm32cubeide_2.0.0/plugins/com.st.stm32cube.ide.mcu.externaltools.gnu-tools-for-stm32.13.3.rel1.linux64_1.0.100.202509120712/tools/bin/../lib/gcc/arm-none-eabi/13.3.1/../../../../arm-none-eabi/lib/thumb/v7e-m+dp/hard/libc_nano.a(libc_a-wctomb_r.o)
                0x0801240c                __ascii_wctomb
 *fill*         0x08012426        0x2 
 .text.fprintf  0x08012428       0x24 /opt/st/stm32cubeide_2.0.0/plugins/com.st.stm32cube.ide.mcu.externaltools.gnu-tools-for-stm32.13.3.rel1.linux64_1.0.100.202509120712/tools/bin/../lib/gcc/arm-none-eabi/13.3.1/../../../../arm-none-eabi/lib/thumb/v7e-m+dp/hard/libc_nano.a(libc_a-fprintf.o)
                0x08012428                fprintf
                0x08012428                fiprintf
 .text.abort    0x0801244c        0xe /opt/st/stm32cubeide_2.0.0/plugins/com.st.stm32cube.ide.mcu.externaltools.gnu-tools-for-stm32.13.3.rel1.linux64_1.0.100.202509120712/tools/bin/../lib/gcc/arm-none-eabi/13.3.1/../../../../arm-none-eabi/lib/thumb/v7e-m+dp/hard/libc_nano.a(libc_a-abort.o)
                0x0801244c                abort
 .text.__sfputc_r
                0x0801245a       0x2e /opt/st/stm32cubeide_2.0.0/plugins/com.st.stm32cube.ide.mcu.externaltools.gnu-tools-for-stm32.13.3.rel1.linux64_1.0.100.202509120712/tools/bin/../lib/gcc/arm-none-eabi/13.3.1/../../../../arm-none-eabi/lib/thumb/v7e-m+dp/hard/libc_nano.a(libc_a-nano-vfprintf.o)
 .text.__sfputs_r
                0x08012488       0x24 /opt/st/stm32cubeide_2.0.0/plugins/com.st.stm32cube.ide.mcu.externaltools.gnu-tools-for-stm32.13.3.rel1.linux64_1.0.100.202509120712/tools/bin/../lib/gcc/arm-none-eabi/13.3.1/../../../../arm-none-eabi/lib/thumb/v7e-m+dp/hard/libc_nano.a(libc_a-nano-vfprintf.o)
                0x08012488                __sfputs_r
 .text._vfprintf_r
                0x080124ac      0x230 /opt/st/stm32cubeide_2.0.0/plugins/com.st.stm32cube.ide.mcu.externaltools.gnu-tools-for-stm32.13.3.rel1.linux64_1.0.100.202509120712/tools/bin/../lib/gcc/arm-none-eabi/13.3.1/../../../../arm-none-eabi/lib/thumb/v7e-m+dp/hard/libc_nano.a(libc_a-nano-vfprintf.o)
                0x080124ac                _vfiprintf_r
                0x080124ac                _vfprintf_r
 .text.__swbuf_r
                0x080126dc       0x7c /opt/st/stm32cubeide_2.0.0/plugins/com.st.stm32cube.ide.mcu.externaltools.gnu-tools-for-stm32.13.3.rel1.linux64_1.0.100.202509120712/tools/bin/../lib/gcc/arm-none-eabi/13.3.1/../../../../arm-none-eabi/lib/thumb/v7e-m+dp/hard/libc_nano.a(libc_a-wbuf.o)
                0x080126dc                __swbuf_r
 .text.__swsetup_r
                0x08012758       0xac /opt/st/stm32cubeide_2.0.0/plugins/com.st.stm32cube.ide.mcu.externaltools.gnu-tools-for-stm32.13.3.rel1.linux64_1.0.100.202509120712/tools/bin/../lib/gcc/arm-none-eabi/13.3.1/../../../../arm-none-eabi/lib/thumb/v7e-m+dp/hard/libc_nano.a(libc_a-wsetup.o)
                0x08012758                __swsetup_r
 .text._raise_r
                0x08012804       0x50 /opt/st/stm32cubeide_2.0.0/plugins/com.st.stm32cube.ide.mcu.externaltools.gnu-tools-for-stm32.13.3.rel1.linux64_1.0.100.202509120712/tools/bin/../lib/gcc/arm-none-eabi/13.3.1/../../../../arm-none-eabi/lib/thumb/v7e-m+dp/hard/libc_nano.a(libc_a-signal.o)
                0x08012804                _raise_r
 .text.raise    0x08012854       0x10 /opt/st/stm32cubeide_2.0.0/plugins/com.st.stm32cube.ide.mcu.externaltools.gnu-tools-for-stm32.13.3.rel1.linux64_1.0.100.202509120712/tools/bin/../lib/gcc/arm-none-eabi/13.3.1/../../../../arm-none-eabi/lib/thumb/v7e-m+dp/hard/libc_nano.a(libc_a-signal.o)
                0x08012854                raise
 .text._kill_r  0x08012864       0x24 /opt/st/stm32cubeide_2.0.0/plugins/com.st.stm32cube.ide.mcu.externaltools.gnu-tools-for-stm32.13.3.rel1.linux64_1.0.100.202509120712/tools/bin/../lib/gcc/arm-none-eabi/13.3.1/../../../../arm-none-eabi/lib/thumb/v7e-m+dp/hard/libc_nano.a(libc_a-signalr.o)
                0x08012864                _kill_r
 .text._getpid_r
                0x08012888        0x4 /opt/st/stm32cubeide_2.0.0/plugins/com.st.stm32cube.ide.mcu.externaltools.gnu-tools-for-stm32.13.3.rel1.linux64_1.0.100.202509120712/tools/bin/../lib/gcc/arm-none-eabi/13.3.1/../../../../arm-none-eabi/lib/thumb/v7e-m+dp/hard/libc_nano.a(libc_a-signalr.o)
                0x08012888                _getpid_r
 .text.__swhatbuf_r
                0x0801288c       0x4c /opt/st/stm32cubeide_2.0.0/plugins/com.st.stm32cube.ide.mcu.externaltools.gnu-tools-for-stm32.13.3.rel1.linux64_1.0.100.202509120712/tools/bin/../lib/gcc/arm-none-eabi/13.3.1/../../../../arm-none-eabi/lib/thumb/v7e-m+dp/hard/libc_nano.a(libc_a-makebuf.o)
                0x0801288c                __swhatbuf_r
 .text.__smakebuf_r
                0x080128d8       0x78 /opt/st/stm32cubeide_2.0.0/plugins/com.st.stm32cube.ide.mcu.externaltools.gnu-tools-for-stm32.13.3.rel1.linux64_1.0.100.202509120712/tools/bin/../lib/gcc/arm-none-eabi/13.3.1/../../../../arm-none-eabi/lib/thumb/v7e-m+dp/hard/libc_nano.a(libc_a-makebuf.o)
                0x080128d8                __smakebuf_r
 .text._fstat_r
                0x08012950       0x24 /opt/st/stm32cubeide_2.0.0/plugins/com.st.stm32cube.ide.mcu.externaltools.gnu-tools-for-stm32.13.3.rel1.linux64_1.0.100.202509120712/tools/bin/../lib/gcc/arm-none-eabi/13.3.1/../../../../arm-none-eabi/lib/thumb/v7e-m+dp/hard/libc_nano.a(libc_a-fstatr.o)
                0x08012950                _fstat_r
 .text._isatty_r
                0x08012974       0x20 /opt/st/stm32cubeide_2.0.0/plugins/com.st.stm32cube.ide.mcu.externaltools.gnu-tools-for-stm32.13.3.rel1.linux64_1.0.100.202509120712/tools/bin/../lib/gcc/arm-none-eabi/13.3.1/../../../../arm-none-eabi/lib/thumb/v7e-m+dp/hard/libc_nano.a(libc_a-isattyr.o)
                0x08012974                _isatty_r
 *(.glue_7)
 .glue_7        0x08012994        0x0 linker stubs
 *(.glue_7t)
 .glue_7t       0x08012994        0x0 linker stubs
 *(.eh_frame)
 .eh_frame      0x08012994        0x0 /opt/st/stm32cubeide_2.0.0/plugins/com.st.stm32cube.ide.mcu.externaltools.gnu-tools-for-stm32.13.3.rel1.linux64_1.0.100.202509120712/tools/bin/../lib/gcc/arm-none-eabi/13.3.1/thumb/v7e-m+dp/hard/crtbegin.o
 *(.init)
 .init          0x08012994        0x4 /opt/st/stm32cubeide_2.0.0/plugins/com.st.stm32cube.ide.mcu.externaltools.gnu-tools-for-stm32.13.3.rel1.linux64_1.0.100.202509120712/tools/bin/../lib/gcc/arm-none-eabi/13.3.1/thumb/v7e-m+dp/hard/crti.o
                0x08012994                _init
 .init          0x08012998        0x8 /opt/st/stm32cubeide_2.0.0/plugins/com.st.stm32cube.ide.mcu.externaltools.gnu-tools-for-stm32.13.3.rel1.linux64_1.0.100.202509120712/tools/bin/../lib/gcc/arm-none-eabi/13.3.1/thumb/v7e-m+dp/hard/crtn.o
 *(.fini)
 .fini          0x080129a0        0x4 /opt/st/stm32cubeide_2.0.0/plugins/com.st.stm32cube.ide.mcu.externaltools.gnu-tools-for-stm32.13.3.rel1.linux64_1.0.100.202509120712/tools/bin/../lib/gcc/arm-none-eabi/13.3.1/thumb/v7e-m+dp/hard/crti.o
                0x080129a0                _fini
 .fini          0x080129a4        0x8 /opt/st/stm32cubeide_2.0.0/plugins/com.st.stm32cube.ide.mcu.externaltools.gnu-tools-for-stm32.13.3.rel1.linux64_1.0.100.202509120712/tools/bin/../lib/gcc/arm-none-eabi/13.3.1/thumb/v7e-m+dp/hard/crtn.o
                0x080129ac                        . = ALIGN (0x4)
                0x080129ac                        _etext = .

.vfp11_veneer   0x080129ac        0x0