Archive member included to satisfy reference by file (symbol)

../Middlewares/ST/STM32_Audio/Addons/PDM/Lib\libPDMFilter_CM7_GCC_wc32.a(pdm_filter.o)
                              ./Drivers/BSP/STM32H750B-DK/stm32h750b_discovery_audio.o (PDM_Filter_Init)
C:/ST/STM32CubeIDE_2.0.0/STM32CubeIDE/plugins/com.st.stm32cube.ide.mcu.externaltools.gnu-tools-for-stm32.13.3.rel1.win32_1.0.100.202509120712/tools/bin/../lib/gcc/arm-none-eabi/13.3.1/../../../../arm-none-eabi/lib/thumb/v7e-m+dp/hard\libc_nano.a(libc_a-exit.o)
                              C:/ST/STM32CubeIDE_2.0.0/STM32CubeIDE/plugins/com.st.stm32cube.ide.mcu.externaltools.gnu-tools-for-stm32.13.3.rel1.win32_1.0.100.202509120712/tools/bin/../lib/gcc/arm-none-eabi/13.3.1/../../../../arm-none-eabi/lib/thumb/v7e-m+dp/hard/crt0.o (exit)
C:/ST/STM32CubeIDE_2.0.0/STM32CubeIDE/plugins/com.st.stm32cube.ide.mcu.externaltools.gnu-tools-for-stm32.13.3.rel1.win32_1.0.100.202509120712/tools/bin/../lib/gcc/arm-none-eabi/13.3.1/../../../../arm-none-eabi/lib/thumb/v7e-m+dp/hard\libc_nano.a(libc_a-nano-vfprintf_float.o)
                              (_printf_float)
C:/ST/STM32CubeIDE_2.0.0/STM32CubeIDE/plugins/com.st.stm32cube.ide.mcu.externaltools.gnu-tools-for-stm32.13.3.rel1.win32_1.0.100.202509120712/tools/bin/../lib/gcc/arm-none-eabi/13.3.1/../../../../arm-none-eabi/lib/thumb/v7e-m+dp/hard\libc_nano.a(libc_a-nano-vfprintf_i.o)
                              C:/ST/STM32CubeIDE_2.0.0/STM32CubeIDE/plugins/com.st.stm32cube.ide.mcu.externaltools.gnu-tools-for-stm32.13.3.rel1.win32_1.0.100.202509120712/tools/bin/../lib/gcc/arm-none-eabi/13.3.1/../../../../arm-none-eabi/lib/thumb/v7e-m+dp/hard\libc_nano.a(libc_a-nano-vfprintf_float.o) (_printf_common)
C:/ST/STM32CubeIDE_2.0.0/STM32CubeIDE/plugins/com.st.stm32cube.ide.mcu.externaltools.gnu-tools-for-stm32.13.3.rel1.win32_1.0.100.202509120712/tools/bin/../lib/gcc/arm-none-eabi/13.3.1/../../../../arm-none-eabi/lib/thumb/v7e-m+dp/hard\libc_nano.a(libc_a-findfp.o)
                              C:/ST/STM32CubeIDE_2.0.0/STM32CubeIDE/plugins/com.st.stm32cube.ide.mcu.externaltools.gnu-tools-for-stm32.13.3.rel1.win32_1.0.100.202509120712/tools/bin/../lib/gcc/arm-none-eabi/13.3.1/../../../../arm-none-eabi/lib/thumb/v7e-m+dp/hard\libc_nano.a(libc_a-exit.o) (__stdio_exit_handler)
C:/ST/STM32CubeIDE_2.0.0/STM32CubeIDE/plugins/com.st.stm32cube.ide.mcu.externaltools.gnu-tools-for-stm32.13.3.rel1.win32_1.0.100.202509120712/tools/bin/../lib/gcc/arm-none-eabi/13.3.1/../../../../arm-none-eabi/lib/thumb/v7e-m+dp/hard\libc_nano.a(libc_a-fwalk.o)
                              C:/ST/STM32CubeIDE_2.0.0/STM32CubeIDE/plugins/com.st.stm32cube.ide.mcu.externaltools.gnu-tools-for-stm32.13.3.rel1.win32_1.0.100.202509120712/tools/bin/../lib/gcc/arm-none-eabi/13.3.1/../../../../arm-none-eabi/lib/thumb/v7e-m+dp/hard\libc_nano.a(libc_a-findfp.o) (_fwalk_sglue)
C:/ST/STM32CubeIDE_2.0.0/STM32CubeIDE/plugins/com.st.stm32cube.ide.mcu.externaltools.gnu-tools-for-stm32.13.3.rel1.win32_1.0.100.202509120712/tools/bin/../lib/gcc/arm-none-eabi/13.3.1/../../../../arm-none-eabi/lib/thumb/v7e-m+dp/hard\libc_nano.a(libc_a-stdio.o)
                              C:/ST/STM32CubeIDE_2.0.0/STM32CubeIDE/plugins/com.st.stm32cube.ide.mcu.externaltools.gnu-tools-for-stm32.13.3.rel1.win32_1.0.100.202509120712/tools/bin/../lib/gcc/arm-none-eabi/13.3.1/../../../../arm-none-eabi/lib/thumb/v7e-m+dp/hard\libc_nano.a(libc_a-findfp.o) (__sread)
C:/ST/STM32CubeIDE_2.0.0/STM32CubeIDE/plugins/com.st.stm32cube.ide.mcu.externaltools.gnu-tools-for-stm32.13.3.rel1.win32_1.0.100.202509120712/tools/bin/../lib/gcc/arm-none-eabi/13.3.1/../../../../arm-none-eabi/lib/thumb/v7e-m+dp/hard\libc_nano.a(libc_a-memset.o)
                              C:/ST/STM32CubeIDE_2.0.0/STM32CubeIDE/plugins/com.st.stm32cube.ide.mcu.externaltools.gnu-tools-for-stm32.13.3.rel1.win32_1.0.100.202509120712/tools/bin/../lib/gcc/arm-none-eabi/13.3.1/../../../../arm-none-eabi/lib/thumb/v7e-m+dp/hard/crt0.o (memset)
C:/ST/STM32CubeIDE_2.0.0/STM32CubeIDE/plugins/com.st.stm32cube.ide.mcu.externaltools.gnu-tools-for-stm32.13.3.rel1.win32_1.0.100.202509120712/tools/bin/../lib/gcc/arm-none-eabi/13.3.1/../../../../arm-none-eabi/lib/thumb/v7e-m+dp/hard\libc_nano.a(libc_a-localeconv.o)
                              C:/ST/STM32CubeIDE_2.0.0/STM32CubeIDE/plugins/com.st.stm32cube.ide.mcu.externaltools.gnu-tools-for-stm32.13.3.rel1.win32_1.0.100.202509120712/tools/bin/../lib/gcc/arm-none-eabi/13.3.1/../../../../arm-none-eabi/lib/thumb/v7e-m+dp/hard\libc_nano.a(libc_a-nano-vfprintf_float.o) (_localeconv_r)
C:/ST/STM32CubeIDE_2.0.0/STM32CubeIDE/plugins/com.st.stm32cube.ide.mcu.externaltools.gnu-tools-for-stm32.13.3.rel1.win32_1.0.100.202509120712/tools/bin/../lib/gcc/arm-none-eabi/13.3.1/../../../../arm-none-eabi/lib/thumb/v7e-m+dp/hard\libc_nano.a(libc_a-closer.o)
[...]
Memory Configuration

Name             Origin             Length             Attributes
FLASH            0x08000000         0x00020000         xr
DTCMRAM          0x20000000         0x00020000         xrw
RAM_D1           0x24000000         0x00080000         xrw
RAM_D2           0x30000000         0x00048000         xrw
RAM_D3           0x38000000         0x00010000         xrw
ITCMRAM          0x00000000         0x00010000         xrw
*default*        0x00000000         0xffffffff

Linker script and memory map

LOAD C:/ST/STM32CubeIDE_2.0.0/STM32CubeIDE/plugins/com.st.stm32cube.ide.mcu.externaltools.gnu-tools-for-stm32.13.3.rel1.win32_1.0.100.202509120712/tools/bin/../lib/gcc/arm-none-eabi/13.3.1/thumb/v7e-m+dp/hard/crti.o
LOAD C:/ST/STM32CubeIDE_2.0.0/STM32CubeIDE/plugins/com.st.stm32cube.ide.mcu.externaltools.gnu-tools-for-stm32.13.3.rel1.win32_1.0.100.202509120712/tools/bin/../lib/gcc/arm-none-eabi/13.3.1/thumb/v7e-m+dp/hard/crtbegin.o
LOAD C:/ST/STM32CubeIDE_2.0.0/STM32CubeIDE/plugins/com.st.stm32cube.ide.mcu.externaltools.gnu-tools-for-stm32.13.3.rel1.win32_1.0.100.202509120712/tools/bin/../lib/gcc/arm-none-eabi/13.3.1/../../../../arm-none-eabi/lib/thumb/v7e-m+dp/hard/crt0.o
LOAD ./Core/Src/adc.o
LOAD ./Core/Src/app_timers.o
LOAD ./Core/Src/audio_plotter.o
LOAD ./Core/Src/audio_plotter_draw.o
LOAD ./Core/Src/audio_plotter_sample.o
LOAD ./Core/Src/audio_queue.o
LOAD ./Core/Src/dma.o
LOAD ./Core/Src/main.o
LOAD ./Core/Src/measureCycles.o
LOAD ./Core/Src/plot_adc.o
LOAD ./Core/Src/plot_mems.o
LOAD ./Core/Src/stm32h7xx_it.o
LOAD ./Core/Src/syscalls.o
LOAD ./Core/Src/sysmem.o
LOAD ./Core/Src/system_stm32h7xx.o
LOAD ./Core/Src/tim.o
LOAD ./Core/Startup/startup_stm32h750xbhx.o
LOAD ./Drivers/BSP/Components/ft5336/ft5336.o
LOAD ./Drivers/BSP/Components/ft5336/ft5336_reg.o
LOAD ./Drivers/BSP/Components/mt25tl01g/mt25tl01g.o
LOAD ./Drivers/BSP/Components/mt48lc4m32b2/mt48lc4m32b2.o
LOAD ./Drivers/BSP/Components/wm8994/wm8994.o
LOAD ./Drivers/BSP/Components/wm8994/wm8994_reg.o
LOAD ./Drivers/BSP/STM32H750B-DK/stm32h750b_discovery.o
LOAD ./Drivers/BSP/STM32H750B-DK/stm32h750b_discovery_audio.o
LOAD ./Drivers/BSP/STM32H750B-DK/stm32h750b_discovery_bus.o
LOAD ./Drivers/BSP/STM32H750B-DK/stm32h750b_discovery_lcd.o
LOAD ./Drivers/BSP/STM32H750B-DK/stm32h750b_discovery_qspi.o
LOAD ./Drivers/BSP/STM32H750B-DK/stm32h750b_discovery_sdram.o
LOAD ./Drivers/BSP/STM32H750B-DK/stm32h750b_discovery_ts.o
LOAD ./Drivers/STM32H7xx_HAL_Driver/Src/stm32h7xx_hal.o
LOAD ./Drivers/STM32H7xx_HAL_Driver/Src/stm32h7xx_hal_adc.o
LOAD ./Drivers/STM32H7xx_HAL_Driver/Src/stm32h7xx_hal_adc_ex.o
LOAD ./Drivers/STM32H7xx_HAL_Driver/Src/stm32h7xx_hal_cec.o
LOAD ./Drivers/STM32H7xx_HAL_Driver/Src/stm32h7xx_hal_comp.o
LOAD ./Drivers/STM32H7xx_HAL_Driver/Src/stm32h7xx_hal_cordic.o
LOAD ./Drivers/STM32H7xx_HAL_Driver/Src/stm32h7xx_hal_cortex.o
LOAD ./Drivers/STM32H7xx_HAL_Driver/Src/stm32h7xx_hal_crc.o
LOAD ./Drivers/STM32H7xx_HAL_Driver/Src/stm32h7xx_hal_crc_ex.o
LOAD ./Drivers/STM32H7xx_HAL_Driver/Src/stm32h7xx_hal_cryp.o
LOAD ./Drivers/STM32H7xx_HAL_Driver/Src/stm32h7xx_hal_cryp_ex.o
LOAD ./Drivers/STM32H7xx_HAL_Driver/Src/stm32h7xx_hal_dac.o
LOAD ./Drivers/STM32H7xx_HAL_Driver/Src/stm32h7xx_hal_dac_ex.o
LOAD ./Drivers/STM32H7xx_HAL_Driver/Src/stm32h7xx_hal_dcmi.o
LOAD ./Drivers/STM32H7xx_HAL_Driver/Src/stm32h7xx_hal_dfsdm.o
LOAD ./Drivers/STM32H7xx_HAL_Driver/Src/stm32h7xx_hal_dfsdm_ex.o
LOAD ./Drivers/STM32H7xx_HAL_Driver/Src/stm32h7xx_hal_dma.o
LOAD ./Drivers/STM32H7xx_HAL_Driver/Src/stm32h7xx_hal_dma2d.o
LOAD ./Drivers/STM32H7xx_HAL_Driver/Src/stm32h7xx_hal_dma_ex.o
LOAD ./Drivers/STM32H7xx_HAL_Driver/Src/stm32h7xx_hal_dsi.o
LOAD ./Drivers/STM32H7xx_HAL_Driver/Src/stm32h7xx_hal_dts.o
LOAD ./Drivers/STM32H7xx_HAL_Driver/Src/stm32h7xx_hal_eth.o
LOAD ./Drivers/STM32H7xx_HAL_Driver/Src/stm32h7xx_hal_eth_ex.o
LOAD ./Drivers/STM32H7xx_HAL_Driver/Src/stm32h7xx_hal_exti.o
LOAD ./Drivers/STM32H7xx_HAL_Driver/Src/stm32h7xx_hal_fdcan.o
LOAD ./Drivers/STM32H7xx_HAL_Driver/Src/stm32h7xx_hal_flash.o
LOAD ./Drivers/STM32H7xx_HAL_Driver/Src/stm32h7xx_hal_flash_ex.o
LOAD ./Drivers/STM32H7xx_HAL_Driver/Src/stm32h7xx_hal_fmac.o
LOAD ./Drivers/STM32H7xx_HAL_Driver/Src/stm32h7xx_hal_gfxmmu.o
LOAD ./Drivers/STM32H7xx_HAL_Driver/Src/stm32h7xx_hal_gpio.o
LOAD ./Drivers/STM32H7xx_HAL_Driver/Src/stm32h7xx_hal_hash.o
LOAD ./Drivers/STM32H7xx_HAL_Driver/Src/stm32h7xx_hal_hash_ex.o
LOAD ./Drivers/STM32H7xx_HAL_Driver/Src/stm32h7xx_hal_hcd.o
LOAD ./Drivers/STM32H7xx_HAL_Driver/Src/stm32h7xx_hal_hrtim.o
LOAD ./Drivers/STM32H7xx_HAL_Driver/Src/stm32h7xx_hal_hsem.o
LOAD ./Drivers/STM32H7xx_HAL_Driver/Src/stm32h7xx_hal_i2c.o
LOAD ./Drivers/STM32H7xx_HAL_Driver/Src/stm32h7xx_hal_i2c_ex.o
LOAD ./Drivers/STM32H7xx_HAL_Driver/Src/stm32h7xx_hal_i2s.o
LOAD ./Drivers/STM32H7xx_HAL_Driver/Src/stm32h7xx_hal_i2s_ex.o
LOAD ./Drivers/STM32H7xx_HAL_Driver/Src/stm32h7xx_hal_irda.o
LOAD ./Drivers/STM32H7xx_HAL_Driver/Src/stm32h7xx_hal_iwdg.o
LOAD ./Drivers/STM32H7xx_HAL_Driver/Src/stm32h7xx_hal_jpeg.o
LOAD ./Drivers/STM32H7xx_HAL_Driver/Src/stm32h7xx_hal_lptim.o
LOAD ./Drivers/STM32H7xx_HAL_Driver/Src/stm32h7xx_hal_ltdc.o
LOAD ./Drivers/STM32H7xx_HAL_Driver/Src/stm32h7xx_hal_ltdc_ex.o
LOAD ./Drivers/STM32H7xx_HAL_Driver/Src/stm32h7xx_hal_mdios.o
LOAD ./Drivers/STM32H7xx_HAL_Driver/Src/stm32h7xx_hal_mdma.o
LOAD ./Drivers/STM32H7xx_HAL_Driver/Src/stm32h7xx_hal_mmc.o
LOAD ./Drivers/STM32H7xx_HAL_Driver/Src/stm32h7xx_hal_mmc_ex.o
LOAD ./Drivers/STM32H7xx_HAL_Driver/Src/stm32h7xx_hal_msp_template.o
LOAD ./Drivers/STM32H7xx_HAL_Driver/Src/stm32h7xx_hal_nand.o
LOAD ./Drivers/STM32H7xx_HAL_Driver/Src/stm32h7xx_hal_nor.o
LOAD ./Drivers/STM32H7xx_HAL_Driver/Src/stm32h7xx_hal_opamp.o
LOAD ./Drivers/STM32H7xx_HAL_Driver/Src/stm32h7xx_hal_opamp_ex.o
LOAD ./Drivers/STM32H7xx_HAL_Driver/Src/stm32h7xx_hal_ospi.o
LOAD ./Drivers/STM32H7xx_HAL_Driver/Src/stm32h7xx_hal_otfdec.o
LOAD ./Drivers/STM32H7xx_HAL_Driver/Src/stm32h7xx_hal_pcd.o
LOAD ./Drivers/STM32H7xx_HAL_Driver/Src/stm32h7xx_hal_pcd_ex.o
LOAD ./Drivers/STM32H7xx_HAL_Driver/Src/stm32h7xx_hal_pssi.o
LOAD ./Drivers/STM32H7xx_HAL_Driver/Src/stm32h7xx_hal_pwr.o
LOAD ./Drivers/STM32H7xx_HAL_Driver/Src/stm32h7xx_hal_pwr_ex.o
LOAD ./Drivers/STM32H7xx_HAL_Driver/Src/stm32h7xx_hal_qspi.o
LOAD ./Drivers/STM32H7xx_HAL_Driver/Src/stm32h7xx_hal_ramecc.o
LOAD ./Drivers/STM32H7xx_HAL_Driver/Src/stm32h7xx_hal_rcc.o
LOAD ./Drivers/STM32H7xx_HAL_Driver/Src/stm32h7xx_hal_rcc_ex.o
LOAD ./Drivers/STM32H7xx_HAL_Driver/Src/stm32h7xx_hal_rng.o
LOAD ./Drivers/STM32H7xx_HAL_Driver/Src/stm32h7xx_hal_rng_ex.o
LOAD ./Drivers/STM32H7xx_HAL_Driver/Src/stm32h7xx_hal_rtc.o
LOAD ./Drivers/STM32H7xx_HAL_Driver/Src/stm32h7xx_hal_rtc_ex.o
LOAD ./Drivers/STM32H7xx_HAL_Driver/Src/stm32h7xx_hal_sai.o
LOAD ./Drivers/STM32H7xx_HAL_Driver/Src/stm32h7xx_hal_sai_ex.o
LOAD ./Drivers/STM32H7xx_HAL_Driver/Src/stm32h7xx_hal_sd.o
LOAD ./Drivers/STM32H7xx_HAL_Driver/Src/stm32h7xx_hal_sd_ex.o
LOAD ./Drivers/STM32H7xx_HAL_Driver/Src/stm32h7xx_hal_sdio.o
LOAD ./Drivers/STM32H7xx_HAL_Driver/Src/stm32h7xx_hal_sdram.o
LOAD ./Drivers/STM32H7xx_HAL_Driver/Src/stm32h7xx_hal_smartcard.o
LOAD ./Drivers/STM32H7xx_HAL_Driver/Src/stm32h7xx_hal_smartcard_ex.o
LOAD ./Drivers/STM32H7xx_HAL_Driver/Src/stm32h7xx_hal_smbus.o
LOAD ./Drivers/STM32H7xx_HAL_Driver/Src/stm32h7xx_hal_smbus_ex.o
LOAD ./Drivers/STM32H7xx_HAL_Driver/Src/stm32h7xx_hal_spdifrx.o
LOAD ./Drivers/STM32H7xx_HAL_Driver/Src/stm32h7xx_hal_spi.o
LOAD ./Drivers/STM32H7xx_HAL_Driver/Src/stm32h7xx_hal_spi_ex.o
LOAD ./Drivers/STM32H7xx_HAL_Driver/Src/stm32h7xx_hal_sram.o
LOAD ./Drivers/STM32H7xx_HAL_Driver/Src/stm32h7xx_hal_swpmi.o
LOAD ./Drivers/STM32H7xx_HAL_Driver/Src/stm32h7xx_hal_tim.o
LOAD ./Drivers/STM32H7xx_HAL_Driver/Src/stm32h7xx_hal_tim_ex.o
LOAD ./Drivers/STM32H7xx_HAL_Driver/Src/stm32h7xx_hal_uart.o
LOAD ./Drivers/STM32H7xx_HAL_Driver/Src/stm32h7xx_hal_uart_ex.o
LOAD ./Drivers/STM32H7xx_HAL_Driver/Src/stm32h7xx_hal_usart.o
LOAD ./Drivers/STM32H7xx_HAL_Driver/Src/stm32h7xx_hal_usart_ex.o
LOAD ./Drivers/STM32H7xx_HAL_Driver/Src/stm32h7xx_hal_wwdg.o
LOAD ./Drivers/STM32H7xx_HAL_Driver/Src/stm32h7xx_ll_fmc.o
LOAD ./Drivers/STM32H7xx_HAL_Driver/Src/stm32h7xx_ll_sdmmc.o
LOAD ./PDM2PCM/App/pdm2pcm.o
LOAD ./Utilities/lcd/stm32_lcd.o
START GROUP
LOAD ../Middlewares/ST/STM32_Audio/Addons/PDM/Lib\libPDMFilter_CM7_GCC_wc32.a
LOAD ../Middlewares/ST/STM32_Audio/Addons/PDM/Lib\libPDMFilter_CM7_IAR_wc32.a
END GROUP
START GROUP
LOAD C:/ST/STM32CubeIDE_2.0.0/STM32CubeIDE/plugins/com.st.stm32cube.ide.mcu.externaltools.gnu-tools-for-stm32.13.3.rel1.win32_1.0.100.202509120712/tools/bin/../lib/gcc/arm-none-eabi/13.3.1/../../../../arm-none-eabi/lib/thumb/v7e-m+dp/hard\libc_nano.a
LOAD C:/ST/STM32CubeIDE_2.0.0/STM32CubeIDE/plugins/com.st.stm32cube.ide.mcu.externaltools.gnu-tools-for-stm32.13.3.rel1.win32_1.0.100.202509120712/tools/bin/../lib/gcc/arm-none-eabi/13.3.1/../../../../arm-none-eabi/lib/thumb/v7e-m+dp/hard\libm.a
END GROUP
START GROUP
LOAD C:/ST/STM32CubeIDE_2.0.0/STM32CubeIDE/plugins/com.st.stm32cube.ide.mcu.externaltools.gnu-tools-for-stm32.13.3.rel1.win32_1.0.100.202509120712/tools/bin/../lib/gcc/arm-none-eabi/13.3.1/thumb/v7e-m+dp/hard\libgcc.a
LOAD C:/ST/STM32CubeIDE_2.0.0/STM32CubeIDE/plugins/com.st.stm32cube.ide.mcu.externaltools.gnu-tools-for-stm32.13.3.rel1.win32_1.0.100.202509120712/tools/bin/../lib/gcc/arm-none-eabi/13.3.1/../../../../arm-none-eabi/lib/thumb/v7e-m+dp/hard\libc_nano.a
END GROUP
START GROUP
LOAD C:/ST/STM32CubeIDE_2.0.0/STM32CubeIDE/plugins/com.st.stm32cube.ide.mcu.externaltools.gnu-tools-for-stm32.13.3.rel1.win32_1.0.100.202509120712/tools/bin/../lib/gcc/arm-none-eabi/13.3.1/thumb/v7e-m+dp/hard\libgcc.a
LOAD C:/ST/STM32CubeIDE_2.0.0/STM32CubeIDE/plugins/com.st.stm32cube.ide.mcu.externaltools.gnu-tools-for-stm32.13.3.rel1.win32_1.0.100.202509120712/tools/bin/../lib/gcc/arm-none-eabi/13.3.1/../../../../arm-none-eabi/lib/thumb/v7e-m+dp/hard\libc_nano.a
LOAD C:/ST/STM32CubeIDE_2.0.0/STM32CubeIDE/plugins/com.st.stm32cube.ide.mcu.externaltools.gnu-tools-for-stm32.13.3.rel1.win32_1.0.100.202509120712/tools/bin/../lib/gcc/arm-none-eabi/13.3.1/../../../../arm-none-eabi/lib/thumb/v7e-m+dp/hard\libnosys.a
END GROUP
START GROUP
LOAD C:/ST/STM32CubeIDE_2.0.0/STM32CubeIDE/plugins/com.st.stm32cube.ide.mcu.externaltools.gnu-tools-for-stm32.13.3.rel1.win32_1.0.100.202509120712/tools/bin/../lib/gcc/arm-none-eabi/13.3.1/thumb/v7e-m+dp/hard\libgcc.a
LOAD C:/ST/STM32CubeIDE_2.0.0/STM32CubeIDE/plugins/com.st.stm32cube.ide.mcu.externaltools.gnu-tools-for-stm32.13.3.rel1.win32_1.0.100.202509120712/tools/bin/../lib/gcc/arm-none-eabi/13.3.1/../../../../arm-none-eabi/lib/thumb/v7e-m+dp/hard\libc_nano.a
LOAD C:/ST/STM32CubeIDE_2.0.0/STM32CubeIDE/plugins/com.st.stm32cube.ide.mcu.externaltools.gnu-tools-for-stm32.13.3.rel1.win32_1.0.100.202509120712/tools/bin/../lib/gcc/arm-none-eabi/13.3.1/../../../../arm-none-eabi/lib/thumb/v7e-m+dp/hard\libnosys.a
END GROUP
LOAD C:/ST/STM32CubeIDE_2.0.0/STM32CubeIDE/plugins/com.st.stm32cube.ide.mcu.externaltools.gnu-tools-for-stm32.13.3.rel1.win32_1.0.100.202509120712/tools/bin/../lib/gcc/arm-none-eabi/13.3.1/thumb/v7e-m+dp/hard/crtend.o
LOAD C:/ST/STM32CubeIDE_2.0.0/STM32CubeIDE/plugins/com.st.stm32cube.ide.mcu.externaltools.gnu-tools-for-stm32.13.3.rel1.win32_1.0.100.202509120712/tools/bin/../lib/gcc/arm-none-eabi/13.3.1/thumb/v7e-m+dp/hard/crtn.o
                0x24080000                        _estack = (ORIGIN (RAM_D1) + LENGTH (RAM_D1))
                0x00000200                        _Min_Heap_Size = 0x200
                0x00000400                        _Min_Stack_Size = 0x400

.isr_vector     0x08000000      0x298
                0x08000000                        . = ALIGN (0x4)
 *(.isr_vector)
 .isr_vector    0x08000000      0x298 ./Core/Startup/startup_stm32h750xbhx.o
                0x08000000                g_pfnVectors
                0x08000298                        . = ALIGN (0x4)

.text           0x080002a0     0xe39c
                0x080002a0                        . = ALIGN (0x4)
 *(.text)
 .text          0x080002a0       0x40 C:/ST/STM32CubeIDE_2.0.0/STM32CubeIDE/plugins/com.st.stm32cube.ide.mcu.externaltools.gnu-tools-for-stm32.13.3.rel1.win32_1.0.100.202509120712/tools/bin/../lib/gcc/arm-none-eabi/13.3.1/thumb/v7e-m+dp/hard/crtbegin.o
 .text          0x080002e0       0xa0 C:/ST/STM32CubeIDE_2.0.0/STM32CubeIDE/plugins/com.st.stm32cube.ide.mcu.externaltools.gnu-tools-for-stm32.13.3.rel1.win32_1.0.100.202509120712/tools/bin/../lib/gcc/arm-none-eabi/13.3.1/../../../../arm-none-eabi/lib/thumb/v7e-m+dp/hard\libc_nano.a(libc_a-memchr.o)
                0x080002e0                memchr
 .text          0x08000380       0x10 C:/ST/STM32CubeIDE_2.0.0/STM32CubeIDE/plugins/com.st.stm32cube.ide.mcu.externaltools.gnu-tools-for-stm32.13.3.rel1.win32_1.0.100.202509120712/tools/bin/../lib/gcc/arm-none-eabi/13.3.1/../../../../arm-none-eabi/lib/thumb/v7e-m+dp/hard\libc_nano.a(libc_a-strlen.o)
                0x08000380                strlen
 *(.text*)
 .text.segment_config
                0x08000390       0x34 ./Core/Src/audio_plotter.o
                0x08000390                segment_config
 .text.init_plotter
                0x080003c4       0x54 ./Core/Src/audio_plotter.o
                0x080003c4                init_plotter
 .text.plot_audio
                0x08000418       0x80 ./Core/Src/audio_plotter.o
                0x08000418                plot_audio
 .text.error_handler
                0x08000498        0x6 ./Core/Src/audio_plotter.o
                0x08000498                error_handler
 *fill*         0x0800049e        0x2 
 .text.Custom_DMA2D_CompleteCallback
                0x080004a0        0xc ./Core/Src/audio_plotter_draw.o
                0x080004a0                Custom_DMA2D_CompleteCallback
 .text.Custom_DMA2D_ErrorCallback
                0x080004ac        0xc ./Core/Src/audio_plotter_draw.o
                0x080004ac                Custom_DMA2D_ErrorCallback
 .text.swap_buffers
                0x080004b8       0x30 ./Core/Src/audio_plotter_draw.o
                0x080004b8                swap_buffers
 .text.init_draw_module
                0x080004e8       0x24 ./Core/Src/audio_plotter_draw.o
                0x080004e8                init_draw_module
 .text.wipe_dma2d_buffer_fast
                0x0800050c       0x54 ./Core/Src/audio_plotter_draw.o
                0x0800050c                wipe_dma2d_buffer_fast
 .text.copy_dma2d_window_fast
                0x08000560       0x58 ./Core/Src/audio_plotter_draw.o
                0x08000560                copy_dma2d_window_fast
 .text.bresnhams_line
                0x080005b8       0x88 ./Core/Src/audio_plotter_draw.o
                0x080005b8                bresnhams_line
 .text.draw_wave
                0x08000640      0x16c ./Core/Src/audio_plotter_draw.o
                0x08000640                draw_wave
 .text.draw_segment
                0x080007ac       0xdc ./Core/Src/audio_plotter_draw.o
                0x080007ac                draw_segment
 .text.copy_bspUI_to_backbuff
                0x08000888       0x80 ./Core/Src/audio_plotter_draw.o
                0x08000888                copy_bspUI_to_backbuff
 .text.simple_downsample
                0x08000908       0x42 ./Core/Src/audio_plotter_sample.o
                0x08000908                simple_downsample
 *fill*         0x0800094a        0x2 
 .text.peak_downsample
                0x0800094c       0x78 ./Core/Src/audio_plotter_sample.o
                0x0800094c                peak_downsample
 .text.avg_downsample
                0x080009c4       0x5c ./Core/Src/audio_plotter_sample.o
                0x080009c4                avg_downsample
 .text.sample   0x08000a20       0x78 ./Core/Src/audio_plotter_sample.o
                0x08000a20                sample
 .text.plotter_queue_push
                0x08000a98       0x46 ./Core/Src/audio_queue.o
                0x08000a98                plotter_queue_push
 .text.plotter_queue_pop
                0x08000ade       0x4a ./Core/Src/audio_queue.o
                0x08000ade                plotter_queue_pop
 .text.Display_DemoDescription
                0x08000b28       0xd0 ./Core/Src/main.o
 .text.CheckForUserInput
                0x08000bf8        0xc ./Core/Src/main.o
                0x08000bf8                CheckForUserInput
 .text.BSP_PB_Callback
                0x08000c04       0x10 ./Core/Src/main.o
                0x08000c04                BSP_PB_Callback
 .text.Error_Handler
                0x08000c14        0xa ./Core/Src/main.o
                0x08000c14                Error_Handler
 *fill*         0x08000c1e        0x2 
 .text.MPU_Config_SDRAM_NonCacheable
                0x08000c20       0x38 ./Core/Src/main.o
                0x08000c20                MPU_Config_SDRAM_NonCacheable
 .text.startup.main
                0x08000c58      0x278 ./Core/Src/main.o
                0x08000c58                main
 .text.get_system_clock
                0x08000ed0        0x4 ./Core/Src/measureCycles.o
                0x08000ed0                get_system_clock
 .text.DWT_Init
                0x08000ed4       0x28 ./Core/Src/measureCycles.o
                0x08000ed4                DWT_Init
 .text.DWT_GetCycles
                0x08000efc        0xc ./Core/Src/measureCycles.o
                0x08000efc                DWT_GetCycles
 .text.PlotMemsDemo
                0x08000f08      0x13c ./Core/Src/plot_mems.o
                0x08000f08                PlotMemsDemo
 .text.Process_Input
                0x08001044       0x9c ./Core/Src/plot_mems.o
                0x08001044                Process_Input
 .text.BSP_AUDIO_IN_TransferComplete_CallBack
                0x080010e0       0x34 ./Core/Src/plot_mems.o
                0x080010e0                BSP_AUDIO_IN_TransferComplete_CallBack
 .text.BSP_AUDIO_IN_HalfTransfer_CallBack
                0x08001114       0x38 ./Core/Src/plot_mems.o
                0x08001114                BSP_AUDIO_IN_HalfTransfer_CallBack
 .text.NMI_Handler
                0x0800114c        0x2 ./Core/Src/stm32h7xx_it.o
                0x0800114c                NMI_Handler
 .text.HardFault_Handler
                0x0800114e        0x2 ./Core/Src/stm32h7xx_it.o
                0x0800114e                HardFault_Handler
 .text.MemManage_Handler
                0x08001150        0x2 ./Core/Src/stm32h7xx_it.o
                0x08001150                MemManage_Handler
 .text.BusFault_Handler
                0x08001152        0x2 ./Core/Src/stm32h7xx_it.o
                0x08001152                BusFault_Handler
 .text.UsageFault_Handler
                0x08001154        0x2 ./Core/Src/stm32h7xx_it.o
                0x08001154                UsageFault_Handler
 .text.SVC_Handler
                0x08001156        0x2 ./Core/Src/stm32h7xx_it.o
                0x08001156                SVC_Handler
 .text.DebugMon_Handler
                0x08001158        0x2 ./Core/Src/stm32h7xx_it.o
                0x08001158                DebugMon_Handler
 .text.PendSV_Handler
                0x0800115a        0x2 ./Core/Src/stm32h7xx_it.o
                0x0800115a                PendSV_Handler
 .text.SysTick_Handler
                0x0800115c        0x4 ./Core/Src/stm32h7xx_it.o
                0x0800115c                SysTick_Handler
 .text.EXTI15_10_IRQHandler
                0x08001160        0x6 ./Core/Src/stm32h7xx_it.o
                0x08001160                EXTI15_10_IRQHandler
 .text.DMA2_Stream1_IRQHandler
                0x08001166        0x6 ./Core/Src/stm32h7xx_it.o
                0x08001166                DMA2_Stream1_IRQHandler
 .text.DMA2_Stream4_IRQHandler
                0x0800116c       0x10 ./Core/Src/stm32h7xx_it.o
                0x0800116c                DMA2_Stream4_IRQHandler
 .text.BDMA_Channel1_IRQHandler
                0x0800117c        0x8 ./Core/Src/stm32h7xx_it.o
                0x0800117c                BDMA_Channel1_IRQHandler
 .text.MDMA_IRQHandler
                0x08001184        0x6 ./Core/Src/stm32h7xx_it.o
                0x08001184                MDMA_IRQHandler
 *fill*         0x0800118a        0x2 
 .text.DMA1_Stream1_IRQHandler
                0x0800118c        0xc ./Core/Src/stm32h7xx_it.o
                0x0800118c                DMA1_Stream1_IRQHandler
 .text.DMA2D_IRQHandler
                0x08001198        0xc ./Core/Src/stm32h7xx_it.o
                0x08001198                DMA2D_IRQHandler
 .text._getpid  0x080011a4        0x4 ./Core/Src/syscalls.o
                0x080011a4                _getpid
 .text._kill    0x080011a8       0x10 ./Core/Src/syscalls.o
                0x080011a8                _kill
 .text._exit    0x080011b8        0xc ./Core/Src/syscalls.o
                0x080011b8                _exit
 .text._read    0x080011c4       0x1c ./Core/Src/syscalls.o
                0x080011c4                _read
 .text._write   0x080011e0       0x1c ./Core/Src/syscalls.o
                0x080011e0                _write
 .text._close   0x080011fc        0x6 ./Core/Src/syscalls.o
                0x080011fc                _close
 .text._fstat   0x08001202        0xa ./Core/Src/syscalls.o
                0x08001202                _fstat
 .text._isatty  0x0800120c        0x4 ./Core/Src/syscalls.o
                0x0800120c                _isatty
 .text._lseek   0x08001210        0x4 ./Core/Src/syscalls.o
                0x08001210                _lseek
 .text._sbrk    0x08001214       0x40 ./Core/Src/sysmem.o
                0x08001214                _sbrk
 .text.SystemInit
                0x08001254       0xc0 ./Core/Src/system_stm32h7xx.o
                0x08001254                SystemInit
 .text.Reset_Handler
                0x08001314       0x50 ./Core/Startup/startup_stm32h750xbhx.o
                0x08001314                Reset_Handler
 .text.Default_Handler
                0x08001364        0x2 ./Core/Startup/startup_stm32h750xbhx.o
                0x08001364                RTC_Alarm_IRQHandler
                0x08001364                HASH_RNG_IRQHandler
                0x08001364                EXTI2_IRQHandler
                0x08001364                TIM8_CC_IRQHandler
                0x08001364                HRTIM1_Master_IRQHandler
                0x08001364                UART8_IRQHandler
                0x08001364                SPI4_IRQHandler
                0x08001364                TIM1_CC_IRQHandler
                0x08001364                BDMA_Channel6_IRQHandler
                0x08001364                DMA2_Stream5_IRQHandler
                0x08001364                HRTIM1_FLT_IRQHandler
                0x08001364                JPEG_IRQHandler
                0x08001364                DMA1_Stream5_IRQHandler
                0x08001364                HRTIM1_TIMD_IRQHandler
                0x08001364                TAMP_STAMP_IRQHandler
                0x08001364                EXTI3_IRQHandler
                0x08001364                LPTIM4_IRQHandler
                0x08001364                TIM8_TRG_COM_TIM14_IRQHandler
                0x08001364                LPTIM2_IRQHandler
                0x08001364                DFSDM1_FLT1_IRQHandler
                0x08001364                DMAMUX2_OVR_IRQHandler
                0x08001364                TIM8_UP_TIM13_IRQHandler
                0x08001364                I2C3_ER_IRQHandler
                0x08001364                DFSDM1_FLT2_IRQHandler
                0x08001364                LPTIM3_IRQHandler
                0x08001364                HSEM1_IRQHandler
                0x08001364                EXTI0_IRQHandler
                0x08001364                I2C2_EV_IRQHandler
                0x08001364                DMA1_Stream2_IRQHandler
                0x08001364                FPU_IRQHandler
                0x08001364                OTG_HS_WKUP_IRQHandler
                0x08001364                FDCAN1_IT1_IRQHandler
                0x08001364                LTDC_ER_IRQHandler
                0x08001364                DMA2_Stream2_IRQHandler
                0x08001364                HRTIM1_TIME_IRQHandler
                0x08001364                SPI1_IRQHandler
                0x08001364                TIM6_DAC_IRQHandler
                0x08001364                DCMI_IRQHandler
                0x08001364                HRTIM1_TIMC_IRQHandler
                0x08001364                DMA2_Stream3_IRQHandler
                0x08001364                SAI2_IRQHandler
                0x08001364                DFSDM1_FLT3_IRQHandler
                0x08001364                USART6_IRQHandler
                0x08001364                TIM17_IRQHandler
                0x08001364                USART3_IRQHandler
                0x08001364                BDMA_Channel7_IRQHandler
                0x08001364                CRYP_IRQHandler
                0x08001364                LPTIM5_IRQHandler
                0x08001364                UART5_IRQHandler
                0x08001364                ADC3_IRQHandler
                0x08001364                DMA2_Stream0_IRQHandler
                0x08001364                TIM4_IRQHandler
                0x08001364                BDMA_Channel2_IRQHandler
                0x08001364                QUADSPI_IRQHandler
                0x08001364                I2C1_EV_IRQHandler
                0x08001364                DMA1_Stream6_IRQHandler
                0x08001364                DMAMUX1_OVR_IRQHandler
                0x08001364                TIM16_IRQHandler
                0x08001364                UART4_IRQHandler
                0x08001364                BDMA_Channel5_IRQHandler
                0x08001364                TIM3_IRQHandler
                0x08001364                RCC_IRQHandler
                0x08001364                TIM8_BRK_TIM12_IRQHandler
                0x08001364                TIM1_TRG_COM_IRQHandler
                0x08001364                Default_Handler
                0x08001364                ECC_IRQHandler
                0x08001364                CEC_IRQHandler
                0x08001364                BDMA_Channel0_IRQHandler
                0x08001364                ADC_IRQHandler
                0x08001364                DMA1_Stream7_IRQHandler
                0x08001364                HRTIM1_TIMA_IRQHandler
                0x08001364                SPI5_IRQHandler
                0x08001364                TIM7_IRQHandler
                0x08001364                SDMMC1_IRQHandler
                0x08001364                TIM5_IRQHandler
                0x08001364                DMA2_Stream7_IRQHandler
                0x08001364                TIM15_IRQHandler
                0x08001364                PVD_AVD_IRQHandler
                0x08001364                I2C3_EV_IRQHandler
                0x08001364                EXTI9_5_IRQHandler
                0x08001364                RTC_WKUP_IRQHandler
                0x08001364                LTDC_IRQHandler
                0x08001364                SAI3_IRQHandler
                0x08001364                ETH_WKUP_IRQHandler
                0x08001364                SPDIF_RX_IRQHandler
                0x08001364                SPI2_IRQHandler
                0x08001364                OTG_HS_EP1_IN_IRQHandler
                0x08001364                DMA1_Stream0_IRQHandler
                0x08001364                CRS_IRQHandler
                0x08001364                EXTI4_IRQHandler
                0x08001364                HRTIM1_TIMB_IRQHandler
                0x08001364                FDCAN2_IT1_IRQHandler
                0x08001364                ETH_IRQHandler
                0x08001364                TIM1_UP_IRQHandler
                0x08001364                BDMA_Channel4_IRQHandler
                0x08001364                OTG_HS_EP1_OUT_IRQHandler
                0x08001364                WWDG_IRQHandler
                0x08001364                SPI6_IRQHandler
                0x08001364                MDIOS_IRQHandler
                0x08001364                I2C4_EV_IRQHandler
                0x08001364                FDCAN2_IT0_IRQHandler
                0x08001364                LPUART1_IRQHandler
                0x08001364                FDCAN1_IT0_IRQHandler
                0x08001364                TIM2_IRQHandler
                0x08001364                OTG_FS_WKUP_IRQHandler
                0x08001364                OTG_HS_IRQHandler
                0x08001364                TIM1_BRK_IRQHandler
                0x08001364                EXTI1_IRQHandler
                0x08001364                SDMMC2_IRQHandler
                0x08001364                OTG_FS_EP1_OUT_IRQHandler
                0x08001364                BDMA_Channel3_IRQHandler
                0x08001364                UART7_IRQHandler
                0x08001364                MDIOS_WKUP_IRQHandler
                0x08001364                USART2_IRQHandler
                0x08001364                DFSDM1_FLT0_IRQHandler
                0x08001364                SAI4_IRQHandler
                0x08001364                I2C2_ER_IRQHandler
                0x08001364                FLASH_IRQHandler
                0x08001364                USART1_IRQHandler
                0x08001364                OTG_FS_IRQHandler
                0x08001364                SPI3_IRQHandler
                0x08001364                WAKEUP_PIN_IRQHandler
                0x08001364                DMA1_Stream4_IRQHandler
                0x08001364                OTG_FS_EP1_IN_IRQHandler
                0x08001364                I2C1_ER_IRQHandler
                0x08001364                FMC_IRQHandler
                0x08001364                FDCAN_CAL_IRQHandler
                0x08001364                SWPMI1_IRQHandler
                0x08001364                COMP1_IRQHandler
                0x08001364                LPTIM1_IRQHandler
                0x08001364                I2C4_ER_IRQHandler
                0x08001364                DMA2_Stream6_IRQHandler
                0x08001364                SAI1_IRQHandler
                0x08001364                DMA1_Stream3_IRQHandler
 .text.ReadRegWrap
                0x08001366        0xe ./Drivers/BSP/Components/ft5336/ft5336.o
 .text.WriteRegWrap
                0x08001374        0xe ./Drivers/BSP/Components/ft5336/ft5336.o
 .text.FT5336_ReadID
                0x08001382        0x6 ./Drivers/BSP/Components/ft5336/ft5336.o
                0x08001382                FT5336_ReadID
 .text.FT5336_RegisterBusIO
                0x08001388       0x38 ./Drivers/BSP/Components/ft5336/ft5336.o
                0x08001388                FT5336_RegisterBusIO
 .text.ft5336_read_reg
                0x080013c0        0xe ./Drivers/BSP/Components/ft5336/ft5336_reg.o
                0x080013c0                ft5336_read_reg
 .text.ft5336_chip_id
                0x080013ce        0xa ./Drivers/BSP/Components/ft5336/ft5336_reg.o
                0x080013ce                ft5336_chip_id
 .text.MT25TL01G_GetFlashInfo
                0x080013d8       0x22 ./Drivers/BSP/Components/mt25tl01g/mt25tl01g.o
                0x080013d8                MT25TL01G_GetFlashInfo
 .text.MT25TL01G_AutoPollingMemReady
                0x080013fa       0x56 ./Drivers/BSP/Components/mt25tl01g/mt25tl01g.o
                0x080013fa                MT25TL01G_AutoPollingMemReady
 .text.MT25TL01G_WriteEnable
                0x08001450       0x88 ./Drivers/BSP/Components/mt25tl01g/mt25tl01g.o
                0x08001450                MT25TL01G_WriteEnable
 .text.MT25TL01G_Enter4BytesAddressMode
                0x080014d8       0x58 ./Drivers/BSP/Components/mt25tl01g/mt25tl01g.o
                0x080014d8                MT25TL01G_Enter4BytesAddressMode
 .text.MT25TL01G_EnterQPIMode
                0x08001530       0x38 ./Drivers/BSP/Components/mt25tl01g/mt25tl01g.o
                0x08001530                MT25TL01G_EnterQPIMode
 .text.MT25TL01G_ExitQPIMode
                0x08001568       0x38 ./Drivers/BSP/Components/mt25tl01g/mt25tl01g.o
                0x08001568                MT25TL01G_ExitQPIMode
 .text.MT25TL01G_EnableMemoryMappedModeDTR
                0x080015a0       0x94 ./Drivers/BSP/Components/mt25tl01g/mt25tl01g.o
                0x080015a0                MT25TL01G_EnableMemoryMappedModeDTR
 .text.MT25TL01G_EnableMemoryMappedModeSTR
                0x08001634       0x8c ./Drivers/BSP/Components/mt25tl01g/mt25tl01g.o
                0x08001634                MT25TL01G_EnableMemoryMappedModeSTR
 .text.MT25TL01G_ResetEnable
                0x080016c0       0x42 ./Drivers/BSP/Components/mt25tl01g/mt25tl01g.o
                0x080016c0                MT25TL01G_ResetEnable
 .text.MT25TL01G_ResetMemory
                0x08001702       0x42 ./Drivers/BSP/Components/mt25tl01g/mt25tl01g.o
                0x08001702                MT25TL01G_ResetMemory
 .text.MT48LC4M32B2_ClockEnable
                0x08001744       0x28 ./Drivers/BSP/Components/mt48lc4m32b2/mt48lc4m32b2.o
                0x08001744                MT48LC4M32B2_ClockEnable
 .text.MT48LC4M32B2_Precharge
                0x0800176c       0x2c ./Drivers/BSP/Components/mt48lc4m32b2/mt48lc4m32b2.o
                0x0800176c                MT48LC4M32B2_Precharge
 .text.MT48LC4M32B2_ModeRegConfig
                0x08001798       0x3c ./Drivers/BSP/Components/mt48lc4m32b2/mt48lc4m32b2.o
                0x08001798                MT48LC4M32B2_ModeRegConfig
 .text.MT48LC4M32B2_RefreshMode
                0x080017d4       0x28 ./Drivers/BSP/Components/mt48lc4m32b2/mt48lc4m32b2.o
                0x080017d4                MT48LC4M32B2_RefreshMode
 .text.MT48LC4M32B2_RefreshRate
                0x080017fc       0x10 ./Drivers/BSP/Components/mt48lc4m32b2/mt48lc4m32b2.o
                0x080017fc                MT48LC4M32B2_RefreshRate
 .text.MT48LC4M32B2_Init
                0x0800180c       0x5a ./Drivers/BSP/Components/mt48lc4m32b2/mt48lc4m32b2.o
                0x0800180c                MT48LC4M32B2_Init
 .text.WM8994_ReadRegWrap
                0x08001866        0xe ./Drivers/BSP/Components/wm8994/wm8994.o
 .text.WM8994_WriteRegWrap
                0x08001874        0xe ./Drivers/BSP/Components/wm8994/wm8994.o
 .text.WM8994_SetMute
                0x08001882       0x44 ./Drivers/BSP/Components/wm8994/wm8994.o
                0x08001882                WM8994_SetMute
 .text.WM8994_Play
                0x080018c6        0x6 ./Drivers/BSP/Components/wm8994/wm8994.o
                0x080018c6                WM8994_Play
 .text.WM8994_Resume
                0x080018cc        0x4 ./Drivers/BSP/Components/wm8994/wm8994.o
                0x080018cc                WM8994_Resume
 .text.WM8994_Pause
                0x080018d0       0x32 ./Drivers/BSP/Components/wm8994/wm8994.o
                0x080018d0                WM8994_Pause
 .text.WM8994_Stop
                0x08001902       0x92 ./Drivers/BSP/Components/wm8994/wm8994.o
                0x08001902                WM8994_Stop
 .text.WM8994_DeInit
                0x08001994        0x6 ./Drivers/BSP/Components/wm8994/wm8994.o
                0x08001994                WM8994_DeInit
 .text.WM8994_SetVolume
                0x0800199a       0xd2 ./Drivers/BSP/Components/wm8994/wm8994.o
                0x0800199a                WM8994_SetVolume
 .text.WM8994_SetFrequency
                0x08001a6c       0x74 ./Drivers/BSP/Components/wm8994/wm8994.o
                0x08001a6c                WM8994_SetFrequency
 .text.WM8994_ReadID
                0x08001ae0       0x20 ./Drivers/BSP/Components/wm8994/wm8994.o
                0x08001ae0                WM8994_ReadID
 .text.WM8994_GetVolume
                0x08001b00       0x46 ./Drivers/BSP/Components/wm8994/wm8994.o
                0x08001b00                WM8994_GetVolume
 .text.WM8994_SetResolution
                0x08001b46       0x14 ./Drivers/BSP/Components/wm8994/wm8994.o
                0x08001b46                WM8994_SetResolution
 .text.WM8994_GetResolution
                0x08001b5a       0x34 ./Drivers/BSP/Components/wm8994/wm8994.o
                0x08001b5a                WM8994_GetResolution
 .text.WM8994_SetProtocol
                0x08001b8e       0x14 ./Drivers/BSP/Components/wm8994/wm8994.o
                0x08001b8e                WM8994_SetProtocol
 .text.WM8994_GetProtocol
                0x08001ba2       0x20 ./Drivers/BSP/Components/wm8994/wm8994.o
                0x08001ba2                WM8994_GetProtocol
 *fill*         0x08001bc2        0x2 
 .text.WM8994_GetFrequency
                0x08001bc4       0x6c ./Drivers/BSP/Components/wm8994/wm8994.o
                0x08001bc4                WM8994_GetFrequency
 .text.WM8994_Reset
                0x08001c30       0x14 ./Drivers/BSP/Components/wm8994/wm8994.o
                0x08001c30                WM8994_Reset
 .text.WM8994_Delay.isra.0
                0x08001c44       0x18 ./Drivers/BSP/Components/wm8994/wm8994.o
 .text.WM8994_Init
                0x08001c5c      0x82c ./Drivers/BSP/Components/wm8994/wm8994.o
                0x08001c5c                WM8994_Init
 .text.WM8994_SetOutputMode
                0x08002488      0x2fe ./Drivers/BSP/Components/wm8994/wm8994.o
                0x08002488                WM8994_SetOutputMode
 *fill*         0x08002786        0x2 
 .text.WM8994_RegisterBusIO
                0x08002788       0x38 ./Drivers/BSP/Components/wm8994/wm8994.o
                0x08002788                WM8994_RegisterBusIO
 .text.wm8994_read_reg
                0x080027c0       0x16 ./Drivers/BSP/Components/wm8994/wm8994_reg.o
                0x080027c0                wm8994_read_reg
 .text.wm8994_write_reg
                0x080027d6       0x18 ./Drivers/BSP/Components/wm8994/wm8994_reg.o
                0x080027d6                wm8994_write_reg
 .text.wm8994_sw_reset_w
                0x080027ee       0x18 ./Drivers/BSP/Components/wm8994/wm8994_reg.o
                0x080027ee                wm8994_sw_reset_w
 .text.wm8994_sw_reset_r
                0x08002806        0xa ./Drivers/BSP/Components/wm8994/wm8994_reg.o
                0x08002806                wm8994_sw_reset_r
 .text.wm8994_lo_hpout1l_vol_r
                0x08002810       0x1a ./Drivers/BSP/Components/wm8994/wm8994_reg.o
                0x08002810                wm8994_lo_hpout1l_vol_r
 .text.wm8994_aif1_sr_r
                0x0800282a       0x1c ./Drivers/BSP/Components/wm8994/wm8994_reg.o
                0x0800282a                wm8994_aif1_sr_r
 .text.wm8994_aif1_control1_fmt
                0x08002846       0x40 ./Drivers/BSP/Components/wm8994/wm8994_reg.o
                0x08002846                wm8994_aif1_control1_fmt
 .text.wm8994_aif1_control1_fmt_r
                0x08002886       0x1c ./Drivers/BSP/Components/wm8994/wm8994_reg.o
                0x08002886                wm8994_aif1_control1_fmt_r
 .text.wm8994_aif1_control1_wl
                0x080028a2       0x40 ./Drivers/BSP/Components/wm8994/wm8994_reg.o
                0x080028a2                wm8994_aif1_control1_wl
 .text.wm8994_aif1_control1_wl_r
                0x080028e2       0x1c ./Drivers/BSP/Components/wm8994/wm8994_reg.o
                0x080028e2                wm8994_aif1_control1_wl_r
 .text.wm8994_aif1_control1_adcr_src
                0x080028fe       0x40 ./Drivers/BSP/Components/wm8994/wm8994_reg.o
                0x080028fe                wm8994_aif1_control1_adcr_src
 .text.wm8994_aif1_adc1_left_vol_adc1l_r
                0x0800293e       0x18 ./Drivers/BSP/Components/wm8994/wm8994_reg.o
                0x0800293e                wm8994_aif1_adc1_left_vol_adc1l_r
 *fill*         0x08002956        0x2 
 .text.BSP_LED_Init
                0x08002958       0x84 ./Drivers/BSP/STM32H750B-DK/stm32h750b_discovery.o
                0x08002958                BSP_LED_Init
 .text.BSP_LED_On
                0x080029dc       0x20 ./Drivers/BSP/STM32H750B-DK/stm32h750b_discovery.o
                0x080029dc                BSP_LED_On
 .text.BSP_PB_Init
                0x080029fc       0x8c ./Drivers/BSP/STM32H750B-DK/stm32h750b_discovery.o
                0x080029fc                BSP_PB_Init
 .text.BSP_PB_IRQHandler
                0x08002a88       0x10 ./Drivers/BSP/STM32H750B-DK/stm32h750b_discovery.o
                0x08002a88                BSP_PB_IRQHandler
 .text.BUTTON_USER_EXTI_Callback
                0x08002a98        0xa ./Drivers/BSP/STM32H750B-DK/stm32h750b_discovery.o
 *fill*         0x08002aa2        0x2 
 .text.WM8994_Probe
                0x08002aa4       0x8c ./Drivers/BSP/STM32H750B-DK/stm32h750b_discovery_audio.o
 .text.SAI_MspInit
                0x08002b30      0x370 ./Drivers/BSP/STM32H750B-DK/stm32h750b_discovery_audio.o
 .text.SAI_MspDeInit
                0x08002ea0       0x50 ./Drivers/BSP/STM32H750B-DK/stm32h750b_discovery_audio.o
 .text.MX_SAI2_Block_A_Init
                0x08002ef0       0x84 ./Drivers/BSP/STM32H750B-DK/stm32h750b_discovery_audio.o
                0x08002ef0                MX_SAI2_Block_A_Init
 .text.MX_SAI2_ClockConfig
                0x08002f74       0x5e ./Drivers/BSP/STM32H750B-DK/stm32h750b_discovery_audio.o
                0x08002f74                MX_SAI2_ClockConfig
 .text.MX_SAI4_ClockConfig
                0x08002fd2       0x66 ./Drivers/BSP/STM32H750B-DK/stm32h750b_discovery_audio.o
                0x08002fd2                MX_SAI4_ClockConfig
 .text.BSP_AUDIO_OUT_IRQHandler
                0x08003038       0x14 ./Drivers/BSP/STM32H750B-DK/stm32h750b_discovery_audio.o
                0x08003038                BSP_AUDIO_OUT_IRQHandler
 .text.BSP_AUDIO_OUT_Error_CallBack
                0x0800304c        0x2 ./Drivers/BSP/STM32H750B-DK/stm32h750b_discovery_audio.o
                0x0800304c                BSP_AUDIO_OUT_Error_CallBack
 *fill*         0x0800304e        0x2 
 .text.BSP_AUDIO_IN_DeInit
                0x08003050       0x8c ./Drivers/BSP/STM32H750B-DK/stm32h750b_discovery_audio.o
                0x08003050                BSP_AUDIO_IN_DeInit
 .text.MX_SAI2_Block_B_Init
                0x080030dc       0x72 ./Drivers/BSP/STM32H750B-DK/stm32h750b_discovery_audio.o
                0x080030dc                MX_SAI2_Block_B_Init
 .text.MX_SAI4_Block_A_Init
                0x0800314e       0x8a ./Drivers/BSP/STM32H750B-DK/stm32h750b_discovery_audio.o
                0x0800314e                MX_SAI4_Block_A_Init
 .text.BSP_AUDIO_IN_PDMToPCM_Init
                0x080031d8       0x90 ./Drivers/BSP/STM32H750B-DK/stm32h750b_discovery_audio.o
                0x080031d8                BSP_AUDIO_IN_PDMToPCM_Init
 .text.BSP_AUDIO_IN_Init
                0x08003268      0x1b8 ./Drivers/BSP/STM32H750B-DK/stm32h750b_discovery_audio.o
                0x08003268                BSP_AUDIO_IN_Init
 .text.BSP_AUDIO_IN_PDMToPCM
                0x08003420       0x44 ./Drivers/BSP/STM32H750B-DK/stm32h750b_discovery_audio.o
                0x08003420                BSP_AUDIO_IN_PDMToPCM
 .text.BSP_AUDIO_IN_Stop
                0x08003464       0x58 ./Drivers/BSP/STM32H750B-DK/stm32h750b_discovery_audio.o
                0x08003464                BSP_AUDIO_IN_Stop
 .text.BSP_AUDIO_IN_RecordPDM
                0x080034bc       0x34 ./Drivers/BSP/STM32H750B-DK/stm32h750b_discovery_audio.o
                0x080034bc                BSP_AUDIO_IN_RecordPDM
 .text.BSP_AUDIO_IN_IRQHandler
                0x080034f0       0x18 ./Drivers/BSP/STM32H750B-DK/stm32h750b_discovery_audio.o
                0x080034f0                BSP_AUDIO_IN_IRQHandler
 .text.HAL_SAI_RxCpltCallback
                0x08003508       0x18 ./Drivers/BSP/STM32H750B-DK/stm32h750b_discovery_audio.o
                0x08003508                HAL_SAI_RxCpltCallback
 .text.HAL_SAI_RxHalfCpltCallback
                0x08003520       0x18 ./Drivers/BSP/STM32H750B-DK/stm32h750b_discovery_audio.o
                0x08003520                HAL_SAI_RxHalfCpltCallback
 .text.BSP_AUDIO_IN_Error_CallBack
                0x08003538        0x2 ./Drivers/BSP/STM32H750B-DK/stm32h750b_discovery_audio.o
                0x08003538                BSP_AUDIO_IN_Error_CallBack
 *fill*         0x0800353a        0x2 
 .text.HAL_SAI_ErrorCallback
                0x0800353c       0x1c ./Drivers/BSP/STM32H750B-DK/stm32h750b_discovery_audio.o
                0x0800353c                HAL_SAI_ErrorCallback
 .text.BSP_I2C4_DeInit
                0x08003558       0x54 ./Drivers/BSP/STM32H750B-DK/stm32h750b_discovery_bus.o
                0x08003558                BSP_I2C4_DeInit
 .text.MX_I2C4_Init
                0x080035ac       0x3e ./Drivers/BSP/STM32H750B-DK/stm32h750b_discovery_bus.o
                0x080035ac                MX_I2C4_Init
 *fill*         0x080035ea        0x2 
 .text.BSP_I2C4_Init
                0x080035ec      0x2b4 ./Drivers/BSP/STM32H750B-DK/stm32h750b_discovery_bus.o
                0x080035ec                BSP_I2C4_Init
 .text.BSP_I2C4_ReadReg
                0x080038a0       0x34 ./Drivers/BSP/STM32H750B-DK/stm32h750b_discovery_bus.o
                0x080038a0                BSP_I2C4_ReadReg
 .text.BSP_I2C4_WriteReg16
                0x080038d4       0x34 ./Drivers/BSP/STM32H750B-DK/stm32h750b_discovery_bus.o
                0x080038d4                BSP_I2C4_WriteReg16
 .text.BSP_I2C4_ReadReg16
                0x08003908       0x34 ./Drivers/BSP/STM32H750B-DK/stm32h750b_discovery_bus.o
                0x08003908                BSP_I2C4_ReadReg16
 .text.BSP_GetTick
                0x0800393c        0x4 ./Drivers/BSP/STM32H750B-DK/stm32h750b_discovery_bus.o
                0x0800393c                BSP_GetTick
 .text.BSP_LCD_GetPixelFormat
                0x08003940       0x14 ./Drivers/BSP/STM32H750B-DK/stm32h750b_discovery_lcd.o
                0x08003940                BSP_LCD_GetPixelFormat
 .text.BSP_LCD_SetActiveLayer
                0x08003954       0x14 ./Drivers/BSP/STM32H750B-DK/stm32h750b_discovery_lcd.o
                0x08003954                BSP_LCD_SetActiveLayer
 .text.BSP_LCD_GetXSize
                0x08003968       0x14 ./Drivers/BSP/STM32H750B-DK/stm32h750b_discovery_lcd.o
                0x08003968                BSP_LCD_GetXSize
 .text.BSP_LCD_GetYSize
                0x0800397c       0x14 ./Drivers/BSP/STM32H750B-DK/stm32h750b_discovery_lcd.o
                0x0800397c                BSP_LCD_GetYSize
 .text.BSP_LCD_ReadPixel
                0x08003990       0x3c ./Drivers/BSP/STM32H750B-DK/stm32h750b_discovery_lcd.o
                0x08003990                BSP_LCD_ReadPixel
 .text.BSP_LCD_WritePixel
                0x080039cc       0x38 ./Drivers/BSP/STM32H750B-DK/stm32h750b_discovery_lcd.o
                0x080039cc                BSP_LCD_WritePixel
 .text.BSP_LCD_FillRGBRect
                0x08003a04       0x4c ./Drivers/BSP/STM32H750B-DK/stm32h750b_discovery_lcd.o
                0x08003a04                BSP_LCD_FillRGBRect
 .text.BSP_LCD_DrawBitmap
                0x08003a50       0xf4 ./Drivers/BSP/STM32H750B-DK/stm32h750b_discovery_lcd.o
                0x08003a50                BSP_LCD_DrawBitmap
 .text.LL_FillBuffer
                0x08003b44       0xa4 ./Drivers/BSP/STM32H750B-DK/stm32h750b_discovery_lcd.o
 .text.BSP_LCD_DrawHLine
                0x08003be8       0x50 ./Drivers/BSP/STM32H750B-DK/stm32h750b_discovery_lcd.o
                0x08003be8                BSP_LCD_DrawHLine
 .text.BSP_LCD_DrawVLine
                0x08003c38       0x50 ./Drivers/BSP/STM32H750B-DK/stm32h750b_discovery_lcd.o
                0x08003c38                BSP_LCD_DrawVLine
 .text.BSP_LCD_FillRect
                0x08003c88       0x44 ./Drivers/BSP/STM32H750B-DK/stm32h750b_discovery_lcd.o
                0x08003c88                BSP_LCD_FillRect
 .text.MX_LTDC_Init
                0x08003ccc       0x4c ./Drivers/BSP/STM32H750B-DK/stm32h750b_discovery_lcd.o
                0x08003ccc                MX_LTDC_Init
 .text.MX_LTDC_ConfigLayer
                0x08003d18       0x4e ./Drivers/BSP/STM32H750B-DK/stm32h750b_discovery_lcd.o
                0x08003d18                MX_LTDC_ConfigLayer
 .text.MX_LTDC_ClockConfig
                0x08003d66       0x32 ./Drivers/BSP/STM32H750B-DK/stm32h750b_discovery_lcd.o
                0x08003d66                MX_LTDC_ClockConfig
 .text.BSP_LCD_InitEx
                0x08003d98      0x2e0 ./Drivers/BSP/STM32H750B-DK/stm32h750b_discovery_lcd.o
                0x08003d98                BSP_LCD_InitEx
 .text.BSP_LCD_Init
                0x08004078       0x18 ./Drivers/BSP/STM32H750B-DK/stm32h750b_discovery_lcd.o
                0x08004078                BSP_LCD_Init
 .text.MX_QSPI_Init
                0x08004090       0x2c ./Drivers/BSP/STM32H750B-DK/stm32h750b_discovery_qspi.o
                0x08004090                MX_QSPI_Init
 .text.BSP_QSPI_EnableMemoryMappedMode
                0x080040bc       0x38 ./Drivers/BSP/STM32H750B-DK/stm32h750b_discovery_qspi.o
                0x080040bc                BSP_QSPI_EnableMemoryMappedMode
 .text.BSP_QSPI_ConfigFlash
                0x080040f4       0x70 ./Drivers/BSP/STM32H750B-DK/stm32h750b_discovery_qspi.o
                0x080040f4                BSP_QSPI_ConfigFlash
 .text.BSP_QSPI_Init
                0x08004164      0x370 ./Drivers/BSP/STM32H750B-DK/stm32h750b_discovery_qspi.o
                0x08004164                BSP_QSPI_Init
 .text.MX_SDRAM_BANK2_Init
                0x080044d4       0x60 ./Drivers/BSP/STM32H750B-DK/stm32h750b_discovery_sdram.o
                0x080044d4                MX_SDRAM_BANK2_Init
 .text.BSP_SDRAM_Init
                0x08004534      0x1d8 ./Drivers/BSP/STM32H750B-DK/stm32h750b_discovery_sdram.o
                0x08004534                BSP_SDRAM_Init
 .text.BSP_SDRAM_IRQHandler
                0x0800470c       0x14 ./Drivers/BSP/STM32H750B-DK/stm32h750b_discovery_sdram.o
                0x0800470c                BSP_SDRAM_IRQHandler
 .text.HAL_InitTick
                0x08004720       0x4c ./Drivers/STM32H7xx_HAL_Driver/Src/stm32h7xx_hal.o
                0x08004720                HAL_InitTick
 .text.HAL_Init
                0x0800476c       0x5c ./Drivers/STM32H7xx_HAL_Driver/Src/stm32h7xx_hal.o
                0x0800476c                HAL_Init
 .text.HAL_IncTick
                0x080047c8       0x18 ./Drivers/STM32H7xx_HAL_Driver/Src/stm32h7xx_hal.o
                0x080047c8                HAL_IncTick
 .text.HAL_GetTick
                0x080047e0        0xc ./Drivers/STM32H7xx_HAL_Driver/Src/stm32h7xx_hal.o
                0x080047e0                HAL_GetTick
 .text.HAL_Delay
                0x080047ec       0x24 ./Drivers/STM32H7xx_HAL_Driver/Src/stm32h7xx_hal.o
                0x080047ec                HAL_Delay
 .text.HAL_GetREVID
                0x08004810        0xc ./Drivers/STM32H7xx_HAL_Driver/Src/stm32h7xx_hal.o
                0x08004810                HAL_GetREVID
 .text.HAL_EnableCompensationCell
                0x0800481c       0x10 ./Drivers/STM32H7xx_HAL_Driver/Src/stm32h7xx_hal.o
                0x0800481c                HAL_EnableCompensationCell
 .text.HAL_NVIC_SetPriorityGrouping
                0x0800482c       0x24 ./Drivers/STM32H7xx_HAL_Driver/Src/stm32h7xx_hal_cortex.o
                0x0800482c                HAL_NVIC_SetPriorityGrouping
 .text.HAL_NVIC_SetPriority
                0x08004850       0x64 ./Drivers/STM32H7xx_HAL_Driver/Src/stm32h7xx_hal_cortex.o
                0x08004850                HAL_NVIC_SetPriority
 .text.HAL_NVIC_EnableIRQ
                0x080048b4       0x1c ./Drivers/STM32H7xx_HAL_Driver/Src/stm32h7xx_hal_cortex.o
                0x080048b4                HAL_NVIC_EnableIRQ
 .text.HAL_NVIC_DisableIRQ
                0x080048d0       0x24 ./Drivers/STM32H7xx_HAL_Driver/Src/stm32h7xx_hal_cortex.o
                0x080048d0                HAL_NVIC_DisableIRQ
 .text.HAL_SYSTICK_Config
                0x080048f4       0x28 ./Drivers/STM32H7xx_HAL_Driver/Src/stm32h7xx_hal_cortex.o
                0x080048f4                HAL_SYSTICK_Config
 .text.HAL_MPU_Disable
                0x0800491c       0x1c ./Drivers/STM32H7xx_HAL_Driver/Src/stm32h7xx_hal_cortex.o
                0x0800491c                HAL_MPU_Disable
 .text.HAL_MPU_Enable
                0x08004938       0x20 ./Drivers/STM32H7xx_HAL_Driver/Src/stm32h7xx_hal_cortex.o
                0x08004938                HAL_MPU_Enable
 .text.HAL_MPU_ConfigRegion
                0x08004958       0x58 ./Drivers/STM32H7xx_HAL_Driver/Src/stm32h7xx_hal_cortex.o
                0x08004958                HAL_MPU_ConfigRegion
 .text.DMA_SetConfig
                0x080049b0      0x14c ./Drivers/STM32H7xx_HAL_Driver/Src/stm32h7xx_hal_dma.o
 .text.DMA_CalcBaseAndBitshift
                0x08004afc       0x9c ./Drivers/STM32H7xx_HAL_Driver/Src/stm32h7xx_hal_dma.o
 .text.DMA_CalcDMAMUXChannelBaseAndMask
                0x08004b98       0x94 ./Drivers/STM32H7xx_HAL_Driver/Src/stm32h7xx_hal_dma.o
 .text.DMA_CalcDMAMUXRequestGenBaseAndMask
                0x08004c2c       0x70 ./Drivers/STM32H7xx_HAL_Driver/Src/stm32h7xx_hal_dma.o
 .text.HAL_DMA_Init
                0x08004c9c      0x330 ./Drivers/STM32H7xx_HAL_Driver/Src/stm32h7xx_hal_dma.o
                0x08004c9c                HAL_DMA_Init
 .text.HAL_DMA_DeInit
                0x08004fcc      0x148 ./Drivers/STM32H7xx_HAL_Driver/Src/stm32h7xx_hal_dma.o
                0x08004fcc                HAL_DMA_DeInit
 .text.HAL_DMA_Start_IT
                0x08005114      0x1d8 ./Drivers/STM32H7xx_HAL_Driver/Src/stm32h7xx_hal_dma.o
                0x08005114                HAL_DMA_Start_IT
 .text.HAL_DMA_Abort
                0x080052ec      0x228 ./Drivers/STM32H7xx_HAL_Driver/Src/stm32h7xx_hal_dma.o
                0x080052ec                HAL_DMA_Abort
 .text.HAL_DMA_IRQHandler
                0x08005514      0x3a0 ./Drivers/STM32H7xx_HAL_Driver/Src/stm32h7xx_hal_dma.o
                0x08005514                HAL_DMA_IRQHandler
 .text.HAL_DMA_GetError
                0x080058b4        0x4 ./Drivers/STM32H7xx_HAL_Driver/Src/stm32h7xx_hal_dma.o
                0x080058b4                HAL_DMA_GetError
 .text.DMA2D_SetConfig
                0x080058b8       0x8e ./Drivers/STM32H7xx_HAL_Driver/Src/stm32h7xx_hal_dma2d.o
 .text.HAL_DMA2D_MspInit
                0x08005946        0x2 ./Drivers/STM32H7xx_HAL_Driver/Src/stm32h7xx_hal_dma2d.o
                0x08005946                HAL_DMA2D_MspInit
 .text.HAL_DMA2D_Init
                0x08005948       0x7a ./Drivers/STM32H7xx_HAL_Driver/Src/stm32h7xx_hal_dma2d.o
                0x08005948                HAL_DMA2D_Init
 .text.HAL_DMA2D_Start
                0x080059c2       0x34 ./Drivers/STM32H7xx_HAL_Driver/Src/stm32h7xx_hal_dma2d.o
                0x080059c2                HAL_DMA2D_Start
 .text.HAL_DMA2D_Start_IT
                0x080059f6       0x3c ./Drivers/STM32H7xx_HAL_Driver/Src/stm32h7xx_hal_dma2d.o
                0x080059f6                HAL_DMA2D_Start_IT
 .text.HAL_DMA2D_PollForTransfer
                0x08005a32       0xfa ./Drivers/STM32H7xx_HAL_Driver/Src/stm32h7xx_hal_dma2d.o
                0x08005a32                HAL_DMA2D_PollForTransfer
 .text.HAL_DMA2D_LineEventCallback
                0x08005b2c        0x2 ./Drivers/STM32H7xx_HAL_Driver/Src/stm32h7xx_hal_dma2d.o
                0x08005b2c                HAL_DMA2D_LineEventCallback
 .text.HAL_DMA2D_CLUTLoadingCpltCallback
                0x08005b2e        0x2 ./Drivers/STM32H7xx_HAL_Driver/Src/stm32h7xx_hal_dma2d.o
                0x08005b2e                HAL_DMA2D_CLUTLoadingCpltCallback
 .text.HAL_DMA2D_IRQHandler
                0x08005b30      0x114 ./Drivers/STM32H7xx_HAL_Driver/Src/stm32h7xx_hal_dma2d.o
                0x08005b30                HAL_DMA2D_IRQHandler
 .text.HAL_DMA2D_ConfigLayer
                0x08005c44       0xc0 ./Drivers/STM32H7xx_HAL_Driver/Src/stm32h7xx_hal_dma2d.o
                0x08005c44                HAL_DMA2D_ConfigLayer
 .text.HAL_EXTI_RegisterCallback
                0x08005d04        0xe ./Drivers/STM32H7xx_HAL_Driver/Src/stm32h7xx_hal_exti.o
                0x08005d04                HAL_EXTI_RegisterCallback
 .text.HAL_EXTI_GetHandle
                0x08005d12        0xc ./Drivers/STM32H7xx_HAL_Driver/Src/stm32h7xx_hal_exti.o
                0x08005d12                HAL_EXTI_GetHandle
 .text.HAL_EXTI_IRQHandler
                0x08005d1e       0x28 ./Drivers/STM32H7xx_HAL_Driver/Src/stm32h7xx_hal_exti.o
                0x08005d1e                HAL_EXTI_IRQHandler
 *fill*         0x08005d46        0x2 
 .text.HAL_GPIO_Init
                0x08005d48      0x1d0 ./Drivers/STM32H7xx_HAL_Driver/Src/stm32h7xx_hal_gpio.o
                0x08005d48                HAL_GPIO_Init
 .text.HAL_GPIO_DeInit
                0x08005f18      0x138 ./Drivers/STM32H7xx_HAL_Driver/Src/stm32h7xx_hal_gpio.o
                0x08005f18                HAL_GPIO_DeInit
 .text.HAL_GPIO_WritePin
                0x08006050        0xa ./Drivers/STM32H7xx_HAL_Driver/Src/stm32h7xx_hal_gpio.o
                0x08006050                HAL_GPIO_WritePin
 .text.I2C_Flush_TXDR
                0x0800605a       0x1c ./Drivers/STM32H7xx_HAL_Driver/Src/stm32h7xx_hal_i2c.o
 *fill*         0x08006076        0x2 
 .text.I2C_TransferConfig
                0x08006078       0x2c ./Drivers/STM32H7xx_HAL_Driver/Src/stm32h7xx_hal_i2c.o
 .text.I2C_IsErrorOccurred
                0x080060a4      0x100 ./Drivers/STM32H7xx_HAL_Driver/Src/stm32h7xx_hal_i2c.o
 .text.I2C_WaitOnTXISFlagUntilTimeout
                0x080061a4       0x56 ./Drivers/STM32H7xx_HAL_Driver/Src/stm32h7xx_hal_i2c.o
 .text.I2C_WaitOnFlagUntilTimeout
                0x080061fa       0x66 ./Drivers/STM32H7xx_HAL_Driver/Src/stm32h7xx_hal_i2c.o
 .text.I2C_WaitOnSTOPFlagUntilTimeout
                0x08006260       0x52 ./Drivers/STM32H7xx_HAL_Driver/Src/stm32h7xx_hal_i2c.o
 .text.HAL_I2C_MspInit
                0x080062b2        0x2 ./Drivers/STM32H7xx_HAL_Driver/Src/stm32h7xx_hal_i2c.o
                0x080062b2                HAL_I2C_MspInit
 .text.HAL_I2C_Init
                0x080062b4       0xa2 ./Drivers/STM32H7xx_HAL_Driver/Src/stm32h7xx_hal_i2c.o
                0x080062b4                HAL_I2C_Init
 .text.HAL_I2C_MspDeInit
                0x08006356        0x2 ./Drivers/STM32H7xx_HAL_Driver/Src/stm32h7xx_hal_i2c.o
                0x08006356                HAL_I2C_MspDeInit
 .text.HAL_I2C_DeInit
                0x08006358       0x32 ./Drivers/STM32H7xx_HAL_Driver/Src/stm32h7xx_hal_i2c.o
                0x08006358                HAL_I2C_DeInit
 *fill*         0x0800638a        0x2 
 .text.HAL_I2C_Mem_Write
                0x0800638c      0x1b4 ./Drivers/STM32H7xx_HAL_Driver/Src/stm32h7xx_hal_i2c.o
                0x0800638c                HAL_I2C_Mem_Write
 .text.HAL_I2C_Mem_Read
                0x08006540      0x1bc ./Drivers/STM32H7xx_HAL_Driver/Src/stm32h7xx_hal_i2c.o
                0x08006540                HAL_I2C_Mem_Read
 .text.HAL_I2C_GetState
                0x080066fc        0x6 ./Drivers/STM32H7xx_HAL_Driver/Src/stm32h7xx_hal_i2c.o
                0x080066fc                HAL_I2C_GetState
 .text.HAL_I2C_GetError
                0x08006702        0x4 ./Drivers/STM32H7xx_HAL_Driver/Src/stm32h7xx_hal_i2c.o
                0x08006702                HAL_I2C_GetError
 .text.HAL_I2CEx_ConfigAnalogFilter
                0x08006706       0x4c ./Drivers/STM32H7xx_HAL_Driver/Src/stm32h7xx_hal_i2c_ex.o
                0x08006706                HAL_I2CEx_ConfigAnalogFilter
 .text.HAL_I2CEx_ConfigDigitalFilter
                0x08006752       0x4a ./Drivers/STM32H7xx_HAL_Driver/Src/stm32h7xx_hal_i2c_ex.o
                0x08006752                HAL_I2CEx_ConfigDigitalFilter
 .text.LTDC_SetConfig
                0x0800679c       0xfc ./Drivers/STM32H7xx_HAL_Driver/Src/stm32h7xx_hal_ltdc.o
 .text.HAL_LTDC_MspInit
                0x08006898        0x2 ./Drivers/STM32H7xx_HAL_Driver/Src/stm32h7xx_hal_ltdc.o
                0x08006898                HAL_LTDC_MspInit
 *fill*         0x0800689a        0x2 
 .text.HAL_LTDC_Init
                0x0800689c       0xd8 ./Drivers/STM32H7xx_HAL_Driver/Src/stm32h7xx_hal_ltdc.o
                0x0800689c                HAL_LTDC_Init
 .text.HAL_LTDC_ConfigLayer
                0x08006974       0x5a ./Drivers/STM32H7xx_HAL_Driver/Src/stm32h7xx_hal_ltdc.o
                0x08006974                HAL_LTDC_ConfigLayer
 .text.HAL_LTDC_Reload
                0x080069ce       0x2a ./Drivers/STM32H7xx_HAL_Driver/Src/stm32h7xx_hal_ltdc.o
                0x080069ce                HAL_LTDC_Reload
 .text.HAL_LTDC_SetAddress_NoReload
                0x080069f8       0x3c ./Drivers/STM32H7xx_HAL_Driver/Src/stm32h7xx_hal_ltdc.o
                0x080069f8                HAL_LTDC_SetAddress_NoReload
 .text.HAL_MDMA_Init
                0x08006a34       0xde ./Drivers/STM32H7xx_HAL_Driver/Src/stm32h7xx_hal_mdma.o
                0x08006a34                HAL_MDMA_Init
 .text.HAL_MDMA_DeInit
                0x08006b12       0x3e ./Drivers/STM32H7xx_HAL_Driver/Src/stm32h7xx_hal_mdma.o
                0x08006b12                HAL_MDMA_DeInit
 .text.HAL_MDMA_IRQHandler
                0x08006b50      0x170 ./Drivers/STM32H7xx_HAL_Driver/Src/stm32h7xx_hal_mdma.o
                0x08006b50                HAL_MDMA_IRQHandler
 .text.HAL_MspInit
                0x08006cc0        0x2 ./Drivers/STM32H7xx_HAL_Driver/Src/stm32h7xx_hal_msp_template.o
                0x08006cc0                HAL_MspInit
 *fill*         0x08006cc2        0x2 
 .text.HAL_PWREx_ConfigSupply
                0x08006cc4       0x48 ./Drivers/STM32H7xx_HAL_Driver/Src/stm32h7xx_hal_pwr_ex.o
                0x08006cc4                HAL_PWREx_ConfigSupply
 .text.QSPI_Config
                0x08006d0c      0x170 ./Drivers/STM32H7xx_HAL_Driver/Src/stm32h7xx_hal_qspi.o
 .text.QSPI_WaitFlagStateUntilTimeout
                0x08006e7c       0x50 ./Drivers/STM32H7xx_HAL_Driver/Src/stm32h7xx_hal_qspi.o
 .text.HAL_QSPI_MspInit
                0x08006ecc        0x2 ./Drivers/STM32H7xx_HAL_Driver/Src/stm32h7xx_hal_qspi.o
                0x08006ecc                HAL_QSPI_MspInit
 *fill*         0x08006ece        0x2 
 .text.HAL_QSPI_Init
                0x08006ed0       0x98 ./Drivers/STM32H7xx_HAL_Driver/Src/stm32h7xx_hal_qspi.o
                0x08006ed0                HAL_QSPI_Init
 .text.HAL_QSPI_Command
                0x08006f68       0x88 ./Drivers/STM32H7xx_HAL_Driver/Src/stm32h7xx_hal_qspi.o
                0x08006f68                HAL_QSPI_Command
 .text.HAL_QSPI_Transmit
                0x08006ff0       0xb8 ./Drivers/STM32H7xx_HAL_Driver/Src/stm32h7xx_hal_qspi.o
                0x08006ff0                HAL_QSPI_Transmit
 .text.HAL_QSPI_Receive
                0x080070a8       0xc0 ./Drivers/STM32H7xx_HAL_Driver/Src/stm32h7xx_hal_qspi.o
                0x080070a8                HAL_QSPI_Receive
 .text.HAL_QSPI_AutoPolling
                0x08007168       0xa2 ./Drivers/STM32H7xx_HAL_Driver/Src/stm32h7xx_hal_qspi.o
                0x08007168                HAL_QSPI_AutoPolling
 .text.HAL_QSPI_MemoryMapped
                0x0800720a       0x82 ./Drivers/STM32H7xx_HAL_Driver/Src/stm32h7xx_hal_qspi.o
                0x0800720a                HAL_QSPI_MemoryMapped
 .text.HAL_RCC_OscConfig
                0x0800728c      0x550 ./Drivers/STM32H7xx_HAL_Driver/Src/stm32h7xx_hal_rcc.o
                0x0800728c                HAL_RCC_OscConfig
 .text.HAL_RCC_GetSysClockFreq
                0x080077dc      0x144 ./Drivers/STM32H7xx_HAL_Driver/Src/stm32h7xx_hal_rcc.o
                0x080077dc                HAL_RCC_GetSysClockFreq
 .text.HAL_RCC_ClockConfig
                0x08007920      0x24c ./Drivers/STM32H7xx_HAL_Driver/Src/stm32h7xx_hal_rcc.o
                0x08007920                HAL_RCC_ClockConfig
 .text.HAL_RCC_GetHCLKFreq
                0x08007b6c       0x44 ./Drivers/STM32H7xx_HAL_Driver/Src/stm32h7xx_hal_rcc.o
                0x08007b6c                HAL_RCC_GetHCLKFreq
 .text.HAL_RCC_GetPCLK1Freq
                0x08007bb0       0x24 ./Drivers/STM32H7xx_HAL_Driver/Src/stm32h7xx_hal_rcc.o
                0x08007bb0                HAL_RCC_GetPCLK1Freq
 .text.HAL_RCC_GetPCLK2Freq
                0x08007bd4       0x24 ./Drivers/STM32H7xx_HAL_Driver/Src/stm32h7xx_hal_rcc.o
                0x08007bd4                HAL_RCC_GetPCLK2Freq
 .text.RCCEx_PLL2_Config
                0x08007bf8       0xec ./Drivers/STM32H7xx_HAL_Driver/Src/stm32h7xx_hal_rcc_ex.o
 .text.RCCEx_PLL3_Config
                0x08007ce4       0xec ./Drivers/STM32H7xx_HAL_Driver/Src/stm32h7xx_hal_rcc_ex.o
 .text.HAL_RCCEx_PeriphCLKConfig
                0x08007dd0      0x9cc ./Drivers/STM32H7xx_HAL_Driver/Src/stm32h7xx_hal_rcc_ex.o
                0x08007dd0                HAL_RCCEx_PeriphCLKConfig
 .text.HAL_RCCEx_GetPeriphCLKConfig
                0x0800879c      0x198 ./Drivers/STM32H7xx_HAL_Driver/Src/stm32h7xx_hal_rcc_ex.o
                0x0800879c                HAL_RCCEx_GetPeriphCLKConfig
 .text.HAL_RCCEx_GetD3PCLK1Freq
                0x08008934       0x24 ./Drivers/STM32H7xx_HAL_Driver/Src/stm32h7xx_hal_rcc_ex.o
                0x08008934                HAL_RCCEx_GetD3PCLK1Freq
 .text.HAL_RCCEx_GetPLL2ClockFreq
                0x08008958      0x154 ./Drivers/STM32H7xx_HAL_Driver/Src/stm32h7xx_hal_rcc_ex.o
                0x08008958                HAL_RCCEx_GetPLL2ClockFreq
 .text.HAL_RCCEx_GetPLL3ClockFreq
                0x08008aac      0x154 ./Drivers/STM32H7xx_HAL_Driver/Src/stm32h7xx_hal_rcc_ex.o
                0x08008aac                HAL_RCCEx_GetPLL3ClockFreq
 .text.HAL_RCCEx_GetPLL1ClockFreq
                0x08008c00      0x154 ./Drivers/STM32H7xx_HAL_Driver/Src/stm32h7xx_hal_rcc_ex.o
                0x08008c00                HAL_RCCEx_GetPLL1ClockFreq
 .text.HAL_RCCEx_GetPeriphCLKFreq
                0x08008d54      0x2d0 ./Drivers/STM32H7xx_HAL_Driver/Src/stm32h7xx_hal_rcc_ex.o
                0x08008d54                HAL_RCCEx_GetPeriphCLKFreq
 .text.SAI_InterruptFlag
                0x08009024       0x2c ./Drivers/STM32H7xx_HAL_Driver/Src/stm32h7xx_hal_sai.o
 .text.SAI_Disable
                0x08009050       0x40 ./Drivers/STM32H7xx_HAL_Driver/Src/stm32h7xx_hal_sai.o
 .text.HAL_SAI_MspInit
                0x08009090        0x2 ./Drivers/STM32H7xx_HAL_Driver/Src/stm32h7xx_hal_sai.o
                0x08009090                HAL_SAI_MspInit
 *fill*         0x08009092        0x2 
 .text.HAL_SAI_Init
                0x08009094      0x378 ./Drivers/STM32H7xx_HAL_Driver/Src/stm32h7xx_hal_sai.o
                0x08009094                HAL_SAI_Init
 .text.HAL_SAI_MspDeInit
                0x0800940c        0x2 ./Drivers/STM32H7xx_HAL_Driver/Src/stm32h7xx_hal_sai.o
                0x0800940c                HAL_SAI_MspDeInit
 *fill*         0x0800940e        0x2 
 .text.HAL_SAI_DeInit
                0x08009410       0x7c ./Drivers/STM32H7xx_HAL_Driver/Src/stm32h7xx_hal_sai.o
                0x08009410                HAL_SAI_DeInit
 .text.HAL_SAI_DMAStop
                0x0800948c       0xa4 ./Drivers/STM32H7xx_HAL_Driver/Src/stm32h7xx_hal_sai.o
                0x0800948c                HAL_SAI_DMAStop
 .text.HAL_SAI_Receive_DMA
                0x08009530       0xa0 ./Drivers/STM32H7xx_HAL_Driver/Src/stm32h7xx_hal_sai.o
                0x08009530                HAL_SAI_Receive_DMA
 .text.SAI_DMARxCplt
                0x080095d0       0x38 ./Drivers/STM32H7xx_HAL_Driver/Src/stm32h7xx_hal_sai.o
 .text.SAI_DMARxHalfCplt
                0x08009608        0xa ./Drivers/STM32H7xx_HAL_Driver/Src/stm32h7xx_hal_sai.o
 .text.SAI_DMAError
                0x08009612       0x3c ./Drivers/STM32H7xx_HAL_Driver/Src/stm32h7xx_hal_sai.o
 .text.HAL_SDRAM_MspInit
                0x0800964e        0x2 ./Drivers/STM32H7xx_HAL_Driver/Src/stm32h7xx_hal_sdram.o
                0x0800964e                HAL_SDRAM_MspInit
 .text.HAL_SDRAM_Init
                0x08009650       0x50 ./Drivers/STM32H7xx_HAL_Driver/Src/stm32h7xx_hal_sdram.o
                0x08009650                HAL_SDRAM_Init
 .text.HAL_SDRAM_SendCommand
                0x080096a0       0x3e ./Drivers/STM32H7xx_HAL_Driver/Src/stm32h7xx_hal_sdram.o
                0x080096a0                HAL_SDRAM_SendCommand
 .text.HAL_SDRAM_ProgramRefreshRate
                0x080096de       0x30 ./Drivers/STM32H7xx_HAL_Driver/Src/stm32h7xx_hal_sdram.o
                0x080096de                HAL_SDRAM_ProgramRefreshRate
 .text.HAL_TIM_PWM_MspInit
                0x0800970e        0x2 ./Drivers/STM32H7xx_HAL_Driver/Src/stm32h7xx_hal_tim.o
                0x0800970e                HAL_TIM_PWM_MspInit
 .text.HAL_TIM_PWM_MspDeInit
                0x08009710        0x2 ./Drivers/STM32H7xx_HAL_Driver/Src/stm32h7xx_hal_tim.o
                0x08009710                HAL_TIM_PWM_MspDeInit
 .text.HAL_TIM_PWM_DeInit
                0x08009712       0x66 ./Drivers/STM32H7xx_HAL_Driver/Src/stm32h7xx_hal_tim.o
                0x08009712                HAL_TIM_PWM_DeInit
 .text.TIM_Base_SetConfig
                0x08009778       0xa0 ./Drivers/STM32H7xx_HAL_Driver/Src/stm32h7xx_hal_tim.o
                0x08009778                TIM_Base_SetConfig
 .text.HAL_TIM_PWM_Init
                0x08009818       0x60 ./Drivers/STM32H7xx_HAL_Driver/Src/stm32h7xx_hal_tim.o
                0x08009818                HAL_TIM_PWM_Init
 .text.FMC_SDRAM_Init
                0x08009878       0x6c ./Drivers/STM32H7xx_HAL_Driver/Src/stm32h7xx_ll_fmc.o
                0x08009878                FMC_SDRAM_Init
 .text.FMC_SDRAM_Timing_Init
                0x080098e4       0x6c ./Drivers/STM32H7xx_HAL_Driver/Src/stm32h7xx_ll_fmc.o
                0x080098e4                FMC_SDRAM_Timing_Init
 .text.FMC_SDRAM_SendCommand
                0x08009950       0x24 ./Drivers/STM32H7xx_HAL_Driver/Src/stm32h7xx_ll_fmc.o
                0x08009950                FMC_SDRAM_SendCommand
 .text.FMC_SDRAM_ProgramRefreshRate
                0x08009974       0x10 ./Drivers/STM32H7xx_HAL_Driver/Src/stm32h7xx_ll_fmc.o
                0x08009974                FMC_SDRAM_ProgramRefreshRate
 .text.UTIL_LCD_SetFuncDriver
                0x08009984       0x60 ./Utilities/lcd/stm32_lcd.o
                0x08009984                UTIL_LCD_SetFuncDriver
 .text.UTIL_LCD_SetLayer
                0x080099e4       0x20 ./Utilities/lcd/stm32_lcd.o
                0x080099e4                UTIL_LCD_SetLayer
 .text.UTIL_LCD_SetTextColor
                0x08009a04       0x10 ./Utilities/lcd/stm32_lcd.o
                0x08009a04                UTIL_LCD_SetTextColor
 .text.UTIL_LCD_SetBackColor
                0x08009a14       0x10 ./Utilities/lcd/stm32_lcd.o
                0x08009a14                UTIL_LCD_SetBackColor
 .text.UTIL_LCD_SetFont
                0x08009a24       0x10 ./Utilities/lcd/stm32_lcd.o
                0x08009a24                UTIL_LCD_SetFont
 .text.UTIL_LCD_FillRGBRect
                0x08009a34       0x24 ./Utilities/lcd/stm32_lcd.o
                0x08009a34                UTIL_LCD_FillRGBRect
 .text.UTIL_LCD_DrawHLine
                0x08009a58       0x40 ./Utilities/lcd/stm32_lcd.o
                0x08009a58                UTIL_LCD_DrawHLine
 .text.UTIL_LCD_DrawVLine
                0x08009a98       0x40 ./Utilities/lcd/stm32_lcd.o
                0x08009a98                UTIL_LCD_DrawVLine
 .text.UTIL_LCD_DisplayChar
                0x08009ad8      0x118 ./Utilities/lcd/stm32_lcd.o
                0x08009ad8                UTIL_LCD_DisplayChar
 .text.UTIL_LCD_DisplayStringAt
                0x08009bf0       0x98 ./Utilities/lcd/stm32_lcd.o
                0x08009bf0                UTIL_LCD_DisplayStringAt
 .text.UTIL_LCD_DrawRect
                0x08009c88       0x42 ./Utilities/lcd/stm32_lcd.o
                0x08009c88                UTIL_LCD_DrawRect
 *fill*         0x08009cca        0x2 
 .text.UTIL_LCD_FillRect
                0x08009ccc       0x48 ./Utilities/lcd/stm32_lcd.o
                0x08009ccc                UTIL_LCD_FillRect
 .text.UTIL_LCD_Clear
                0x08009d14       0x1c ./Utilities/lcd/stm32_lcd.o
                0x08009d14                UTIL_LCD_Clear
 .text.D16_GENERIC
                0x08009d30      0x110 ../Middlewares/ST/STM32_Audio/Addons/PDM/Lib\libPDMFilter_CM7_GCC_wc32.a(pdm_filter.o)
 .text.D24_GENERIC
                0x08009e40      0x178 ../Middlewares/ST/STM32_Audio/Addons/PDM/Lib\libPDMFilter_CM7_GCC_wc32.a(pdm_filter.o)
 .text.D32_GENERIC
                0x08009fb8      0x188 ../Middlewares/ST/STM32_Audio/Addons/PDM/Lib\libPDMFilter_CM7_GCC_wc32.a(pdm_filter.o)
 .text.D48_GENERIC
                0x0800a140      0x1e4 ../Middlewares/ST/STM32_Audio/Addons/PDM/Lib\libPDMFilter_CM7_GCC_wc32.a(pdm_filter.o)
 .text.D64_GENERIC
                0x0800a324      0x238 ../Middlewares/ST/STM32_Audio/Addons/PDM/Lib\libPDMFilter_CM7_GCC_wc32.a(pdm_filter.o)
 .text.D80_GENERIC
                0x0800a55c      0x298 ../Middlewares/ST/STM32_Audio/Addons/PDM/Lib\libPDMFilter_CM7_GCC_wc32.a(pdm_filter.o)
 .text.D128_GENERIC
                0x0800a7f4      0x3b8 ../Middlewares/ST/STM32_Audio/Addons/PDM/Lib\libPDMFilter_CM7_GCC_wc32.a(pdm_filter.o)
 .text.D16_1CH_HTONS_VOL_HP
                0x0800abac       0xe0 ../Middlewares/ST/STM32_Audio/Addons/PDM/Lib\libPDMFilter_CM7_GCC_wc32.a(pdm_filter.o)
 .text.D24_1CH_HTONS_VOL_HP
                0x0800ac8c      0x13c ../Middlewares/ST/STM32_Audio/Addons/PDM/Lib\libPDMFilter_CM7_GCC_wc32.a(pdm_filter.o)
 .text.D32_1CH_HTONS_VOL_HP
                0x0800adc8      0x12c ../Middlewares/ST/STM32_Audio/Addons/PDM/Lib\libPDMFilter_CM7_GCC_wc32.a(pdm_filter.o)
 .text.D48_1CH_HTONS_VOL_HP
                0x0800aef4      0x16c ../Middlewares/ST/STM32_Audio/Addons/PDM/Lib\libPDMFilter_CM7_GCC_wc32.a(pdm_filter.o)
 .text.D64_1CH_HTONS_VOL_HP
                0x0800b060      0x1ac ../Middlewares/ST/STM32_Audio/Addons/PDM/Lib\libPDMFilter_CM7_GCC_wc32.a(pdm_filter.o)
 .text.D80_1CH_HTONS_VOL_HP
                0x0800b20c      0x1fc ../Middlewares/ST/STM32_Audio/Addons/PDM/Lib\libPDMFilter_CM7_GCC_wc32.a(pdm_filter.o)
 .text.D128_1CH_HTONS_VOL_HP
                0x0800b408      0x2ec ../Middlewares/ST/STM32_Audio/Addons/PDM/Lib\libPDMFilter_CM7_GCC_wc32.a(pdm_filter.o)
 .text.PDM_Filter_Init
                0x0800b6f4      0x1a0 ../Middlewares/ST/STM32_Audio/Addons/PDM/Lib\libPDMFilter_CM7_GCC_wc32.a(pdm_filter.o)
                0x0800b6f4                PDM_Filter_Init
 .text.PDM_Filter_setConfig
                0x0800b894      0x1f4 ../Middlewares/ST/STM32_Audio/Addons/PDM/Lib\libPDMFilter_CM7_GCC_wc32.a(pdm_filter.o)
                0x0800b894                PDM_Filter_setConfig
 .text.PDM_Filter
                0x0800ba88       0x34 ../Middlewares/ST/STM32_Audio/Addons/PDM/Lib\libPDMFilter_CM7_GCC_wc32.a(pdm_filter.o)
                0x0800ba88                PDM_Filter
 .text.__cvt    0x0800babc       0xa8 C:/ST/STM32CubeIDE_2.0.0/STM32CubeIDE/plugins/com.st.stm32cube.ide.mcu.externaltools.gnu-tools-for-stm32.13.3.rel1.win32_1.0.100.202509120712/tools/bin/../lib/gcc/arm-none-eabi/13.3.1/../../../../arm-none-eabi/lib/thumb/v7e-m+dp/hard\libc_nano.a(libc_a-nano-vfprintf_float.o)
                0x0800babc                __cvt
 .text.__exponent
                0x0800bb64       0x74 C:/ST/STM32CubeIDE_2.0.0/STM32CubeIDE/plugins/com.st.stm32cube.ide.mcu.externaltools.gnu-tools-for-stm32.13.3.rel1.win32_1.0.100.202509120712/tools/bin/../lib/gcc/arm-none-eabi/13.3.1/../../../../arm-none-eabi/lib/thumb/v7e-m+dp/hard\libc_nano.a(libc_a-nano-vfprintf_float.o)
                0x0800bb64                __exponent
 .text._printf_float
                0x0800bbd8      0x434 C:/ST/STM32CubeIDE_2.0.0/STM32CubeIDE/plugins/com.st.stm32cube.ide.mcu.externaltools.gnu-tools-for-stm32.13.3.rel1.win32_1.0.100.202509120712/tools/bin/../lib/gcc/arm-none-eabi/13.3.1/../../../../arm-none-eabi/lib/thumb/v7e-m+dp/hard\libc_nano.a(libc_a-nano-vfprintf_float.o)
                0x0800bbd8                _printf_float
 .text._printf_common
                0x0800c00c       0xda C:/ST/STM32CubeIDE_2.0.0/STM32CubeIDE/plugins/com.st.stm32cube.ide.mcu.externaltools.gnu-tools-for-stm32.13.3.rel1.win32_1.0.100.202509120712/tools/bin/../lib/gcc/arm-none-eabi/13.3.1/../../../../arm-none-eabi/lib/thumb/v7e-m+dp/hard\libc_nano.a(libc_a-nano-vfprintf_i.o)
                0x0800c00c                _printf_common
 *fill*         0x0800c0e6        0x2 
 .text._printf_i
                0x0800c0e8      0x23c C:/ST/STM32CubeIDE_2.0.0/STM32CubeIDE/plugins/com.st.stm32cube.ide.mcu.externaltools.gnu-tools-for-stm32.13.3.rel1.win32_1.0.100.202509120712/tools/bin/../lib/gcc/arm-none-eabi/13.3.1/../../../../arm-none-eabi/lib/thumb/v7e-m+dp/hard\libc_nano.a(libc_a-nano-vfprintf_i.o)
                0x0800c0e8                _printf_i
 .text.std      0x0800c324       0x6c C:/ST/STM32CubeIDE_2.0.0/STM32CubeIDE/plugins/com.st.stm32cube.ide.mcu.externaltools.gnu-tools-for-stm32.13.3.rel1.win32_1.0.100.202509120712/tools/bin/../lib/gcc/arm-none-eabi/13.3.1/../../../../arm-none-eabi/lib/thumb/v7e-m+dp/hard\libc_nano.a(libc_a-findfp.o)
 .text.stdio_exit_handler
                0x0800c390       0x18 C:/ST/STM32CubeIDE_2.0.0/STM32CubeIDE/plugins/com.st.stm32cube.ide.mcu.externaltools.gnu-tools-for-stm32.13.3.rel1.win32_1.0.100.202509120712/tools/bin/../lib/gcc/arm-none-eabi/13.3.1/../../../../arm-none-eabi/lib/thumb/v7e-m+dp/hard\libc_nano.a(libc_a-findfp.o)
 .text.cleanup_stdio
                0x0800c3a8       0x40 C:/ST/STM32CubeIDE_2.0.0/STM32CubeIDE/plugins/com.st.stm32cube.ide.mcu.externaltools.gnu-tools-for-stm32.13.3.rel1.win32_1.0.100.202509120712/tools/bin/../lib/gcc/arm-none-eabi/13.3.1/../../../../arm-none-eabi/lib/thumb/v7e-m+dp/hard\libc_nano.a(libc_a-findfp.o)
 .text.global_stdio_init.part.0
                0x0800c3e8       0x3c C:/ST/STM32CubeIDE_2.0.0/STM32CubeIDE/plugins/com.st.stm32cube.ide.mcu.externaltools.gnu-tools-for-stm32.13.3.rel1.win32_1.0.100.202509120712/tools/bin/../lib/gcc/arm-none-eabi/13.3.1/../../../../arm-none-eabi/lib/thumb/v7e-m+dp/hard\libc_nano.a(libc_a-findfp.o)
 .text.__sfp_lock_acquire
                0x0800c424        0xc C:/ST/STM32CubeIDE_2.0.0/STM32CubeIDE/plugins/com.st.stm32cube.ide.mcu.externaltools.gnu-tools-for-stm32.13.3.rel1.win32_1.0.100.202509120712/tools/bin/../lib/gcc/arm-none-eabi/13.3.1/../../../../arm-none-eabi/lib/thumb/v7e-m+dp/hard\libc_nano.a(libc_a-findfp.o)
                0x0800c424                __sfp_lock_acquire
 .text.__sfp_lock_release
                0x0800c430        0xc C:/ST/STM32CubeIDE_2.0.0/STM32CubeIDE/plugins/com.st.stm32cube.ide.mcu.externaltools.gnu-tools-for-stm32.13.3.rel1.win32_1.0.100.202509120712/tools/bin/../lib/gcc/arm-none-eabi/13.3.1/../../../../arm-none-eabi/lib/thumb/v7e-m+dp/hard\libc_nano.a(libc_a-findfp.o)
                0x0800c430                __sfp_lock_release
 .text.__sinit  0x0800c43c       0x30 C:/ST/STM32CubeIDE_2.0.0/STM32CubeIDE/plugins/com.st.stm32cube.ide.mcu.externaltools.gnu-tools-for-stm32.13.3.rel1.win32_1.0.100.202509120712/tools/bin/../lib/gcc/arm-none-eabi/13.3.1/../../../../arm-none-eabi/lib/thumb/v7e-m+dp/hard\libc_nano.a(libc_a-findfp.o)
                0x0800c43c                __sinit
 .text._fwalk_sglue
                0x0800c46c       0x3c C:/ST/STM32CubeIDE_2.0.0/STM32CubeIDE/plugins/com.st.stm32cube.ide.mcu.externaltools.gnu-tools-for-stm32.13.3.rel1.win32_1.0.100.202509120712/tools/bin/../lib/gcc/arm-none-eabi/13.3.1/../../../../arm-none-eabi/lib/thumb/v7e-m+dp/hard\libc_nano.a(libc_a-fwalk.o)
                0x0800c46c                _fwalk_sglue
 .text.__sread  0x0800c4a8       0x22 C:/ST/STM32CubeIDE_2.0.0/STM32CubeIDE/plugins/com.st.stm32cube.ide.mcu.externaltools.gnu-tools-for-stm32.13.3.rel1.win32_1.0.100.202509120712/tools/bin/../lib/gcc/arm-none-eabi/13.3.1/../../../../arm-none-eabi/lib/thumb/v7e-m+dp/hard\libc_nano.a(libc_a-stdio.o)
                0x0800c4a8                __sread
 .text.__swrite
                0x0800c4ca       0x38 C:/ST/STM32CubeIDE_2.0.0/STM32CubeIDE/plugins/com.st.stm32cube.ide.mcu.externaltools.gnu-tools-for-stm32.13.3.rel1.win32_1.0.100.202509120712/tools/bin/../lib/gcc/arm-none-eabi/13.3.1/../../../../arm-none-eabi/lib/thumb/v7e-m+dp/hard\libc_nano.a(libc_a-stdio.o)
                0x0800c4ca                __swrite
 .text.__sseek  0x0800c502       0x24 C:/ST/STM32CubeIDE_2.0.0/STM32CubeIDE/plugins/com.st.stm32cube.ide.mcu.externaltools.gnu-tools-for-stm32.13.3.rel1.win32_1.0.100.202509120712/tools/bin/../lib/gcc/arm-none-eabi/13.3.1/../../../../arm-none-eabi/lib/thumb/v7e-m+dp/hard\libc_nano.a(libc_a-stdio.o)
                0x0800c502                __sseek
 .text.__sclose
                0x0800c526        0x8 C:/ST/STM32CubeIDE_2.0.0/STM32CubeIDE/plugins/com.st.stm32cube.ide.mcu.externaltools.gnu-tools-for-stm32.13.3.rel1.win32_1.0.100.202509120712/tools/bin/../lib/gcc/arm-none-eabi/13.3.1/../../../../arm-none-eabi/lib/thumb/v7e-m+dp/hard\libc_nano.a(libc_a-stdio.o)
                0x0800c526                __sclose
 .text.memset   0x0800c52e       0x10 C:/ST/STM32CubeIDE_2.0.0/STM32CubeIDE/plugins/com.st.stm32cube.ide.mcu.externaltools.gnu-tools-for-stm32.13.3.rel1.win32_1.0.100.202509120712/tools/bin/../lib/gcc/arm-none-eabi/13.3.1/../../../../arm-none-eabi/lib/thumb/v7e-m+dp/hard\libc_nano.a(libc_a-memset.o)
                0x0800c52e                memset
 *fill*         0x0800c53e        0x2 
 .text._localeconv_r
                0x0800c540        0x8 C:/ST/STM32CubeIDE_2.0.0/STM32CubeIDE/plugins/com.st.stm32cube.ide.mcu.externaltools.gnu-tools-for-stm32.13.3.rel1.win32_1.0.100.202509120712/tools/bin/../lib/gcc/arm-none-eabi/13.3.1/../../../../arm-none-eabi/lib/thumb/v7e-m+dp/hard\libc_nano.a(libc_a-localeconv.o)
                0x0800c540                _localeconv_r
 .text._close_r
                0x0800c548       0x20 C:/ST/STM32CubeIDE_2.0.0/STM32CubeIDE/plugins/com.st.stm32cube.ide.mcu.externaltools.gnu-tools-for-stm32.13.3.rel1.win32_1.0.100.202509120712/tools/bin/../lib/gcc/arm-none-eabi/13.3.1/../../../../arm-none-eabi/lib/thumb/v7e-m+dp/hard\libc_nano.a(libc_a-closer.o)
                0x0800c548                _close_r
 .text._lseek_r
                0x0800c568       0x24 C:/ST/STM32CubeIDE_2.0.0/STM32CubeIDE/plugins/com.st.stm32cube.ide.mcu.externaltools.gnu-tools-for-stm32.13.3.rel1.win32_1.0.100.202509120712/tools/bin/../lib/gcc/arm-none-eabi/13.3.1/../../../../arm-none-eabi/lib/thumb/v7e-m+dp/hard\libc_nano.a(libc_a-lseekr.o)
                0x0800c568                _lseek_r
 .text._read_r  0x0800c58c       0x24 C:/ST/STM32CubeIDE_2.0.0/STM32CubeIDE/plugins/com.st.stm32cube.ide.mcu.externaltools.gnu-tools-for-stm32.13.3.rel1.win32_1.0.100.202509120712/tools/bin/../lib/gcc/arm-none-eabi/13.3.1/../../../../arm-none-eabi/lib/thumb/v7e-m+dp/hard\libc_nano.a(libc_a-readr.o)
                0x0800c58c                _read_r
 .text._write_r
                0x0800c5b0       0x24 C:/ST/STM32CubeIDE_2.0.0/STM32CubeIDE/plugins/com.st.stm32cube.ide.mcu.externaltools.gnu-tools-for-stm32.13.3.rel1.win32_1.0.100.202509120712/tools/bin/../lib/gcc/arm-none-eabi/13.3.1/../../../../arm-none-eabi/lib/thumb/v7e-m+dp/hard\libc_nano.a(libc_a-writer.o)
                0x0800c5b0                _write_r
 .text.__errno  0x0800c5d4        0xc C:/ST/STM32CubeIDE_2.0.0/STM32CubeIDE/plugins/com.st.stm32cube.ide.mcu.externaltools.gnu-tools-for-stm32.13.3.rel1.win32_1.0.100.202509120712/tools/bin/../lib/gcc/arm-none-eabi/13.3.1/../../../../arm-none-eabi/lib/thumb/v7e-m+dp/hard\libc_nano.a(libc_a-errno.o)
                0x0800c5d4                __errno
 .text.__libc_init_array
                0x0800c5e0       0x48 C:/ST/STM32CubeIDE_2.0.0/STM32CubeIDE/plugins/com.st.stm32cube.ide.mcu.externaltools.gnu-tools-for-stm32.13.3.rel1.win32_1.0.100.202509120712/tools/bin/../lib/gcc/arm-none-eabi/13.3.1/../../../../arm-none-eabi/lib/thumb/v7e-m+dp/hard\libc_nano.a(libc_a-init.o)
                0x0800c5e0                __libc_init_array
 .text.__retarget_lock_init_recursive
                0x0800c628        0x2 C:/ST/STM32CubeIDE_2.0.0/STM32CubeIDE/plugins/com.st.stm32cube.ide.mcu.externaltools.gnu-tools-for-stm32.13.3.rel1.win32_1.0.100.202509120712/tools/bin/../lib/gcc/arm-none-eabi/13.3.1/../../../../arm-none-eabi/lib/thumb/v7e-m+dp/hard\libc_nano.a(libc_a-lock.o)
                0x0800c628                __retarget_lock_init_recursive
 .text.__retarget_lock_acquire_recursive
                0x0800c62a        0x2 C:/ST/STM32CubeIDE_2.0.0/STM32CubeIDE/plugins/com.st.stm32cube.ide.mcu.externaltools.gnu-tools-for-stm32.13.3.rel1.win32_1.0.100.202509120712/tools/bin/../lib/gcc/arm-none-eabi/13.3.1/../../../../arm-none-eabi/lib/thumb/v7e-m+dp/hard\libc_nano.a(libc_a-lock.o)
                0x0800c62a                __retarget_lock_acquire_recursive
 .text.__retarget_lock_release_recursive
                0x0800c62c        0x2 C:/ST/STM32CubeIDE_2.0.0/STM32CubeIDE/plugins/com.st.stm32cube.ide.mcu.externaltools.gnu-tools-for-stm32.13.3.rel1.win32_1.0.100.202509120712/tools/bin/../lib/gcc/arm-none-eabi/13.3.1/../../../../arm-none-eabi/lib/thumb/v7e-m+dp/hard\libc_nano.a(libc_a-lock.o)
                0x0800c62c                __retarget_lock_release_recursive
 .text.quorem   0x0800c62e      0x110 C:/ST/STM32CubeIDE_2.0.0/STM32CubeIDE/plugins/com.st.stm32cube.ide.mcu.externaltools.gnu-tools-for-stm32.13.3.rel1.win32_1.0.100.202509120712/tools/bin/../lib/gcc/arm-none-eabi/13.3.1/../../../../arm-none-eabi/lib/thumb/v7e-m+dp/hard\libc_nano.a(libc_a-dtoa.o)
 *fill*         0x0800c73e        0x2 
 .text._dtoa_r  0x0800c740      0xabc C:/ST/STM32CubeIDE_2.0.0/STM32CubeIDE/plugins/com.st.stm32cube.ide.mcu.externaltools.gnu-tools-for-stm32.13.3.rel1.win32_1.0.100.202509120712/tools/bin/../lib/gcc/arm-none-eabi/13.3.1/../../../../arm-none-eabi/lib/thumb/v7e-m+dp/hard\libc_nano.a(libc_a-dtoa.o)
                0x0800c740                _dtoa_r
 .text._free_r  0x0800d1fc       0x94 C:/ST/STM32CubeIDE_2.0.0/STM32CubeIDE/plugins/com.st.stm32cube.ide.mcu.externaltools.gnu-tools-for-stm32.13.3.rel1.win32_1.0.100.202509120712/tools/bin/../lib/gcc/arm-none-eabi/13.3.1/../../../../arm-none-eabi/lib/thumb/v7e-m+dp/hard\libc_nano.a(libc_a-freer.o)
                0x0800d1fc                _free_r
 .text.malloc   0x0800d290       0x10 C:/ST/STM32CubeIDE_2.0.0/STM32CubeIDE/plugins/com.st.stm32cube.ide.mcu.externaltools.gnu-tools-for-stm32.13.3.rel1.win32_1.0.100.202509120712/tools/bin/../lib/gcc/arm-none-eabi/13.3.1/../../../../arm-none-eabi/lib/thumb/v7e-m+dp/hard\libc_nano.a(libc_a-malloc.o)
                0x0800d290                malloc
 .text.sbrk_aligned
                0x0800d2a0       0x44 C:/ST/STM32CubeIDE_2.0.0/STM32CubeIDE/plugins/com.st.stm32cube.ide.mcu.externaltools.gnu-tools-for-stm32.13.3.rel1.win32_1.0.100.202509120712/tools/bin/../lib/gcc/arm-none-eabi/13.3.1/../../../../arm-none-eabi/lib/thumb/v7e-m+dp/hard\libc_nano.a(libc_a-mallocr.o)
 .text._malloc_r
                0x0800d2e4      0x100 C:/ST/STM32CubeIDE_2.0.0/STM32CubeIDE/plugins/com.st.stm32cube.ide.mcu.externaltools.gnu-tools-for-stm32.13.3.rel1.win32_1.0.100.202509120712/tools/bin/../lib/gcc/arm-none-eabi/13.3.1/../../../../arm-none-eabi/lib/thumb/v7e-m+dp/hard\libc_nano.a(libc_a-mallocr.o)
                0x0800d2e4                _malloc_r
 .text.__malloc_lock
                0x0800d3e4        0xc C:/ST/STM32CubeIDE_2.0.0/STM32CubeIDE/plugins/com.st.stm32cube.ide.mcu.externaltools.gnu-tools-for-stm32.13.3.rel1.win32_1.0.100.202509120712/tools/bin/../lib/gcc/arm-none-eabi/13.3.1/../../../../arm-none-eabi/lib/thumb/v7e-m+dp/hard\libc_nano.a(libc_a-mlock.o)
                0x0800d3e4                __malloc_lock
 .text.__malloc_unlock
                0x0800d3f0        0xc C:/ST/STM32CubeIDE_2.0.0/STM32CubeIDE/plugins/com.st.stm32cube.ide.mcu.externaltools.gnu-tools-for-stm32.13.3.rel1.win32_1.0.100.202509120712/tools/bin/../lib/gcc/arm-none-eabi/13.3.1/../../../../arm-none-eabi/lib/thumb/v7e-m+dp/hard\libc_nano.a(libc_a-mlock.o)
                0x0800d3f0                __malloc_unlock
 .text._Balloc  0x0800d3fc       0x80 C:/ST/STM32CubeIDE_2.0.0/STM32CubeIDE/plugins/com.st.stm32cube.ide.mcu.externaltools.gnu-tools-for-stm32.13.3.rel1.win32_1.0.100.202509120712/tools/bin/../lib/gcc/arm-none-eabi/13.3.1/../../../../arm-none-eabi/lib/thumb/v7e-m+dp/hard\libc_nano.a(libc_a-mprec.o)
                0x0800d3fc                _Balloc
 .text._Bfree   0x0800d47c       0x44 C:/ST/STM32CubeIDE_2.0.0/STM32CubeIDE/plugins/com.st.stm32cube.ide.mcu.externaltools.gnu-tools-for-stm32.13.3.rel1.win32_1.0.100.202509120712/tools/bin/../lib/gcc/arm-none-eabi/13.3.1/../../../../arm-none-eabi/lib/thumb/v7e-m+dp/hard\libc_nano.a(libc_a-mprec.o)
                0x0800d47c                _Bfree
 .text.__multadd
                0x0800d4c0       0x8c C:/ST/STM32CubeIDE_2.0.0/STM32CubeIDE/plugins/com.st.stm32cube.ide.mcu.externaltools.gnu-tools-for-stm32.13.3.rel1.win32_1.0.100.202509120712/tools/bin/../lib/gcc/arm-none-eabi/13.3.1/../../../../arm-none-eabi/lib/thumb/v7e-m+dp/hard\libc_nano.a(libc_a-mprec.o)
                0x0800d4c0                __multadd
 .text.__hi0bits
                0x0800d54c       0x3e C:/ST/STM32CubeIDE_2.0.0/STM32CubeIDE/plugins/com.st.stm32cube.ide.mcu.externaltools.gnu-tools-for-stm32.13.3.rel1.win32_1.0.100.202509120712/tools/bin/../lib/gcc/arm-none-eabi/13.3.1/../../../../arm-none-eabi/lib/thumb/v7e-m+dp/hard\libc_nano.a(libc_a-mprec.o)
                0x0800d54c                __hi0bits
 .text.__lo0bits
                0x0800d58a       0x5a C:/ST/STM32CubeIDE_2.0.0/STM32CubeIDE/plugins/com.st.stm32cube.ide.mcu.externaltools.gnu-tools-for-stm32.13.3.rel1.win32_1.0.100.202509120712/tools/bin/../lib/gcc/arm-none-eabi/13.3.1/../../../../arm-none-eabi/lib/thumb/v7e-m+dp/hard\libc_nano.a(libc_a-mprec.o)
                0x0800d58a                __lo0bits
 .text.__i2b    0x0800d5e4       0x2c C:/ST/STM32CubeIDE_2.0.0/STM32CubeIDE/plugins/com.st.stm32cube.ide.mcu.externaltools.gnu-tools-for-stm32.13.3.rel1.win32_1.0.100.202509120712/tools/bin/../lib/gcc/arm-none-eabi/13.3.1/../../../../arm-none-eabi/lib/thumb/v7e-m+dp/hard\libc_nano.a(libc_a-mprec.o)
                0x0800d5e4                __i2b
 .text.__multiply
                0x0800d610      0x144 C:/ST/STM32CubeIDE_2.0.0/STM32CubeIDE/plugins/com.st.stm32cube.ide.mcu.externaltools.gnu-tools-for-stm32.13.3.rel1.win32_1.0.100.202509120712/tools/bin/../lib/gcc/arm-none-eabi/13.3.1/../../../../arm-none-eabi/lib/thumb/v7e-m+dp/hard\libc_nano.a(libc_a-mprec.o)
                0x0800d610                __multiply
 .text.__pow5mult
                0x0800d754       0xb4 C:/ST/STM32CubeIDE_2.0.0/STM32CubeIDE/plugins/com.st.stm32cube.ide.mcu.externaltools.gnu-tools-for-stm32.13.3.rel1.win32_1.0.100.202509120712/tools/bin/../lib/gcc/arm-none-eabi/13.3.1/../../../../arm-none-eabi/lib/thumb/v7e-m+dp/hard\libc_nano.a(libc_a-mprec.o)
                0x0800d754                __pow5mult
 .text.__lshift
                0x0800d808       0xd8 C:/ST/STM32CubeIDE_2.0.0/STM32CubeIDE/plugins/com.st.stm32cube.ide.mcu.externaltools.gnu-tools-for-stm32.13.3.rel1.win32_1.0.100.202509120712/tools/bin/../lib/gcc/arm-none-eabi/13.3.1/../../../../arm-none-eabi/lib/thumb/v7e-m+dp/hard\libc_nano.a(libc_a-mprec.o)
                0x0800d808                __lshift
 .text.__mcmp   0x0800d8e0       0x36 C:/ST/STM32CubeIDE_2.0.0/STM32CubeIDE/plugins/com.st.stm32cube.ide.mcu.externaltools.gnu-tools-for-stm32.13.3.rel1.win32_1.0.100.202509120712/tools/bin/../lib/gcc/arm-none-eabi/13.3.1/../../../../arm-none-eabi/lib/thumb/v7e-m+dp/hard\libc_nano.a(libc_a-mprec.o)
                0x0800d8e0                __mcmp
 *fill*         0x0800d916        0x2 
 .text.__mdiff  0x0800d918      0x128 C:/ST/STM32CubeIDE_2.0.0/STM32CubeIDE/plugins/com.st.stm32cube.ide.mcu.externaltools.gnu-tools-for-stm32.13.3.rel1.win32_1.0.100.202509120712/tools/bin/../lib/gcc/arm-none-eabi/13.3.1/../../../../arm-none-eabi/lib/thumb/v7e-m+dp/hard\libc_nano.a(libc_a-mprec.o)
                0x0800d918                __mdiff
 .text.__d2b    0x0800da40       0xb0 C:/ST/STM32CubeIDE_2.0.0/STM32CubeIDE/plugins/com.st.stm32cube.ide.mcu.externaltools.gnu-tools-for-stm32.13.3.rel1.win32_1.0.100.202509120712/tools/bin/../lib/gcc/arm-none-eabi/13.3.1/../../../../arm-none-eabi/lib/thumb/v7e-m+dp/hard\libc_nano.a(libc_a-mprec.o)
                0x0800da40                __d2b
 .text.__sflush_r
                0x0800daf0      0x108 C:/ST/STM32CubeIDE_2.0.0/STM32CubeIDE/plugins/com.st.stm32cube.ide.mcu.externaltools.gnu-tools-for-stm32.13.3.rel1.win32_1.0.100.202509120712/tools/bin/../lib/gcc/arm-none-eabi/13.3.1/../../../../arm-none-eabi/lib/thumb/v7e-m+dp/hard\libc_nano.a(libc_a-fflush.o)
                0x0800daf0                __sflush_r
 .text._fflush_r
                0x0800dbf8       0x50 C:/ST/STM32CubeIDE_2.0.0/STM32CubeIDE/plugins/com.st.stm32cube.ide.mcu.externaltools.gnu-tools-for-stm32.13.3.rel1.win32_1.0.100.202509120712/tools/bin/../lib/gcc/arm-none-eabi/13.3.1/../../../../arm-none-eabi/lib/thumb/v7e-m+dp/hard\libc_nano.a(libc_a-fflush.o)
                0x0800dbf8                _fflush_r
 .text._sbrk_r  0x0800dc48       0x20 C:/ST/STM32CubeIDE_2.0.0/STM32CubeIDE/plugins/com.st.stm32cube.ide.mcu.externaltools.gnu-tools-for-stm32.13.3.rel1.win32_1.0.100.202509120712/tools/bin/../lib/gcc/arm-none-eabi/13.3.1/../../../../arm-none-eabi/lib/thumb/v7e-m+dp/hard\libc_nano.a(libc_a-sbrkr.o)
                0x0800dc48                _sbrk_r
 .text.memcpy   0x0800dc68       0x1c C:/ST/STM32CubeIDE_2.0.0/STM32CubeIDE/plugins/com.st.stm32cube.ide.mcu.externaltools.gnu-tools-for-stm32.13.3.rel1.win32_1.0.100.202509120712/tools/bin/../lib/gcc/arm-none-eabi/13.3.1/../../../../arm-none-eabi/lib/thumb/v7e-m+dp/hard\libc_nano.a(libc_a-memcpy-stub.o)
                0x0800dc68                memcpy
 .text.__assert_func
                0x0800dc84       0x3c C:/ST/STM32CubeIDE_2.0.0/STM32CubeIDE/plugins/com.st.stm32cube.ide.mcu.externaltools.gnu-tools-for-stm32.13.3.rel1.win32_1.0.100.202509120712/tools/bin/../lib/gcc/arm-none-eabi/13.3.1/../../../../arm-none-eabi/lib/thumb/v7e-m+dp/hard\libc_nano.a(libc_a-assert.o)
                0x0800dc84                __assert_func
 .text._calloc_r
                0x0800dcc0       0x28 C:/ST/STM32CubeIDE_2.0.0/STM32CubeIDE/plugins/com.st.stm32cube.ide.mcu.externaltools.gnu-tools-for-stm32.13.3.rel1.win32_1.0.100.202509120712/tools/bin/../lib/gcc/arm-none-eabi/13.3.1/../../../../arm-none-eabi/lib/thumb/v7e-m+dp/hard\libc_nano.a(libc_a-callocr.o)
                0x0800dcc0                _calloc_r
 .text.__ascii_mbtowc
                0x0800dce8       0x24 C:/ST/STM32CubeIDE_2.0.0/STM32CubeIDE/plugins/com.st.stm32cube.ide.mcu.externaltools.gnu-tools-for-stm32.13.3.rel1.win32_1.0.100.202509120712/tools/bin/../lib/gcc/arm-none-eabi/13.3.1/../../../../arm-none-eabi/lib/thumb/v7e-m+dp/hard\libc_nano.a(libc_a-mbtowc_r.o)
                0x0800dce8                __ascii_mbtowc
 .text.__ascii_wctomb