2026-09-20 20:59:24,292 [ERROR] LogOutputStream:75 - [STDERR_REDIRECT] 2026-09-20 20:59:24.290:INFO :oejs.Server:main: Stopped Server@5b5591a4{STOPPING}[10.0.25,sto=0]
2026-09-20 20:59:24,310 [ERROR] LogOutputStream:75 - [STDERR_REDIRECT] 2026-09-20 20:59:24.309:INFO :oejs.AbstractConnector:main: Stopped ServerConnector@66218a35{HTTP/1.1, (http/1.1)}{localhost:0}
2026-09-20 20:59:24,314 [ERROR] LogOutputStream:75 - [STDERR_REDIRECT] 2026-09-20 20:59:24.313:INFO :oejsh.ContextHandler:main: Stopped o.e.j.s.ServletContextHandler@6443b9c4{/chat,file:///home/irinej/.eclipse/com.st.stm32cube.ide.mcu.rcp.product_2.0.0_1934254364_linux_gtk_x86_64/plugins/com.genuitec.copilot4eclipse.chat_1.7.1.202509041430/web/,STOPPED}
2026-09-20 20:59:24,324 [ERROR] LogOutputStream:75 - [STDERR_REDIRECT] 2026-09-20 20:59:24.323:ERROR:jee.EnvironmentImpl:main: Failed to flush transaction
2026-09-20 20:59:24,325 [ERROR] LogOutputStream:75 - [STDERR_REDIRECT] java.io.FileNotFoundException: /home/irinej/faks/stm32h750-audio-plotter/.metadata/.plugins/com.genuitec.copilot4eclipse/chatdata/00000000000.xd (No such file or directory)
2026-09-20 20:59:24,325 [ERROR] LogOutputStream:75 - [STDERR_REDIRECT] 	at java.base/java.io.RandomAccessFile.open0(Native Method)
2026-09-20 20:59:24,325 [ERROR] LogOutputStream:75 - [STDERR_REDIRECT] 	at java.base/java.io.RandomAccessFile.open(RandomAccessFile.java:356)
2026-09-20 20:59:24,325 [ERROR] LogOutputStream:75 - [STDERR_REDIRECT] 	at java.base/java.io.RandomAccessFile.<init>(RandomAccessFile.java:273)
2026-09-20 20:59:24,325 [ERROR] LogOutputStream:75 - [STDERR_REDIRECT] 	at java.base/java.io.RandomAccessFile.<init>(RandomAccessFile.java:223)
2026-09-20 20:59:24,325 [ERROR] LogOutputStream:75 - [STDERR_REDIRECT] 	at jetbrains.exodus.io.FileDataWriter.openOrCreateFile(FileDataWriter.kt:152)
2026-09-20 20:59:24,325 [ERROR] LogOutputStream:75 - [STDERR_REDIRECT] 	at jetbrains.exodus.io.FileDataWriter.openOrCreateBlockImpl(FileDataWriter.kt:105)
2026-09-20 20:59:24,326 [ERROR] LogOutputStream:75 - [STDERR_REDIRECT] 	at jetbrains.exodus.io.FileDataWriter.openOrCreateBlockImpl(FileDataWriter.kt:33)
2026-09-20 20:59:24,326 [ERROR] LogOutputStream:75 - [STDERR_REDIRECT] 	at jetbrains.exodus.io.AbstractDataWriter.openOrCreateBlock(AbstractDataWriter.java:61)
2026-09-20 20:59:24,326 [ERROR] LogOutputStream:75 - [STDERR_REDIRECT] 	at jetbrains.exodus.log.BufferedDataWriter.openOrCreateBlock(BufferedDataWriter.java:189)
2026-09-20 20:59:24,326 [ERROR] LogOutputStream:75 - [STDERR_REDIRECT] 	at jetbrains.exodus.log.Log.beforeWrite(Log.kt:895)
2026-09-20 20:59:24,326 [ERROR] LogOutputStream:75 - [STDERR_REDIRECT] 	at jetbrains.exodus.log.Log.writeContinuously(Log.kt:833)
2026-09-20 20:59:24,326 [ERROR] LogOutputStream:75 - [STDERR_REDIRECT] 	at jetbrains.exodus.log.Log.write(Log.kt:523)
2026-09-20 20:59:24,326 [ERROR] LogOutputStream:75 - [STDERR_REDIRECT] 	at jetbrains.exodus.tree.btree.LeafNodeMutable.save(LeafNodeMutable.java:68)
2026-09-20 20:59:24,326 [ERROR] LogOutputStream:75 - [STDERR_REDIRECT] 	at jetbrains.exodus.tree.btree.BottomPageMutable.saveChildren(BottomPageMutable.java:167)
2026-09-20 20:59:24,327 [ERROR] LogOutputStream:75 - [STDERR_REDIRECT] 	at jetbrains.exodus.tree.btree.BasePageMutable.getData(BasePageMutable.java:100)
2026-09-20 20:59:24,327 [ERROR] LogOutputStream:75 - [STDERR_REDIRECT] 	at jetbrains.exodus.tree.btree.BTreeMutable.save(BTreeMutable.java:215)
2026-09-20 20:59:24,327 [ERROR] LogOutputStream:75 - [STDERR_REDIRECT] 	at jetbrains.exodus.env.MetaTreeImpl.saveTree(MetaTreeImpl.java:190)
2026-09-20 20:59:24,327 [ERROR] LogOutputStream:75 - [STDERR_REDIRECT] 	at jetbrains.exodus.env.ReadWriteTransaction.doCommit(ReadWriteTransaction.java:249)
2026-09-20 20:59:24,327 [ERROR] LogOutputStream:75 - [STDERR_REDIRECT] 	at jetbrains.exodus.env.EnvironmentImpl.flushTransaction(EnvironmentImpl.java:727)
2026-09-20 20:59:24,327 [ERROR] LogOutputStream:75 - [STDERR_REDIRECT] 	at jetbrains.exodus.env.ReadWriteTransaction.flush(ReadWriteTransaction.java:103)
2026-09-20 20:59:24,327 [ERROR] LogOutputStream:75 - [STDERR_REDIRECT] 	at jetbrains.exodus.env.EnvironmentImpl.executeInTransaction(EnvironmentImpl.java:1163)
2026-09-20 20:59:24,327 [ERROR] LogOutputStream:75 - [STDERR_REDIRECT] 	at jetbrains.exodus.env.EnvironmentImpl.executeInTransaction(EnvironmentImpl.java:301)
2026-09-20 20:59:24,328 [ERROR] LogOutputStream:75 - [STDERR_REDIRECT] 	at jetbrains.exodus.env.EnvironmentImpl.close(EnvironmentImpl.java:444)
2026-09-20 20:59:24,328 [ERROR] LogOutputStream:75 - [STDERR_REDIRECT] 	at jetbrains.exodus.entitystore.PersistentEntityStoreImpl.close(PersistentEntityStoreImpl.java:2062)
2026-09-20 20:59:24,328 [ERROR] LogOutputStream:75 - [STDERR_REDIRECT] 	at com.genuitec.copilot4eclipse.chat.persistence.ChatPersistenceManager.shutdown(ChatPersistenceManager.java:97)
2026-09-20 20:59:24,328 [ERROR] LogOutputStream:75 - [STDERR_REDIRECT] 	at com.genuitec.copilot4eclipse.chat.ChatService.shutdown(ChatService.java:407)
2026-09-20 20:59:24,328 [ERROR] LogOutputStream:75 - [STDERR_REDIRECT] 	at com.genuitec.copilot4eclipse.chat.ChatService.preShutdown(ChatService.java:1186)
2026-09-20 20:59:24,328 [ERROR] LogOutputStream:75 - [STDERR_REDIRECT] 	at org.eclipse.ui.internal.Workbench$4.run(Workbench.java:937)
2026-09-20 20:59:24,328 [ERROR] LogOutputStream:75 - [STDERR_REDIRECT] 	at org.eclipse.core.runtime.SafeRunner.run(SafeRunner.java:47)
2026-09-20 20:59:24,328 [ERROR] LogOutputStream:75 - [STDERR_REDIRECT] 	at org.eclipse.jface.util.SafeRunnable.run(SafeRunnable.java:174)
2026-09-20 20:59:24,328 [ERROR] LogOutputStream:75 - [STDERR_REDIRECT] 	at org.eclipse.ui.internal.Workbench.firePreShutdown(Workbench.java:934)
2026-09-20 20:59:24,328 [ERROR] LogOutputStream:75 - [STDERR_REDIRECT] 	at org.eclipse.ui.internal.Workbench.busyClose(Workbench.java:1063)
2026-09-20 20:59:24,329 [ERROR] LogOutputStream:75 - [STDERR_REDIRECT] 	at org.eclipse.ui.internal.Workbench.lambda$4(Workbench.java:1414)
2026-09-20 20:59:24,329 [ERROR] LogOutputStream:75 - [STDERR_REDIRECT] 	at org.eclipse.swt.custom.BusyIndicator.showWhile(BusyIndicator.java:67)
2026-09-20 20:59:24,329 [ERROR] LogOutputStream:75 - [STDERR_REDIRECT] 	at org.eclipse.ui.internal.Workbench.close(Workbench.java:1414)
2026-09-20 20:59:24,329 [ERROR] LogOutputStream:75 - [STDERR_REDIRECT] 	at org.eclipse.ui.internal.Workbench.close(Workbench.java:1385)
2026-09-20 20:59:24,329 [ERROR] LogOutputStream:75 - [STDERR_REDIRECT] 	at org.eclipse.ui.internal.WorkbenchWindow.busyClose(WorkbenchWindow.java:1720)
2026-09-20 20:59:24,329 [ERROR] LogOutputStream:75 - [STDERR_REDIRECT] 	at org.eclipse.ui.internal.WorkbenchWindow.lambda$5(WorkbenchWindow.java:1747)
2026-09-20 20:59:24,329 [ERROR] LogOutputStream:75 - [STDERR_REDIRECT] 	at org.eclipse.swt.custom.BusyIndicator.showWhile(BusyIndicator.java:67)
2026-09-20 20:59:24,329 [ERROR] LogOutputStream:75 - [STDERR_REDIRECT] 	at org.eclipse.ui.internal.WorkbenchWindow.close(WorkbenchWindow.java:1747)
2026-09-20 20:59:24,329 [ERROR] LogOutputStream:75 - [STDERR_REDIRECT] 	at org.eclipse.ui.internal.WorkbenchWindow.close(WorkbenchWindow.java:1756)
2026-09-20 20:59:24,330 [ERROR] LogOutputStream:75 - [STDERR_REDIRECT] 	at org.eclipse.ui.internal.WorkbenchWindow.lambda$2(WorkbenchWindow.java:505)
2026-09-20 20:59:24,330 [ERROR] LogOutputStream:75 - [STDERR_REDIRECT] 	at org.eclipse.e4.ui.workbench.renderers.swt.WBWRenderer.lambda$4(WBWRenderer.java:574)
2026-09-20 20:59:24,330 [ERROR] LogOutputStream:75 - [STDERR_REDIRECT] 	at org.eclipse.swt.events.ShellListener$2.shellClosed(ShellListener.java:102)
2026-09-20 20:59:24,330 [ERROR] LogOutputStream:75 - [STDERR_REDIRECT] 	at org.eclipse.swt.widgets.TypedListener.handleEvent(TypedListener.java:115)
2026-09-20 20:59:24,330 [ERROR] LogOutputStream:75 - [STDERR_REDIRECT] 	at org.eclipse.swt.widgets.EventTable.sendEvent(EventTable.java:91)
2026-09-20 20:59:24,330 [ERROR] LogOutputStream:75 - [STDERR_REDIRECT] 	at org.eclipse.swt.widgets.Display.sendEvent(Display.java:5855)
2026-09-20 20:59:24,330 [ERROR] LogOutputStream:75 - [STDERR_REDIRECT] 	at org.eclipse.swt.widgets.Widget.sendEvent(Widget.java:1617)
2026-09-20 20:59:24,330 [ERROR] LogOutputStream:75 - [STDERR_REDIRECT] 	at org.eclipse.swt.widgets.Widget.sendEvent(Widget.java:1643)
2026-09-20 20:59:24,330 [ERROR] LogOutputStream:75 - [STDERR_REDIRECT] 	at org.eclipse.swt.widgets.Widget.sendEvent(Widget.java:1626)
2026-09-20 20:59:24,331 [ERROR] LogOutputStream:75 - [STDERR_REDIRECT] 	at org.eclipse.swt.widgets.Shell.closeWidget(Shell.java:711)
2026-09-20 20:59:24,331 [ERROR] LogOutputStream:75 - [STDERR_REDIRECT] 	at org.eclipse.swt.widgets.Shell.gtk_delete_event(Shell.java:1554)
2026-09-20 20:59:24,331 [ERROR] LogOutputStream:75 - [STDERR_REDIRECT] 	at org.eclipse.swt.widgets.Widget.windowProc(Widget.java:2583)
2026-09-20 20:59:24,331 [ERROR] LogOutputStream:75 - [STDERR_REDIRECT] 	at org.eclipse.swt.widgets.Control.windowProc(Control.java:6842)
2026-09-20 20:59:24,331 [ERROR] LogOutputStream:75 - [STDERR_REDIRECT] 	at org.eclipse.swt.widgets.Display.windowProc(Display.java:6162)
2026-09-20 20:59:24,331 [ERROR] LogOutputStream:75 - [STDERR_REDIRECT] 	at org.eclipse.swt.internal.gtk3.GTK3.gtk_main_do_event(Native Method)
2026-09-20 20:59:24,331 [ERROR] LogOutputStream:75 - [STDERR_REDIRECT] 	at org.eclipse.swt.widgets.Display.eventProc(Display.java:1598)
2026-09-20 20:59:24,331 [ERROR] LogOutputStream:75 - [STDERR_REDIRECT] 	at org.eclipse.swt.internal.gtk3.GTK3.gtk_main_iteration_do(Native Method)
2026-09-20 20:59:24,332 [ERROR] LogOutputStream:75 - [STDERR_REDIRECT] 	at org.eclipse.swt.widgets.Display.readAndDispatch(Display.java:4514)
2026-09-20 20:59:24,332 [ERROR] LogOutputStream:75 - [STDERR_REDIRECT] 	at org.eclipse.e4.ui.internal.workbench.swt.PartRenderingEngine$5.run(PartRenderingEngine.java:1151)
2026-09-20 20:59:24,332 [ERROR] LogOutputStream:75 - [STDERR_REDIRECT] 	at org.eclipse.core.databinding.observable.Realm.runWithDefault(Realm.java:339)
2026-09-20 20:59:24,332 [ERROR] LogOutputStream:75 - [STDERR_REDIRECT] 	at org.eclipse.e4.ui.internal.workbench.swt.PartRenderingEngine.run(PartRenderingEngine.java:1042)
2026-09-20 20:59:24,332 [ERROR] LogOutputStream:75 - [STDERR_REDIRECT] 	at org.eclipse.e4.ui.internal.workbench.E4Workbench.createAndRunUI(E4Workbench.java:153)
2026-09-20 20:59:24,332 [ERROR] LogOutputStream:75 - [STDERR_REDIRECT] 	at org.eclipse.ui.internal.Workbench.lambda$3(Workbench.java:639)
2026-09-20 20:59:24,332 [ERROR] LogOutputStream:75 - [STDERR_REDIRECT] 	at org.eclipse.core.databinding.observable.Realm.runWithDefault(Realm.java:339)
2026-09-20 20:59:24,333 [ERROR] LogOutputStream:75 - [STDERR_REDIRECT] 	at org.eclipse.ui.internal.Workbench.createAndRunWorkbench(Workbench.java:546)
2026-09-20 20:59:24,333 [ERROR] LogOutputStream:75 - [STDERR_REDIRECT] 	at org.eclipse.ui.PlatformUI.createAndRunWorkbench(PlatformUI.java:173)
2026-09-20 20:59:24,333 [ERROR] LogOutputStream:75 - [STDERR_REDIRECT] 	at org.eclipse.ui.internal.ide.application.IDEApplication.start(IDEApplication.java:152)
2026-09-20 20:59:24,333 [ERROR] LogOutputStream:75 - [STDERR_REDIRECT] 	at org.eclipse.equinox.internal.app.EclipseAppHandle.run(EclipseAppHandle.java:208)
2026-09-20 20:59:24,333 [ERROR] LogOutputStream:75 - [STDERR_REDIRECT] 	at org.eclipse.core.runtime.internal.adaptor.EclipseAppLauncher.runApplication(EclipseAppLauncher.java:143)
2026-09-20 20:59:24,333 [ERROR] LogOutputStream:75 - [STDERR_REDIRECT] 	at org.eclipse.core.runtime.internal.adaptor.EclipseAppLauncher.start(EclipseAppLauncher.java:109)
2026-09-20 20:59:24,333 [ERROR] LogOutputStream:75 - [STDERR_REDIRECT] 	at org.eclipse.core.runtime.adaptor.EclipseStarter.run(EclipseStarter.java:439)
2026-09-20 20:59:24,333 [ERROR] LogOutputStream:75 - [STDERR_REDIRECT] 	at org.eclipse.core.runtime.adaptor.EclipseStarter.run(EclipseStarter.java:271)
2026-09-20 20:59:24,333 [ERROR] LogOutputStream:75 - [STDERR_REDIRECT] 	at java.base/jdk.internal.reflect.DirectMethodHandleAccessor.invoke(DirectMethodHandleAccessor.java:103)
2026-09-20 20:59:24,334 [ERROR] LogOutputStream:75 - [STDERR_REDIRECT] 	at java.base/java.lang.reflect.Method.invoke(Method.java:580)
2026-09-20 20:59:24,334 [ERROR] LogOutputStream:75 - [STDERR_REDIRECT] 	at org.eclipse.equinox.launcher.Main.invokeFramework(Main.java:668)
2026-09-20 20:59:24,334 [ERROR] LogOutputStream:75 - [STDERR_REDIRECT] 	at org.eclipse.equinox.launcher.Main.basicRun(Main.java:605)
2026-09-20 20:59:24,334 [ERROR] LogOutputStream:75 - [STDERR_REDIRECT] 	at org.eclipse.equinox.launcher.Main.run(Main.java:1481)
2026-09-20 20:59:24,334 [ERROR] LogOutputStream:75 - [STDERR_REDIRECT] 	at org.eclipse.equinox.launcher.Main.main(Main.java:1454)
2026-09-20 20:59:24,335 [ERROR] LogOutputStream:75 - [STDERR_REDIRECT] 2026-09-20 20:59:24.334:ERROR:jee.PersistentEntityStoreImpl:main: close() failed
2026-09-20 20:59:24,335 [ERROR] LogOutputStream:75 - [STDERR_REDIRECT] jetbrains.exodus.ExodusException: Failed to flush transaction
2026-09-20 20:59:24,335 [ERROR] LogOutputStream:75 - [STDERR_REDIRECT] 	at jetbrains.exodus.ExodusException.toExodusException(ExodusException.java:49)
2026-09-20 20:59:24,335 [ERROR] LogOutputStream:75 - [STDERR_REDIRECT] 	at jetbrains.exodus.env.EnvironmentImpl.flushTransaction(EnvironmentImpl.java:758)
2026-09-20 20:59:24,335 [ERROR] LogOutputStream:75 - [STDERR_REDIRECT] 	at jetbrains.exodus.env.ReadWriteTransaction.flush(ReadWriteTransaction.java:103)
2026-09-20 20:59:24,336 [ERROR] LogOutputStream:75 - [STDERR_REDIRECT] 	at jetbrains.exodus.env.EnvironmentImpl.executeInTransaction(EnvironmentImpl.java:1163)
2026-09-20 20:59:24,336 [ERROR] LogOutputStream:75 - [STDERR_REDIRECT] 	at jetbrains.exodus.env.EnvironmentImpl.executeInTransaction(EnvironmentImpl.java:301)
2026-09-20 20:59:24,336 [ERROR] LogOutputStream:75 - [STDERR_REDIRECT] 	at jetbrains.exodus.env.EnvironmentImpl.close(EnvironmentImpl.java:444)
2026-09-20 20:59:24,336 [ERROR] LogOutputStream:75 - [STDERR_REDIRECT] 	at jetbrains.exodus.entitystore.PersistentEntityStoreImpl.close(PersistentEntityStoreImpl.java:2062)
2026-09-20 20:59:24,336 [ERROR] LogOutputStream:75 - [STDERR_REDIRECT] 	at com.genuitec.copilot4eclipse.chat.persistence.ChatPersistenceManager.shutdown(ChatPersistenceManager.java:97)
2026-09-20 20:59:24,336 [ERROR] LogOutputStream:75 - [STDERR_REDIRECT] 	at com.genuitec.copilot4eclipse.chat.ChatService.shutdown(ChatService.java:407)
2026-09-20 20:59:24,336 [ERROR] LogOutputStream:75 - [STDERR_REDIRECT] 	at com.genuitec.copilot4eclipse.chat.ChatService.preShutdown(ChatService.java:1186)
2026-09-20 20:59:24,336 [ERROR] LogOutputStream:75 - [STDERR_REDIRECT] 	at org.eclipse.ui.internal.Workbench$4.run(Workbench.java:937)
2026-09-20 20:59:24,336 [ERROR] LogOutputStream:75 - [STDERR_REDIRECT] 	at org.eclipse.core.runtime.SafeRunner.run(SafeRunner.java:47)
2026-09-20 20:59:24,336 [ERROR] LogOutputStream:75 - [STDERR_REDIRECT] 	at org.eclipse.jface.util.SafeRunnable.run(SafeRunnable.java:174)
2026-09-20 20:59:24,337 [ERROR] LogOutputStream:75 - [STDERR_REDIRECT] 	at org.eclipse.ui.internal.Workbench.firePreShutdown(Workbench.java:934)
2026-09-20 20:59:24,337 [ERROR] LogOutputStream:75 - [STDERR_REDIRECT] 	at org.eclipse.ui.internal.Workbench.busyClose(Workbench.java:1063)
2026-09-20 20:59:24,337 [ERROR] LogOutputStream:75 - [STDERR_REDIRECT] 	at org.eclipse.ui.internal.Workbench.lambda$4(Workbench.java:1414)
2026-09-20 20:59:24,337 [ERROR] LogOutputStream:75 - [STDERR_REDIRECT] 	at org.eclipse.swt.custom.BusyIndicator.showWhile(BusyIndicator.java:67)
2026-09-20 20:59:24,337 [ERROR] LogOutputStream:75 - [STDERR_REDIRECT] 	at org.eclipse.ui.internal.Workbench.close(Workbench.java:1414)
2026-09-20 20:59:24,337 [ERROR] LogOutputStream:75 - [STDERR_REDIRECT] 	at org.eclipse.ui.internal.Workbench.close(Workbench.java:1385)
2026-09-20 20:59:24,337 [ERROR] LogOutputStream:75 - [STDERR_REDIRECT] 	at org.eclipse.ui.internal.WorkbenchWindow.busyClose(WorkbenchWindow.java:1720)
2026-09-20 20:59:24,337 [ERROR] LogOutputStream:75 - [STDERR_REDIRECT] 	at org.eclipse.ui.internal.WorkbenchWindow.lambda$5(WorkbenchWindow.java:1747)
2026-09-20 20:59:24,337 [ERROR] LogOutputStream:75 - [STDERR_REDIRECT] 	at org.eclipse.swt.custom.BusyIndicator.showWhile(BusyIndicator.java:67)
2026-09-20 20:59:24,337 [ERROR] LogOutputStream:75 - [STDERR_REDIRECT] 	at org.eclipse.ui.internal.WorkbenchWindow.close(WorkbenchWindow.java:1747)
2026-09-20 20:59:24,337 [ERROR] LogOutputStream:75 - [STDERR_REDIRECT] 	at org.eclipse.ui.internal.WorkbenchWindow.close(WorkbenchWindow.java:1756)
2026-09-20 20:59:24,338 [ERROR] LogOutputStream:75 - [STDERR_REDIRECT] 	at org.eclipse.ui.internal.WorkbenchWindow.lambda$2(WorkbenchWindow.java:505)
2026-09-20 20:59:24,338 [ERROR] LogOutputStream:75 - [STDERR_REDIRECT] 	at org.eclipse.e4.ui.workbench.renderers.swt.WBWRenderer.lambda$4(WBWRenderer.java:574)
2026-09-20 20:59:24,338 [ERROR] LogOutputStream:75 - [STDERR_REDIRECT] 	at org.eclipse.swt.events.ShellListener$2.shellClosed(ShellListener.java:102)
2026-09-20 20:59:24,338 [ERROR] LogOutputStream:75 - [STDERR_REDIRECT] 	at org.eclipse.swt.widgets.TypedListener.handleEvent(TypedListener.java:115)
2026-09-20 20:59:24,338 [ERROR] LogOutputStream:75 - [STDERR_REDIRECT] 	at org.eclipse.swt.widgets.EventTable.sendEvent(EventTable.java:91)
2026-09-20 20:59:24,338 [ERROR] LogOutputStream:75 - [STDERR_REDIRECT] 	at org.eclipse.swt.widgets.Display.sendEvent(Display.java:5855)
2026-09-20 20:59:24,338 [ERROR] LogOutputStream:75 - [STDERR_REDIRECT] 	at org.eclipse.swt.widgets.Widget.sendEvent(Widget.java:1617)
2026-09-20 20:59:24,338 [ERROR] LogOutputStream:75 - [STDERR_REDIRECT] 	at org.eclipse.swt.widgets.Widget.sendEvent(Widget.java:1643)
2026-09-20 20:59:24,338 [ERROR] LogOutputStream:75 - [STDERR_REDIRECT] 	at org.eclipse.swt.widgets.Widget.sendEvent(Widget.java:1626)
2026-09-20 20:59:24,338 [ERROR] LogOutputStream:75 - [STDERR_REDIRECT] 	at org.eclipse.swt.widgets.Shell.closeWidget(Shell.java:711)
2026-09-20 20:59:24,339 [ERROR] LogOutputStream:75 - [STDERR_REDIRECT] 	at org.eclipse.swt.widgets.Shell.gtk_delete_event(Shell.java:1554)
2026-09-20 20:59:24,339 [ERROR] LogOutputStream:75 - [STDERR_REDIRECT] 	at org.eclipse.swt.widgets.Widget.windowProc(Widget.java:2583)
2026-09-20 20:59:24,339 [ERROR] LogOutputStream:75 - [STDERR_REDIRECT] 	at org.eclipse.swt.widgets.Control.windowProc(Control.java:6842)
2026-09-20 20:59:24,339 [ERROR] LogOutputStream:75 - [STDERR_REDIRECT] 	at org.eclipse.swt.widgets.Display.windowProc(Display.java:6162)
2026-09-20 20:59:24,339 [ERROR] LogOutputStream:75 - [STDERR_REDIRECT] 	at org.eclipse.swt.internal.gtk3.GTK3.gtk_main_do_event(Native Method)
2026-09-20 20:59:24,339 [ERROR] LogOutputStream:75 - [STDERR_REDIRECT] 	at org.eclipse.swt.widgets.Display.eventProc(Display.java:1598)
2026-09-20 20:59:24,339 [ERROR] LogOutputStream:75 - [STDERR_REDIRECT] 	at org.eclipse.swt.internal.gtk3.GTK3.gtk_main_iteration_do(Native Method)
2026-09-20 20:59:24,339 [ERROR] LogOutputStream:75 - [STDERR_REDIRECT] 	at org.eclipse.swt.widgets.Display.readAndDispatch(Display.java:4514)
2026-09-20 20:59:24,339 [ERROR] LogOutputStream:75 - [STDERR_REDIRECT] 	at org.eclipse.e4.ui.internal.workbench.swt.PartRenderingEngine$5.run(PartRenderingEngine.java:1151)
2026-09-20 20:59:24,339 [ERROR] LogOutputStream:75 - [STDERR_REDIRECT] 	at org.eclipse.core.databinding.observable.Realm.runWithDefault(Realm.java:339)
2026-09-20 20:59:24,339 [ERROR] LogOutputStream:75 - [STDERR_REDIRECT] 	at org.eclipse.e4.ui.internal.workbench.swt.PartRenderingEngine.run(PartRenderingEngine.java:1042)
2026-09-20 20:59:24,340 [ERROR] LogOutputStream:75 - [STDERR_REDIRECT] 	at org.eclipse.e4.ui.internal.workbench.E4Workbench.createAndRunUI(E4Workbench.java:153)
2026-09-20 20:59:24,340 [ERROR] LogOutputStream:75 - [STDERR_REDIRECT] 	at org.eclipse.ui.internal.Workbench.lambda$3(Workbench.java:639)
2026-09-20 20:59:24,340 [ERROR] LogOutputStream:75 - [STDERR_REDIRECT] 	at org.eclipse.core.databinding.observable.Realm.runWithDefault(Realm.java:339)
2026-09-20 20:59:24,340 [ERROR] LogOutputStream:75 - [STDERR_REDIRECT] 	at org.eclipse.ui.internal.Workbench.createAndRunWorkbench(Workbench.java:546)
2026-09-20 20:59:24,340 [ERROR] LogOutputStream:75 - [STDERR_REDIRECT] 	at org.eclipse.ui.PlatformUI.createAndRunWorkbench(PlatformUI.java:173)
2026-09-20 20:59:24,340 [ERROR] LogOutputStream:75 - [STDERR_REDIRECT] 	at org.eclipse.ui.internal.ide.application.IDEApplication.start(IDEApplication.java:152)
2026-09-20 20:59:24,340 [ERROR] LogOutputStream:75 - [STDERR_REDIRECT] 	at org.eclipse.equinox.internal.app.EclipseAppHandle.run(EclipseAppHandle.java:208)
2026-09-20 20:59:24,340 [ERROR] LogOutputStream:75 - [STDERR_REDIRECT] 	at org.eclipse.core.runtime.internal.adaptor.EclipseAppLauncher.runApplication(EclipseAppLauncher.java:143)
2026-09-20 20:59:24,340 [ERROR] LogOutputStream:75 - [STDERR_REDIRECT] 	at org.eclipse.core.runtime.internal.adaptor.EclipseAppLauncher.start(EclipseAppLauncher.java:109)
2026-09-20 20:59:24,340 [ERROR] LogOutputStream:75 - [STDERR_REDIRECT] 	at org.eclipse.core.runtime.adaptor.EclipseStarter.run(EclipseStarter.java:439)
2026-09-20 20:59:24,341 [ERROR] LogOutputStream:75 - [STDERR_REDIRECT] 	at org.eclipse.core.runtime.adaptor.EclipseStarter.run(EclipseStarter.java:271)
2026-09-20 20:59:24,341 [ERROR] LogOutputStream:75 - [STDERR_REDIRECT] 	at java.base/jdk.internal.reflect.DirectMethodHandleAccessor.invoke(DirectMethodHandleAccessor.java:103)
2026-09-20 20:59:24,341 [ERROR] LogOutputStream:75 - [STDERR_REDIRECT] 	at java.base/java.lang.reflect.Method.invoke(Method.java:580)
2026-09-20 20:59:24,341 [ERROR] LogOutputStream:75 - [STDERR_REDIRECT] 	at org.eclipse.equinox.launcher.Main.invokeFramework(Main.java:668)
2026-09-20 20:59:24,341 [ERROR] LogOutputStream:75 - [STDERR_REDIRECT] 	at org.eclipse.equinox.launcher.Main.basicRun(Main.java:605)
2026-09-20 20:59:24,341 [ERROR] LogOutputStream:75 - [STDERR_REDIRECT] 	at org.eclipse.equinox.launcher.Main.run(Main.java:1481)
2026-09-20 20:59:24,341 [ERROR] LogOutputStream:75 - [STDERR_REDIRECT] 	at org.eclipse.equinox.launcher.Main.main(Main.java:1454)
2026-09-20 20:59:24,341 [ERROR] LogOutputStream:75 - [STDERR_REDIRECT] Caused by: 
2026-09-20 20:59:24,341 [ERROR] LogOutputStream:75 - [STDERR_REDIRECT] java.io.FileNotFoundException: /home/irinej/faks/stm32h750-audio-plotter/.metadata/.plugins/com.genuitec.copilot4eclipse/chatdata/00000000000.xd (No such file or directory)
2026-09-20 20:59:24,341 [ERROR] LogOutputStream:75 - [STDERR_REDIRECT] 	at java.base/java.io.RandomAccessFile.open0(Native Method)
2026-09-20 20:59:24,342 [ERROR] LogOutputStream:75 - [STDERR_REDIRECT] 	at java.base/java.io.RandomAccessFile.open(RandomAccessFile.java:356)
2026-09-20 20:59:24,342 [ERROR] LogOutputStream:75 - [STDERR_REDIRECT] 	at java.base/java.io.RandomAccessFile.<init>(RandomAccessFile.java:273)
2026-09-20 20:59:24,342 [ERROR] LogOutputStream:75 - [STDERR_REDIRECT] 	at java.base/java.io.RandomAccessFile.<init>(RandomAccessFile.java:223)
2026-09-20 20:59:24,342 [ERROR] LogOutputStream:75 - [STDERR_REDIRECT] 	at jetbrains.exodus.io.FileDataWriter.openOrCreateFile(FileDataWriter.kt:152)
2026-09-20 20:59:24,342 [ERROR] LogOutputStream:75 - [STDERR_REDIRECT] 	at jetbrains.exodus.io.FileDataWriter.openOrCreateBlockImpl(FileDataWriter.kt:105)
2026-09-20 20:59:24,342 [ERROR] LogOutputStream:75 - [STDERR_REDIRECT] 	at jetbrains.exodus.io.FileDataWriter.openOrCreateBlockImpl(FileDataWriter.kt:33)
2026-09-20 20:59:24,342 [ERROR] LogOutputStream:75 - [STDERR_REDIRECT] 	at jetbrains.exodus.io.AbstractDataWriter.openOrCreateBlock(AbstractDataWriter.java:61)
2026-09-20 20:59:24,342 [ERROR] LogOutputStream:75 - [STDERR_REDIRECT] 	at jetbrains.exodus.log.BufferedDataWriter.openOrCreateBlock(BufferedDataWriter.java:189)
2026-09-20 20:59:24,342 [ERROR] LogOutputStream:75 - [STDERR_REDIRECT] 	at jetbrains.exodus.log.Log.beforeWrite(Log.kt:895)
2026-09-20 20:59:24,342 [ERROR] LogOutputStream:75 - [STDERR_REDIRECT] 	at jetbrains.exodus.log.Log.writeContinuously(Log.kt:833)
2026-09-20 20:59:24,342 [ERROR] LogOutputStream:75 - [STDERR_REDIRECT] 	at jetbrains.exodus.log.Log.write(Log.kt:523)
2026-09-20 20:59:24,343 [ERROR] LogOutputStream:75 - [STDERR_REDIRECT] 	at jetbrains.exodus.tree.btree.LeafNodeMutable.save(LeafNodeMutable.java:68)
2026-09-20 20:59:24,343 [ERROR] LogOutputStream:75 - [STDERR_REDIRECT] 	at jetbrains.exodus.tree.btree.BottomPageMutable.saveChildren(BottomPageMutable.java:167)
2026-09-20 20:59:24,343 [ERROR] LogOutputStream:75 - [STDERR_REDIRECT] 	at jetbrains.exodus.tree.btree.BasePageMutable.getData(BasePageMutable.java:100)
2026-09-20 20:59:24,343 [ERROR] LogOutputStream:75 - [STDERR_REDIRECT] 	at jetbrains.exodus.tree.btree.BTreeMutable.save(BTreeMutable.java:215)
2026-09-20 20:59:24,343 [ERROR] LogOutputStream:75 - [STDERR_REDIRECT] 	at jetbrains.exodus.env.MetaTreeImpl.saveTree(MetaTreeImpl.java:190)
2026-09-20 20:59:24,343 [ERROR] LogOutputStream:75 - [STDERR_REDIRECT] 	at jetbrains.exodus.env.ReadWriteTransaction.doCommit(ReadWriteTransaction.java:249)
2026-09-20 20:59:24,343 [ERROR] LogOutputStream:75 - [STDERR_REDIRECT] 	at jetbrains.exodus.env.EnvironmentImpl.flushTransaction(EnvironmentImpl.java:727)
2026-09-20 20:59:24,343 [ERROR] LogOutputStream:75 - [STDERR_REDIRECT] 	at jetbrains.exodus.env.ReadWriteTransaction.flush(ReadWriteTransaction.java:103)
2026-09-20 20:59:24,343 [ERROR] LogOutputStream:75 - [STDERR_REDIRECT] 	at jetbrains.exodus.env.EnvironmentImpl.executeInTransaction(EnvironmentImpl.java:1163)
2026-09-20 20:59:24,343 [ERROR] LogOutputStream:75 - [STDERR_REDIRECT] 	at jetbrains.exodus.env.EnvironmentImpl.executeInTransaction(EnvironmentImpl.java:301)
2026-09-20 20:59:24,344 [ERROR] LogOutputStream:75 - [STDERR_REDIRECT] 	at jetbrains.exodus.env.EnvironmentImpl.close(EnvironmentImpl.java:444)
2026-09-20 20:59:24,344 [ERROR] LogOutputStream:75 - [STDERR_REDIRECT] 	at jetbrains.exodus.entitystore.PersistentEntityStoreImpl.close(PersistentEntityStoreImpl.java:2062)
2026-09-20 20:59:24,344 [ERROR] LogOutputStream:75 - [STDERR_REDIRECT] 	at com.genuitec.copilot4eclipse.chat.persistence.ChatPersistenceManager.shutdown(ChatPersistenceManager.java:97)
2026-09-20 20:59:24,344 [ERROR] LogOutputStream:75 - [STDERR_REDIRECT] 	at com.genuitec.copilot4eclipse.chat.ChatService.shutdown(ChatService.java:407)
2026-09-20 20:59:24,344 [ERROR] LogOutputStream:75 - [STDERR_REDIRECT] 	at com.genuitec.copilot4eclipse.chat.ChatService.preShutdown(ChatService.java:1186)
2026-09-20 20:59:24,344 [ERROR] LogOutputStream:75 - [STDERR_REDIRECT] 	at org.eclipse.ui.internal.Workbench$4.run(Workbench.java:937)
2026-09-20 20:59:24,344 [ERROR] LogOutputStream:75 - [STDERR_REDIRECT] 	at org.eclipse.core.runtime.SafeRunner.run(SafeRunner.java:47)
2026-09-20 20:59:24,344 [ERROR] LogOutputStream:75 - [STDERR_REDIRECT] 	at org.eclipse.jface.util.SafeRunnable.run(SafeRunnable.java:174)
2026-09-20 20:59:24,344 [ERROR] LogOutputStream:75 - [STDERR_REDIRECT] 	at org.eclipse.ui.internal.Workbench.firePreShutdown(Workbench.java:934)
2026-09-20 20:59:24,344 [ERROR] LogOutputStream:75 - [STDERR_REDIRECT] 	at org.eclipse.ui.internal.Workbench.busyClose(Workbench.java:1063)
2026-09-20 20:59:24,344 [ERROR] LogOutputStream:75 - [STDERR_REDIRECT] 	at org.eclipse.ui.internal.Workbench.lambda$4(Workbench.java:1414)
2026-09-20 20:59:24,345 [ERROR] LogOutputStream:75 - [STDERR_REDIRECT] 	at org.eclipse.swt.custom.BusyIndicator.showWhile(BusyIndicator.java:67)
2026-09-20 20:59:24,345 [ERROR] LogOutputStream:75 - [STDERR_REDIRECT] 	at org.eclipse.ui.internal.Workbench.close(Workbench.java:1414)
2026-09-20 20:59:24,345 [ERROR] LogOutputStream:75 - [STDERR_REDIRECT] 	at org.eclipse.ui.internal.Workbench.close(Workbench.java:1385)
2026-09-20 20:59:24,345 [ERROR] LogOutputStream:75 - [STDERR_REDIRECT] 	at org.eclipse.ui.internal.WorkbenchWindow.busyClose(WorkbenchWindow.java:1720)
2026-09-20 20:59:24,345 [ERROR] LogOutputStream:75 - [STDERR_REDIRECT] 	at org.eclipse.ui.internal.WorkbenchWindow.lambda$5(WorkbenchWindow.java:1747)
2026-09-20 20:59:24,345 [ERROR] LogOutputStream:75 - [STDERR_REDIRECT] 	at org.eclipse.swt.custom.BusyIndicator.showWhile(BusyIndicator.java:67)
2026-09-20 20:59:24,345 [ERROR] LogOutputStream:75 - [STDERR_REDIRECT] 	at org.eclipse.ui.internal.WorkbenchWindow.close(WorkbenchWindow.java:1747)
2026-09-20 20:59:24,345 [ERROR] LogOutputStream:75 - [STDERR_REDIRECT] 	at org.eclipse.ui.internal.WorkbenchWindow.close(WorkbenchWindow.java:1756)
2026-09-20 20:59:24,345 [ERROR] LogOutputStream:75 - [STDERR_REDIRECT] 	at org.eclipse.ui.internal.WorkbenchWindow.lambda$2(WorkbenchWindow.java:505)
2026-09-20 20:59:24,345 [ERROR] LogOutputStream:75 - [STDERR_REDIRECT] 	at org.eclipse.e4.ui.workbench.renderers.swt.WBWRenderer.lambda$4(WBWRenderer.java:574)
2026-09-20 20:59:24,346 [ERROR] LogOutputStream:75 - [STDERR_REDIRECT] 	at org.eclipse.swt.events.ShellListener$2.shellClosed(ShellListener.java:102)
2026-09-20 20:59:24,346 [ERROR] LogOutputStream:75 - [STDERR_REDIRECT] 	at org.eclipse.swt.widgets.TypedListener.handleEvent(TypedListener.java:115)
2026-09-20 20:59:24,346 [ERROR] LogOutputStream:75 - [STDERR_REDIRECT] 	at org.eclipse.swt.widgets.EventTable.sendEvent(EventTable.java:91)
2026-09-20 20:59:24,346 [ERROR] LogOutputStream:75 - [STDERR_REDIRECT] 	at org.eclipse.swt.widgets.Display.sendEvent(Display.java:5855)
2026-09-20 20:59:24,346 [ERROR] LogOutputStream:75 - [STDERR_REDIRECT] 	at org.eclipse.swt.widgets.Widget.sendEvent(Widget.java:1617)
2026-09-20 20:59:24,346 [ERROR] LogOutputStream:75 - [STDERR_REDIRECT] 	at org.eclipse.swt.widgets.Widget.sendEvent(Widget.java:1643)
2026-09-20 20:59:24,346 [ERROR] LogOutputStream:75 - [STDERR_REDIRECT] 	at org.eclipse.swt.widgets.Widget.sendEvent(Widget.java:1626)
2026-09-20 20:59:24,346 [ERROR] LogOutputStream:75 - [STDERR_REDIRECT] 	at org.eclipse.swt.widgets.Shell.closeWidget(Shell.java:711)
2026-09-20 20:59:24,346 [ERROR] LogOutputStream:75 - [STDERR_REDIRECT] 	at org.eclipse.swt.widgets.Shell.gtk_delete_event(Shell.java:1554)
2026-09-20 20:59:24,346 [ERROR] LogOutputStream:75 - [STDERR_REDIRECT] 	at org.eclipse.swt.widgets.Widget.windowProc(Widget.java:2583)
2026-09-20 20:59:24,347 [ERROR] LogOutputStream:75 - [STDERR_REDIRECT] 	at org.eclipse.swt.widgets.Control.windowProc(Control.java:6842)
2026-09-20 20:59:24,347 [ERROR] LogOutputStream:75 - [STDERR_REDIRECT] 	at org.eclipse.swt.widgets.Display.windowProc(Display.java:6162)
2026-09-20 20:59:24,347 [ERROR] LogOutputStream:75 - [STDERR_REDIRECT] 	at org.eclipse.swt.internal.gtk3.GTK3.gtk_main_do_event(Native Method)
2026-09-20 20:59:24,347 [ERROR] LogOutputStream:75 - [STDERR_REDIRECT] 	at org.eclipse.swt.widgets.Display.eventProc(Display.java:1598)
2026-09-20 20:59:24,347 [ERROR] LogOutputStream:75 - [STDERR_REDIRECT] 	at org.eclipse.swt.internal.gtk3.GTK3.gtk_main_iteration_do(Native Method)
2026-09-20 20:59:24,347 [ERROR] LogOutputStream:75 - [STDERR_REDIRECT] 	at org.eclipse.swt.widgets.Display.readAndDispatch(Display.java:4514)
2026-09-20 20:59:24,347 [ERROR] LogOutputStream:75 - [STDERR_REDIRECT] 	at org.eclipse.e4.ui.internal.workbench.swt.PartRenderingEngine$5.run(PartRenderingEngine.java:1151)
2026-09-20 20:59:24,347 [ERROR] LogOutputStream:75 - [STDERR_REDIRECT] 	at org.eclipse.core.databinding.observable.Realm.runWithDefault(Realm.java:339)
2026-09-20 20:59:24,347 [ERROR] LogOutputStream:75 - [STDERR_REDIRECT] 	at org.eclipse.e4.ui.internal.workbench.swt.PartRenderingEngine.run(PartRenderingEngine.java:1042)
2026-09-20 20:59:24,347 [ERROR] LogOutputStream:75 - [STDERR_REDIRECT] 	at org.eclipse.e4.ui.internal.workbench.E4Workbench.createAndRunUI(E4Workbench.java:153)
2026-09-20 20:59:24,348 [ERROR] LogOutputStream:75 - [STDERR_REDIRECT] 	at org.eclipse.ui.internal.Workbench.lambda$3(Workbench.java:639)
2026-09-20 20:59:24,348 [ERROR] LogOutputStream:75 - [STDERR_REDIRECT] 	at org.eclipse.core.databinding.observable.Realm.runWithDefault(Realm.java:339)
2026-09-20 20:59:24,348 [ERROR] LogOutputStream:75 - [STDERR_REDIRECT] 	at org.eclipse.ui.internal.Workbench.createAndRunWorkbench(Workbench.java:546)
2026-09-20 20:59:24,348 [ERROR] LogOutputStream:75 - [STDERR_REDIRECT] 	at org.eclipse.ui.PlatformUI.createAndRunWorkbench(PlatformUI.java:173)
2026-09-20 20:59:24,348 [ERROR] LogOutputStream:75 - [STDERR_REDIRECT] 	at org.eclipse.ui.internal.ide.application.IDEApplication.start(IDEApplication.java:152)
2026-09-20 20:59:24,348 [ERROR] LogOutputStream:75 - [STDERR_REDIRECT] 	at org.eclipse.equinox.internal.app.EclipseAppHandle.run(EclipseAppHandle.java:208)
2026-09-20 20:59:24,348 [ERROR] LogOutputStream:75 - [STDERR_REDIRECT] 	at org.eclipse.core.runtime.internal.adaptor.EclipseAppLauncher.runApplication(EclipseAppLauncher.java:143)
2026-09-20 20:59:24,348 [ERROR] LogOutputStream:75 - [STDERR_REDIRECT] 	at org.eclipse.core.runtime.internal.adaptor.EclipseAppLauncher.start(EclipseAppLauncher.java:109)
2026-09-20 20:59:24,348 [ERROR] LogOutputStream:75 - [STDERR_REDIRECT] 	at org.eclipse.core.runtime.adaptor.EclipseStarter.run(EclipseStarter.java:439)
2026-09-20 20:59:24,349 [ERROR] LogOutputStream:75 - [STDERR_REDIRECT] 	at org.eclipse.core.runtime.adaptor.EclipseStarter.run(EclipseStarter.java:271)
2026-09-20 20:59:24,349 [ERROR] LogOutputStream:75 - [STDERR_REDIRECT] 	at java.base/jdk.internal.reflect.DirectMethodHandleAccessor.invoke(DirectMethodHandleAccessor.java:103)
2026-09-20 20:59:24,349 [ERROR] LogOutputStream:75 - [STDERR_REDIRECT] 	at java.base/java.lang.reflect.Method.invoke(Method.java:580)
2026-09-20 20:59:24,349 [ERROR] LogOutputStream:75 - [STDERR_REDIRECT] 	at org.eclipse.equinox.launcher.Main.invokeFramework(Main.java:668)
2026-09-20 20:59:24,349 [ERROR] LogOutputStream:75 - [STDERR_REDIRECT] 	at org.eclipse.equinox.launcher.Main.basicRun(Main.java:605)
2026-09-20 20:59:24,349 [ERROR] LogOutputStream:75 - [STDERR_REDIRECT] 	at org.eclipse.equinox.launcher.Main.run(Main.java:1481)
2026-09-20 20:59:24,349 [ERROR] LogOutputStream:75 - [STDERR_REDIRECT] 	at org.eclipse.equinox.launcher.Main.main(Main.java:1454)
2026-09-20 20:59:28,997 [ERROR] LogOutputStream:75 - [STDERR_REDIRECT] 2026-09-20 20:59:28.997:ERROR:jee.EnvironmentImpl:main: Failed to flush transaction
2026-09-20 20:59:28,998 [ERROR] LogOutputStream:75 - [STDERR_REDIRECT] java.io.FileNotFoundException: /home/irinej/faks/stm32h750-audio-plotter/.metadata/.plugins/com.genuitec.copilot4eclipse/chatdata/00000000000.xd (No such file or directory)
2026-09-20 20:59:28,998 [ERROR] LogOutputStream:75 - [STDERR_REDIRECT] 	at java.base/java.io.RandomAccessFile.open0(Native Method)
2026-09-20 20:59:28,998 [ERROR] LogOutputStream:75 - [STDERR_REDIRECT] 	at java.base/java.io.RandomAccessFile.open(RandomAccessFile.java:356)
2026-09-20 20:59:28,998 [ERROR] LogOutputStream:75 - [STDERR_REDIRECT] 	at java.base/java.io.RandomAccessFile.<init>(RandomAccessFile.java:273)
2026-09-20 20:59:28,998 [ERROR] LogOutputStream:75 - [STDERR_REDIRECT] 	at java.base/java.io.RandomAccessFile.<init>(RandomAccessFile.java:223)
2026-09-20 20:59:28,998 [ERROR] LogOutputStream:75 - [STDERR_REDIRECT] 	at jetbrains.exodus.io.FileDataWriter.openOrCreateFile(FileDataWriter.kt:152)
2026-09-20 20:59:28,998 [ERROR] LogOutputStream:75 - [STDERR_REDIRECT] 	at jetbrains.exodus.io.FileDataWriter.openOrCreateBlockImpl(FileDataWriter.kt:105)
2026-09-20 20:59:28,999 [ERROR] LogOutputStream:75 - [STDERR_REDIRECT] 	at jetbrains.exodus.io.FileDataWriter.openOrCreateBlockImpl(FileDataWriter.kt:33)
2026-09-20 20:59:28,999 [ERROR] LogOutputStream:75 - [STDERR_REDIRECT] 	at jetbrains.exodus.io.AbstractDataWriter.openOrCreateBlock(AbstractDataWriter.java:61)
2026-09-20 20:59:28,999 [ERROR] LogOutputStream:75 - [STDERR_REDIRECT] 	at jetbrains.exodus.log.BufferedDataWriter.openOrCreateBlock(BufferedDataWriter.java:189)
2026-09-20 20:59:28,999 [ERROR] LogOutputStream:75 - [STDERR_REDIRECT] 	at jetbrains.exodus.log.Log.beforeWrite(Log.kt:895)
2026-09-20 20:59:28,999 [ERROR] LogOutputStream:75 - [STDERR_REDIRECT] 	at jetbrains.exodus.log.Log.writeContinuously(Log.kt:833)
2026-09-20 20:59:28,999 [ERROR] LogOutputStream:75 - [STDERR_REDIRECT] 	at jetbrains.exodus.log.Log.write(Log.kt:523)
2026-09-20 20:59:29,000 [ERROR] LogOutputStream:75 - [STDERR_REDIRECT] 	at jetbrains.exodus.tree.btree.LeafNodeMutable.save(LeafNodeMutable.java:68)
2026-09-20 20:59:29,000 [ERROR] LogOutputStream:75 - [STDERR_REDIRECT] 	at jetbrains.exodus.tree.btree.BottomPageMutable.saveChildren(BottomPageMutable.java:167)
2026-09-20 20:59:29,000 [ERROR] LogOutputStream:75 - [STDERR_REDIRECT] 	at jetbrains.exodus.tree.btree.BasePageMutable.getData(BasePageMutable.java:100)
2026-09-20 20:59:29,000 [ERROR] LogOutputStream:75 - [STDERR_REDIRECT] 	at jetbrains.exodus.tree.btree.BTreeMutable.save(BTreeMutable.java:215)
2026-09-20 20:59:29,000 [ERROR] LogOutputStream:75 - [STDERR_REDIRECT] 	at jetbrains.exodus.env.MetaTreeImpl.saveTree(MetaTreeImpl.java:190)
2026-09-20 20:59:29,000 [ERROR] LogOutputStream:75 - [STDERR_REDIRECT] 	at jetbrains.exodus.env.ReadWriteTransaction.doCommit(ReadWriteTransaction.java:249)
2026-09-20 20:59:29,000 [ERROR] LogOutputStream:75 - [STDERR_REDIRECT] 	at jetbrains.exodus.env.EnvironmentImpl.flushTransaction(EnvironmentImpl.java:727)
2026-09-20 20:59:29,001 [ERROR] LogOutputStream:75 - [STDERR_REDIRECT] 	at jetbrains.exodus.env.ReadWriteTransaction.flush(ReadWriteTransaction.java:103)
2026-09-20 20:59:29,001 [ERROR] LogOutputStream:75 - [STDERR_REDIRECT] 	at jetbrains.exodus.env.EnvironmentImpl.executeInTransaction(EnvironmentImpl.java:1163)
2026-09-20 20:59:29,001 [ERROR] LogOutputStream:75 - [STDERR_REDIRECT] 	at jetbrains.exodus.env.EnvironmentImpl.executeInTransaction(EnvironmentImpl.java:301)
2026-09-20 20:59:29,001 [ERROR] LogOutputStream:75 - [STDERR_REDIRECT] 	at jetbrains.exodus.env.EnvironmentImpl.close(EnvironmentImpl.java:444)
2026-09-20 20:59:29,001 [ERROR] LogOutputStream:75 - [STDERR_REDIRECT] 	at jetbrains.exodus.entitystore.PersistentEntityStoreImpl.close(PersistentEntityStoreImpl.java:2062)
2026-09-20 20:59:29,001 [ERROR] LogOutputStream:75 - [STDERR_REDIRECT] 	at com.genuitec.copilot4eclipse.chat.persistence.ChatPersistenceManager.shutdown(ChatPersistenceManager.java:97)
2026-09-20 20:59:29,001 [ERROR] LogOutputStream:75 - [STDERR_REDIRECT] 	at com.genuitec.copilot4eclipse.chat.ChatService.shutdown(ChatService.java:407)
2026-09-20 20:59:29,002 [ERROR] LogOutputStream:75 - [STDERR_REDIRECT] 	at com.genuitec.copilot4eclipse.chat.ChatService.preShutdown(ChatService.java:1186)
2026-09-20 20:59:29,002 [ERROR] LogOutputStream:75 - [STDERR_REDIRECT] 	at org.eclipse.ui.internal.Workbench$4.run(Workbench.java:937)
2026-09-20 20:59:29,002 [ERROR] LogOutputStream:75 - [STDERR_REDIRECT] 	at org.eclipse.core.runtime.SafeRunner.run(SafeRunner.java:47)
2026-09-20 20:59:29,002 [ERROR] LogOutputStream:75 - [STDERR_REDIRECT] 	at org.eclipse.jface.util.SafeRunnable.run(SafeRunnable.java:174)
2026-09-20 20:59:29,002 [ERROR] LogOutputStream:75 - [STDERR_REDIRECT] 	at org.eclipse.ui.internal.Workbench.firePreShutdown(Workbench.java:934)
2026-09-20 20:59:29,002 [ERROR] LogOutputStream:75 - [STDERR_REDIRECT] 	at org.eclipse.ui.internal.Workbench.busyClose(Workbench.java:1063)
2026-09-20 20:59:29,003 [ERROR] LogOutputStream:75 - [STDERR_REDIRECT] 	at org.eclipse.ui.internal.Workbench.lambda$4(Workbench.java:1414)
2026-09-20 20:59:29,003 [ERROR] LogOutputStream:75 - [STDERR_REDIRECT] 	at org.eclipse.swt.custom.BusyIndicator.showWhile(BusyIndicator.java:67)
2026-09-20 20:59:29,003 [ERROR] LogOutputStream:75 - [STDERR_REDIRECT] 	at org.eclipse.ui.internal.Workbench.close(Workbench.java:1414)
2026-09-20 20:59:29,003 [ERROR] LogOutputStream:75 - [STDERR_REDIRECT] 	at org.eclipse.ui.internal.Workbench.close(Workbench.java:1385)
2026-09-20 20:59:29,003 [ERROR] LogOutputStream:75 - [STDERR_REDIRECT] 	at org.eclipse.ui.internal.WorkbenchWindow.busyClose(WorkbenchWindow.java:1720)
2026-09-20 20:59:29,003 [ERROR] LogOutputStream:75 - [STDERR_REDIRECT] 	at org.eclipse.ui.internal.WorkbenchWindow.lambda$5(WorkbenchWindow.java:1747)
2026-09-20 20:59:29,003 [ERROR] LogOutputStream:75 - [STDERR_REDIRECT] 	at org.eclipse.swt.custom.BusyIndicator.showWhile(BusyIndicator.java:67)
2026-09-20 20:59:29,004 [ERROR] LogOutputStream:75 - [STDERR_REDIRECT] 	at org.eclipse.ui.internal.WorkbenchWindow.close(WorkbenchWindow.java:1747)
2026-09-20 20:59:29,004 [ERROR] LogOutputStream:75 - [STDERR_REDIRECT] 	at org.eclipse.ui.internal.WorkbenchWindow.close(WorkbenchWindow.java:1756)
2026-09-20 20:59:29,004 [ERROR] LogOutputStream:75 - [STDERR_REDIRECT] 	at org.eclipse.ui.internal.WorkbenchWindow.lambda$2(WorkbenchWindow.java:505)
2026-09-20 20:59:29,004 [ERROR] LogOutputStream:75 - [STDERR_REDIRECT] 	at org.eclipse.e4.ui.workbench.renderers.swt.WBWRenderer.lambda$4(WBWRenderer.java:574)
2026-09-20 20:59:29,004 [ERROR] LogOutputStream:75 - [STDERR_REDIRECT] 	at org.eclipse.swt.events.ShellListener$2.shellClosed(ShellListener.java:102)
2026-09-20 20:59:29,004 [ERROR] LogOutputStream:75 - [STDERR_REDIRECT] 	at org.eclipse.swt.widgets.TypedListener.handleEvent(TypedListener.java:115)
2026-09-20 20:59:29,004 [ERROR] LogOutputStream:75 - [STDERR_REDIRECT] 	at org.eclipse.swt.widgets.EventTable.sendEvent(EventTable.java:91)
2026-09-20 20:59:29,005 [ERROR] LogOutputStream:75 - [STDERR_REDIRECT] 	at org.eclipse.swt.widgets.Display.sendEvent(Display.java:5855)
2026-09-20 20:59:29,005 [ERROR] LogOutputStream:75 - [STDERR_REDIRECT] 	at org.eclipse.swt.widgets.Widget.sendEvent(Widget.java:1617)
2026-09-20 20:59:29,005 [ERROR] LogOutputStream:75 - [STDERR_REDIRECT] 	at org.eclipse.swt.widgets.Widget.sendEvent(Widget.java:1643)
2026-09-20 20:59:29,005 [ERROR] LogOutputStream:75 - [STDERR_REDIRECT] 	at org.eclipse.swt.widgets.Widget.sendEvent(Widget.java:1626)
2026-09-20 20:59:29,005 [ERROR] LogOutputStream:75 - [STDERR_REDIRECT] 	at org.eclipse.swt.widgets.Shell.closeWidget(Shell.java:711)
2026-09-20 20:59:29,005 [ERROR] LogOutputStream:75 - [STDERR_REDIRECT] 	at org.eclipse.swt.widgets.Shell.gtk_delete_event(Shell.java:1554)
2026-09-20 20:59:29,005 [ERROR] LogOutputStream:75 - [STDERR_REDIRECT] 	at org.eclipse.swt.widgets.Widget.windowProc(Widget.java:2583)
2026-09-20 20:59:29,006 [ERROR] LogOutputStream:75 - [STDERR_REDIRECT] 	at org.eclipse.swt.widgets.Control.windowProc(Control.java:6842)
2026-09-20 20:59:29,006 [ERROR] LogOutputStream:75 - [STDERR_REDIRECT] 	at org.eclipse.swt.widgets.Display.windowProc(Display.java:6162)
2026-09-20 20:59:29,006 [ERROR] LogOutputStream:75 - [STDERR_REDIRECT] 	at org.eclipse.swt.internal.gtk3.GTK3.gtk_main_do_event(Native Method)
2026-09-20 20:59:29,006 [ERROR] LogOutputStream:75 - [STDERR_REDIRECT] 	at org.eclipse.swt.widgets.Display.eventProc(Display.java:1598)
2026-09-20 20:59:29,006 [ERROR] LogOutputStream:75 - [STDERR_REDIRECT] 	at org.eclipse.swt.internal.gtk3.GTK3.gtk_main_iteration_do(Native Method)
2026-09-20 20:59:29,006 [ERROR] LogOutputStream:75 - [STDERR_REDIRECT] 	at org.eclipse.swt.widgets.Display.readAndDispatch(Display.java:4514)
2026-09-20 20:59:29,006 [ERROR] LogOutputStream:75 - [STDERR_REDIRECT] 	at org.eclipse.e4.ui.internal.workbench.swt.PartRenderingEngine$5.run(PartRenderingEngine.java:1151)
2026-09-20 20:59:29,007 [ERROR] LogOutputStream:75 - [STDERR_REDIRECT] 	at org.eclipse.core.databinding.observable.Realm.runWithDefault(Realm.java:339)
2026-09-20 20:59:29,007 [ERROR] LogOutputStream:75 - [STDERR_REDIRECT] 	at org.eclipse.e4.ui.internal.workbench.swt.PartRenderingEngine.run(PartRenderingEngine.java:1042)
2026-09-20 20:59:29,007 [ERROR] LogOutputStream:75 - [STDERR_REDIRECT] 	at org.eclipse.e4.ui.internal.workbench.E4Workbench.createAndRunUI(E4Workbench.java:153)
2026-09-20 20:59:29,007 [ERROR] LogOutputStream:75 - [STDERR_REDIRECT] 	at org.eclipse.ui.internal.Workbench.lambda$3(Workbench.java:639)
2026-09-20 20:59:29,007 [ERROR] LogOutputStream:75 - [STDERR_REDIRECT] 	at org.eclipse.core.databinding.observable.Realm.runWithDefault(Realm.java:339)
2026-09-20 20:59:29,007 [ERROR] LogOutputStream:75 - [STDERR_REDIRECT] 	at org.eclipse.ui.internal.Workbench.createAndRunWorkbench(Workbench.java:546)
2026-09-20 20:59:29,007 [ERROR] LogOutputStream:75 - [STDERR_REDIRECT] 	at org.eclipse.ui.PlatformUI.createAndRunWorkbench(PlatformUI.java:173)
2026-09-20 20:59:29,008 [ERROR] LogOutputStream:75 - [STDERR_REDIRECT] 	at org.eclipse.ui.internal.ide.application.IDEApplication.start(IDEApplication.java:152)
2026-09-20 20:59:29,008 [ERROR] LogOutputStream:75 - [STDERR_REDIRECT] 	at org.eclipse.equinox.internal.app.EclipseAppHandle.run(EclipseAppHandle.java:208)
2026-09-20 20:59:29,008 [ERROR] LogOutputStream:75 - [STDERR_REDIRECT] 	at org.eclipse.core.runtime.internal.adaptor.EclipseAppLauncher.runApplication(EclipseAppLauncher.java:143)
2026-09-20 20:59:29,008 [ERROR] LogOutputStream:75 - [STDERR_REDIRECT] 	at org.eclipse.core.runtime.internal.adaptor.EclipseAppLauncher.start(EclipseAppLauncher.java:109)
2026-09-20 20:59:29,008 [ERROR] LogOutputStream:75 - [STDERR_REDIRECT] 	at org.eclipse.core.runtime.adaptor.EclipseStarter.run(EclipseStarter.java:439)
2026-09-20 20:59:29,008 [ERROR] LogOutputStream:75 - [STDERR_REDIRECT] 	at org.eclipse.core.runtime.adaptor.EclipseStarter.run(EclipseStarter.java:271)
2026-09-20 20:59:29,008 [ERROR] LogOutputStream:75 - [STDERR_REDIRECT] 	at java.base/jdk.internal.reflect.DirectMethodHandleAccessor.invoke(DirectMethodHandleAccessor.java:103)
2026-09-20 20:59:29,009 [ERROR] LogOutputStream:75 - [STDERR_REDIRECT] 	at java.base/java.lang.reflect.Method.invoke(Method.java:580)
2026-09-20 20:59:29,009 [ERROR] LogOutputStream:75 - [STDERR_REDIRECT] 	at org.eclipse.equinox.launcher.Main.invokeFramework(Main.java:668)
2026-09-20 20:59:29,009 [ERROR] LogOutputStream:75 - [STDERR_REDIRECT] 	at org.eclipse.equinox.launcher.Main.basicRun(Main.java:605)
2026-09-20 20:59:29,009 [ERROR] LogOutputStream:75 - [STDERR_REDIRECT] 	at org.eclipse.equinox.launcher.Main.run(Main.java:1481)
2026-09-20 20:59:29,009 [ERROR] LogOutputStream:75 - [STDERR_REDIRECT] 	at org.eclipse.equinox.launcher.Main.main(Main.java:1454)
2026-09-20 20:59:29,010 [ERROR] LogOutputStream:75 - [STDERR_REDIRECT] 2026-09-20 20:59:29.009:ERROR:jee.PersistentEntityStoreImpl:main: close() failed
2026-09-20 20:59:29,010 [ERROR] LogOutputStream:75 - [STDERR_REDIRECT] jetbrains.exodus.ExodusException: Failed to flush transaction
2026-09-20 20:59:29,010 [ERROR] LogOutputStream:75 - [STDERR_REDIRECT] 	at jetbrains.exodus.ExodusException.toExodusException(ExodusException.java:49)
2026-09-20 20:59:29,010 [ERROR] LogOutputStream:75 - [STDERR_REDIRECT] 	at jetbrains.exodus.env.EnvironmentImpl.flushTransaction(EnvironmentImpl.java:758)
2026-09-20 20:59:29,011 [ERROR] LogOutputStream:75 - [STDERR_REDIRECT] 	at jetbrains.exodus.env.ReadWriteTransaction.flush(ReadWriteTransaction.java:103)
2026-09-20 20:59:29,011 [ERROR] LogOutputStream:75 - [STDERR_REDIRECT] 	at jetbrains.exodus.env.EnvironmentImpl.executeInTransaction(EnvironmentImpl.java:1163)
2026-09-20 20:59:29,011 [ERROR] LogOutputStream:75 - [STDERR_REDIRECT] 	at jetbrains.exodus.env.EnvironmentImpl.executeInTransaction(EnvironmentImpl.java:301)
2026-09-20 20:59:29,011 [ERROR] LogOutputStream:75 - [STDERR_REDIRECT] 	at jetbrains.exodus.env.EnvironmentImpl.close(EnvironmentImpl.java:444)
2026-09-20 20:59:29,011 [ERROR] LogOutputStream:75 - [STDERR_REDIRECT] 	at jetbrains.exodus.entitystore.PersistentEntityStoreImpl.close(PersistentEntityStoreImpl.java:2062)
2026-09-20 20:59:29,011 [ERROR] LogOutputStream:75 - [STDERR_REDIRECT] 	at com.genuitec.copilot4eclipse.chat.persistence.ChatPersistenceManager.shutdown(ChatPersistenceManager.java:97)
2026-09-20 20:59:29,011 [ERROR] LogOutputStream:75 - [STDERR_REDIRECT] 	at com.genuitec.copilot4eclipse.chat.ChatService.shutdown(ChatService.java:407)
2026-09-20 20:59:29,012 [ERROR] LogOutputStream:75 - [STDERR_REDIRECT] 	at com.genuitec.copilot4eclipse.chat.ChatService.preShutdown(ChatService.java:1186)
2026-09-20 20:59:29,012 [ERROR] LogOutputStream:75 - [STDERR_REDIRECT] 	at org.eclipse.ui.internal.Workbench$4.run(Workbench.java:937)
2026-09-20 20:59:29,012 [ERROR] LogOutputStream:75 - [STDERR_REDIRECT] 	at org.eclipse.core.runtime.SafeRunner.run(SafeRunner.java:47)
2026-09-20 20:59:29,012 [ERROR] LogOutputStream:75 - [STDERR_REDIRECT] 	at org.eclipse.jface.util.SafeRunnable.run(SafeRunnable.java:174)
2026-09-20 20:59:29,012 [ERROR] LogOutputStream:75 - [STDERR_REDIRECT] 	at org.eclipse.ui.internal.Workbench.firePreShutdown(Workbench.java:934)
2026-09-20 20:59:29,012 [ERROR] LogOutputStream:75 - [STDERR_REDIRECT] 	at org.eclipse.ui.internal.Workbench.busyClose(Workbench.java:1063)
2026-09-20 20:59:29,012 [ERROR] LogOutputStream:75 - [STDERR_REDIRECT] 	at org.eclipse.ui.internal.Workbench.lambda$4(Workbench.java:1414)
2026-09-20 20:59:29,013 [ERROR] LogOutputStream:75 - [STDERR_REDIRECT] 	at org.eclipse.swt.custom.BusyIndicator.showWhile(BusyIndicator.java:67)
2026-09-20 20:59:29,013 [ERROR] LogOutputStream:75 - [STDERR_REDIRECT] 	at org.eclipse.ui.internal.Workbench.close(Workbench.java:1414)
2026-09-20 20:59:29,013 [ERROR] LogOutputStream:75 - [STDERR_REDIRECT] 	at org.eclipse.ui.internal.Workbench.close(Workbench.java:1385)
2026-09-20 20:59:29,013 [ERROR] LogOutputStream:75 - [STDERR_REDIRECT] 	at org.eclipse.ui.internal.WorkbenchWindow.busyClose(WorkbenchWindow.java:1720)
2026-09-20 20:59:29,013 [ERROR] LogOutputStream:75 - [STDERR_REDIRECT] 	at org.eclipse.ui.internal.WorkbenchWindow.lambda$5(WorkbenchWindow.java:1747)
2026-09-20 20:59:29,013 [ERROR] LogOutputStream:75 - [STDERR_REDIRECT] 	at org.eclipse.swt.custom.BusyIndicator.showWhile(BusyIndicator.java:67)
2026-09-20 20:59:29,013 [ERROR] LogOutputStream:75 - [STDERR_REDIRECT] 	at org.eclipse.ui.internal.WorkbenchWindow.close(WorkbenchWindow.java:1747)
2026-09-20 20:59:29,014 [ERROR] LogOutputStream:75 - [STDERR_REDIRECT] 	at org.eclipse.ui.internal.WorkbenchWindow.close(WorkbenchWindow.java:1756)
2026-09-20 20:59:29,014 [ERROR] LogOutputStream:75 - [STDERR_REDIRECT] 	at org.eclipse.ui.internal.WorkbenchWindow.lambda$2(WorkbenchWindow.java:505)
2026-09-20 20:59:29,014 [ERROR] LogOutputStream:75 - [STDERR_REDIRECT] 	at org.eclipse.e4.ui.workbench.renderers.swt.WBWRenderer.lambda$4(WBWRenderer.java:574)
2026-09-20 20:59:29,014 [ERROR] LogOutputStream:75 - [STDERR_REDIRECT] 	at org.eclipse.swt.events.ShellListener$2.shellClosed(ShellListener.java:102)
2026-09-20 20:59:29,014 [ERROR] LogOutputStream:75 - [STDERR_REDIRECT] 	at org.eclipse.swt.widgets.TypedListener.handleEvent(TypedListener.java:115)
2026-09-20 20:59:29,014 [ERROR] LogOutputStream:75 - [STDERR_REDIRECT] 	at org.eclipse.swt.widgets.EventTable.sendEvent(EventTable.java:91)
2026-09-20 20:59:29,015 [ERROR] LogOutputStream:75 - [STDERR_REDIRECT] 	at org.eclipse.swt.widgets.Display.sendEvent(Display.java:5855)
2026-09-20 20:59:29,015 [ERROR] LogOutputStream:75 - [STDERR_REDIRECT] 	at org.eclipse.swt.widgets.Widget.sendEvent(Widget.java:1617)
2026-09-20 20:59:29,015 [ERROR] LogOutputStream:75 - [STDERR_REDIRECT] 	at org.eclipse.swt.widgets.Widget.sendEvent(Widget.java:1643)
2026-09-20 20:59:29,015 [ERROR] LogOutputStream:75 - [STDERR_REDIRECT] 	at org.eclipse.swt.widgets.Widget.sendEvent(Widget.java:1626)
2026-09-20 20:59:29,015 [ERROR] LogOutputStream:75 - [STDERR_REDIRECT] 	at org.eclipse.swt.widgets.Shell.closeWidget(Shell.java:711)
2026-09-20 20:59:29,016 [ERROR] LogOutputStream:75 - [STDERR_REDIRECT] 	at org.eclipse.swt.widgets.Shell.gtk_delete_event(Shell.java:1554)
2026-09-20 20:59:29,016 [ERROR] LogOutputStream:75 - [STDERR_REDIRECT] 	at org.eclipse.swt.widgets.Widget.windowProc(Widget.java:2583)
2026-09-20 20:59:29,016 [ERROR] LogOutputStream:75 - [STDERR_REDIRECT] 	at org.eclipse.swt.widgets.Control.windowProc(Control.java:6842)
2026-09-20 20:59:29,016 [ERROR] LogOutputStream:75 - [STDERR_REDIRECT] 	at org.eclipse.swt.widgets.Display.windowProc(Display.java:6162)
2026-09-20 20:59:29,017 [ERROR] LogOutputStream:75 - [STDERR_REDIRECT] 	at org.eclipse.swt.internal.gtk3.GTK3.gtk_main_do_event(Native Method)
2026-09-20 20:59:29,017 [ERROR] LogOutputStream:75 - [STDERR_REDIRECT] 	at org.eclipse.swt.widgets.Display.eventProc(Display.java:1598)
2026-09-20 20:59:29,017 [ERROR] LogOutputStream:75 - [STDERR_REDIRECT] 	at org.eclipse.swt.internal.gtk3.GTK3.gtk_main_iteration_do(Native Method)
2026-09-20 20:59:29,017 [ERROR] LogOutputStream:75 - [STDERR_REDIRECT] 	at org.eclipse.swt.widgets.Display.readAndDispatch(Display.java:4514)
2026-09-20 20:59:29,017 [ERROR] LogOutputStream:75 - [STDERR_REDIRECT] 	at org.eclipse.e4.ui.internal.workbench.swt.PartRenderingEngine$5.run(PartRenderingEngine.java:1151)
2026-09-20 20:59:29,017 [ERROR] LogOutputStream:75 - [STDERR_REDIRECT] 	at org.eclipse.core.databinding.observable.Realm.runWithDefault(Realm.java:339)
2026-09-20 20:59:29,017 [ERROR] LogOutputStream:75 - [STDERR_REDIRECT] 	at org.eclipse.e4.ui.internal.workbench.swt.PartRenderingEngine.run(PartRenderingEngine.java:1042)
2026-09-20 20:59:29,018 [ERROR] LogOutputStream:75 - [STDERR_REDIRECT] 	at org.eclipse.e4.ui.internal.workbench.E4Workbench.createAndRunUI(E4Workbench.java:153)
2026-09-20 20:59:29,018 [ERROR] LogOutputStream:75 - [STDERR_REDIRECT] 	at org.eclipse.ui.internal.Workbench.lambda$3(Workbench.java:639)
2026-09-20 20:59:29,018 [ERROR] LogOutputStream:75 - [STDERR_REDIRECT] 	at org.eclipse.core.databinding.observable.Realm.runWithDefault(Realm.java:339)
2026-09-20 20:59:29,018 [ERROR] LogOutputStream:75 - [STDERR_REDIRECT] 	at org.eclipse.ui.internal.Workbench.createAndRunWorkbench(Workbench.java:546)
2026-09-20 20:59:29,018 [ERROR] LogOutputStream:75 - [STDERR_REDIRECT] 	at org.eclipse.ui.PlatformUI.createAndRunWorkbench(PlatformUI.java:173)
2026-09-20 20:59:29,018 [ERROR] LogOutputStream:75 - [STDERR_REDIRECT] 	at org.eclipse.ui.internal.ide.application.IDEApplication.start(IDEApplication.java:152)
2026-09-20 20:59:29,018 [ERROR] LogOutputStream:75 - [STDERR_REDIRECT] 	at org.eclipse.equinox.internal.app.EclipseAppHandle.run(EclipseAppHandle.java:208)
2026-09-20 20:59:29,018 [ERROR] LogOutputStream:75 - [STDERR_REDIRECT] 	at org.eclipse.core.runtime.internal.adaptor.EclipseAppLauncher.runApplication(EclipseAppLauncher.java:143)
2026-09-20 20:59:29,019 [ERROR] LogOutputStream:75 - [STDERR_REDIRECT] 	at org.eclipse.core.runtime.internal.adaptor.EclipseAppLauncher.start(EclipseAppLauncher.java:109)
2026-09-20 20:59:29,019 [ERROR] LogOutputStream:75 - [STDERR_REDIRECT] 	at org.eclipse.core.runtime.adaptor.EclipseStarter.run(EclipseStarter.java:439)
2026-09-20 20:59:29,019 [ERROR] LogOutputStream:75 - [STDERR_REDIRECT] 	at org.eclipse.core.runtime.adaptor.EclipseStarter.run(EclipseStarter.java:271)
2026-09-20 20:59:29,019 [ERROR] LogOutputStream:75 - [STDERR_REDIRECT] 	at java.base/jdk.internal.reflect.DirectMethodHandleAccessor.invoke(DirectMethodHandleAccessor.java:103)
2026-09-20 20:59:29,019 [ERROR] LogOutputStream:75 - [STDERR_REDIRECT] 	at java.base/java.lang.reflect.Method.invoke(Method.java:580)
2026-09-20 20:59:29,019 [ERROR] LogOutputStream:75 - [STDERR_REDIRECT] 	at org.eclipse.equinox.launcher.Main.invokeFramework(Main.java:668)
2026-09-20 20:59:29,019 [ERROR] LogOutputStream:75 - [STDERR_REDIRECT] 	at org.eclipse.equinox.launcher.Main.basicRun(Main.java:605)
2026-09-20 20:59:29,019 [ERROR] LogOutputStream:75 - [STDERR_REDIRECT] 	at org.eclipse.equinox.launcher.Main.run(Main.java:1481)
2026-09-20 20:59:29,020 [ERROR] LogOutputStream:75 - [STDERR_REDIRECT] 	at org.eclipse.equinox.launcher.Main.main(Main.java:1454)
2026-09-20 20:59:29,020 [ERROR] LogOutputStream:75 - [STDERR_REDIRECT] Caused by: 
2026-09-20 20:59:29,020 [ERROR] LogOutputStream:75 - [STDERR_REDIRECT] java.io.FileNotFoundException: /home/irinej/faks/stm32h750-audio-plotter/.metadata/.plugins/com.genuitec.copilot4eclipse/chatdata/00000000000.xd (No such file or directory)
2026-09-20 20:59:29,020 [ERROR] LogOutputStream:75 - [STDERR_REDIRECT] 	at java.base/java.io.RandomAccessFile.open0(Native Method)
2026-09-20 20:59:29,020 [ERROR] LogOutputStream:75 - [STDERR_REDIRECT] 	at java.base/java.io.RandomAccessFile.open(RandomAccessFile.java:356)
2026-09-20 20:59:29,020 [ERROR] LogOutputStream:75 - [STDERR_REDIRECT] 	at java.base/java.io.RandomAccessFile.<init>(RandomAccessFile.java:273)
2026-09-20 20:59:29,020 [ERROR] LogOutputStream:75 - [STDERR_REDIRECT] 	at java.base/java.io.RandomAccessFile.<init>(RandomAccessFile.java:223)
2026-09-20 20:59:29,020 [ERROR] LogOutputStream:75 - [STDERR_REDIRECT] 	at jetbrains.exodus.io.FileDataWriter.openOrCreateFile(FileDataWriter.kt:152)
2026-09-20 20:59:29,021 [ERROR] LogOutputStream:75 - [STDERR_REDIRECT] 	at jetbrains.exodus.io.FileDataWriter.openOrCreateBlockImpl(FileDataWriter.kt:105)
2026-09-20 20:59:29,021 [ERROR] LogOutputStream:75 - [STDERR_REDIRECT] 	at jetbrains.exodus.io.FileDataWriter.openOrCreateBlockImpl(FileDataWriter.kt:33)
2026-09-20 20:59:29,021 [ERROR] LogOutputStream:75 - [STDERR_REDIRECT] 	at jetbrains.exodus.io.AbstractDataWriter.openOrCreateBlock(AbstractDataWriter.java:61)
2026-09-20 20:59:29,021 [ERROR] LogOutputStream:75 - [STDERR_REDIRECT] 	at jetbrains.exodus.log.BufferedDataWriter.openOrCreateBlock(BufferedDataWriter.java:189)
2026-09-20 20:59:29,021 [ERROR] LogOutputStream:75 - [STDERR_REDIRECT] 	at jetbrains.exodus.log.Log.beforeWrite(Log.kt:895)
2026-09-20 20:59:29,021 [ERROR] LogOutputStream:75 - [STDERR_REDIRECT] 	at jetbrains.exodus.log.Log.writeContinuously(Log.kt:833)
2026-09-20 20:59:29,021 [ERROR] LogOutputStream:75 - [STDERR_REDIRECT] 	at jetbrains.exodus.log.Log.write(Log.kt:523)
2026-09-20 20:59:29,021 [ERROR] LogOutputStream:75 - [STDERR_REDIRECT] 	at jetbrains.exodus.tree.btree.LeafNodeMutable.save(LeafNodeMutable.java:68)
2026-09-20 20:59:29,021 [ERROR] LogOutputStream:75 - [STDERR_REDIRECT] 	at jetbrains.exodus.tree.btree.BottomPageMutable.saveChildren(BottomPageMutable.java:167)
2026-09-20 20:59:29,022 [ERROR] LogOutputStream:75 - [STDERR_REDIRECT] 	at jetbrains.exodus.tree.btree.BasePageMutable.getData(BasePageMutable.java:100)
2026-09-20 20:59:29,022 [ERROR] LogOutputStream:75 - [STDERR_REDIRECT] 	at jetbrains.exodus.tree.btree.BTreeMutable.save(BTreeMutable.java:215)
2026-09-20 20:59:29,022 [ERROR] LogOutputStream:75 - [STDERR_REDIRECT] 	at jetbrains.exodus.env.MetaTreeImpl.saveTree(MetaTreeImpl.java:190)
2026-09-20 20:59:29,022 [ERROR] LogOutputStream:75 - [STDERR_REDIRECT] 	at jetbrains.exodus.env.ReadWriteTransaction.doCommit(ReadWriteTransaction.java:249)
2026-09-20 20:59:29,022 [ERROR] LogOutputStream:75 - [STDERR_REDIRECT] 	at jetbrains.exodus.env.EnvironmentImpl.flushTransaction(EnvironmentImpl.java:727)
2026-09-20 20:59:29,022 [ERROR] LogOutputStream:75 - [STDERR_REDIRECT] 	at jetbrains.exodus.env.ReadWriteTransaction.flush(ReadWriteTransaction.java:103)
2026-09-20 20:59:29,022 [ERROR] LogOutputStream:75 - [STDERR_REDIRECT] 	at jetbrains.exodus.env.EnvironmentImpl.executeInTransaction(EnvironmentImpl.java:1163)
2026-09-20 20:59:29,023 [ERROR] LogOutputStream:75 - [STDERR_REDIRECT] 	at jetbrains.exodus.env.EnvironmentImpl.executeInTransaction(EnvironmentImpl.java:301)
2026-09-20 20:59:29,023 [ERROR] LogOutputStream:75 - [STDERR_REDIRECT] 	at jetbrains.exodus.env.EnvironmentImpl.close(EnvironmentImpl.java:444)
2026-09-20 20:59:29,023 [ERROR] LogOutputStream:75 - [STDERR_REDIRECT] 	at jetbrains.exodus.entitystore.PersistentEntityStoreImpl.close(PersistentEntityStoreImpl.java:2062)
2026-09-20 20:59:29,023 [ERROR] LogOutputStream:75 - [STDERR_REDIRECT] 	at com.genuitec.copilot4eclipse.chat.persistence.ChatPersistenceManager.shutdown(ChatPersistenceManager.java:97)
2026-09-20 20:59:29,023 [ERROR] LogOutputStream:75 - [STDERR_REDIRECT] 	at com.genuitec.copilot4eclipse.chat.ChatService.shutdown(ChatService.java:407)
2026-09-20 20:59:29,023 [ERROR] LogOutputStream:75 - [STDERR_REDIRECT] 	at com.genuitec.copilot4eclipse.chat.ChatService.preShutdown(ChatService.java:1186)
2026-09-20 20:59:29,023 [ERROR] LogOutputStream:75 - [STDERR_REDIRECT] 	at org.eclipse.ui.internal.Workbench$4.run(Workbench.java:937)
2026-09-20 20:59:29,023 [ERROR] LogOutputStream:75 - [STDERR_REDIRECT] 	at org.eclipse.core.runtime.SafeRunner.run(SafeRunner.java:47)
2026-09-20 20:59:29,024 [ERROR] LogOutputStream:75 - [STDERR_REDIRECT] 	at org.eclipse.jface.util.SafeRunnable.run(SafeRunnable.java:174)
2026-09-20 20:59:29,024 [ERROR] LogOutputStream:75 - [STDERR_REDIRECT] 	at org.eclipse.ui.internal.Workbench.firePreShutdown(Workbench.java:934)
2026-09-20 20:59:29,024 [ERROR] LogOutputStream:75 - [STDERR_REDIRECT] 	at org.eclipse.ui.internal.Workbench.busyClose(Workbench.java:1063)
2026-09-20 20:59:29,024 [ERROR] LogOutputStream:75 - [STDERR_REDIRECT] 	at org.eclipse.ui.internal.Workbench.lambda$4(Workbench.java:1414)
2026-09-20 20:59:29,024 [ERROR] LogOutputStream:75 - [STDERR_REDIRECT] 	at org.eclipse.swt.custom.BusyIndicator.showWhile(BusyIndicator.java:67)
2026-09-20 20:59:29,024 [ERROR] LogOutputStream:75 - [STDERR_REDIRECT] 	at org.eclipse.ui.internal.Workbench.close(Workbench.java:1414)
2026-09-20 20:59:29,024 [ERROR] LogOutputStream:75 - [STDERR_REDIRECT] 	at org.eclipse.ui.internal.Workbench.close(Workbench.java:1385)
2026-09-20 20:59:29,024 [ERROR] LogOutputStream:75 - [STDERR_REDIRECT] 	at org.eclipse.ui.internal.WorkbenchWindow.busyClose(WorkbenchWindow.java:1720)
2026-09-20 20:59:29,024 [ERROR] LogOutputStream:75 - [STDERR_REDIRECT] 	at org.eclipse.ui.internal.WorkbenchWindow.lambda$5(WorkbenchWindow.java:1747)
2026-09-20 20:59:29,025 [ERROR] LogOutputStream:75 - [STDERR_REDIRECT] 	at org.eclipse.swt.custom.BusyIndicator.showWhile(BusyIndicator.java:67)
2026-09-20 20:59:29,025 [ERROR] LogOutputStream:75 - [STDERR_REDIRECT] 	at org.eclipse.ui.internal.WorkbenchWindow.close(WorkbenchWindow.java:1747)
2026-09-20 20:59:29,025 [ERROR] LogOutputStream:75 - [STDERR_REDIRECT] 	at org.eclipse.ui.internal.WorkbenchWindow.close(WorkbenchWindow.java:1756)
2026-09-20 20:59:29,025 [ERROR] LogOutputStream:75 - [STDERR_REDIRECT] 	at org.eclipse.ui.internal.WorkbenchWindow.lambda$2(WorkbenchWindow.java:505)
2026-09-20 20:59:29,025 [ERROR] LogOutputStream:75 - [STDERR_REDIRECT] 	at org.eclipse.e4.ui.workbench.renderers.swt.WBWRenderer.lambda$4(WBWRenderer.java:574)
2026-09-20 20:59:29,025 [ERROR] LogOutputStream:75 - [STDERR_REDIRECT] 	at org.eclipse.swt.events.ShellListener$2.shellClosed(ShellListener.java:102)
2026-09-20 20:59:29,025 [ERROR] LogOutputStream:75 - [STDERR_REDIRECT] 	at org.eclipse.swt.widgets.TypedListener.handleEvent(TypedListener.java:115)
2026-09-20 20:59:29,025 [ERROR] LogOutputStream:75 - [STDERR_REDIRECT] 	at org.eclipse.swt.widgets.EventTable.sendEvent(EventTable.java:91)
2026-09-20 20:59:29,026 [ERROR] LogOutputStream:75 - [STDERR_REDIRECT] 	at org.eclipse.swt.widgets.Display.sendEvent(Display.java:5855)
2026-09-20 20:59:29,026 [ERROR] LogOutputStream:75 - [STDERR_REDIRECT] 	at org.eclipse.swt.widgets.Widget.sendEvent(Widget.java:1617)
2026-09-20 20:59:29,026 [ERROR] LogOutputStream:75 - [STDERR_REDIRECT] 	at org.eclipse.swt.widgets.Widget.sendEvent(Widget.java:1643)
2026-09-20 20:59:29,026 [ERROR] LogOutputStream:75 - [STDERR_REDIRECT] 	at org.eclipse.swt.widgets.Widget.sendEvent(Widget.java:1626)
2026-09-20 20:59:29,026 [ERROR] LogOutputStream:75 - [STDERR_REDIRECT] 	at org.eclipse.swt.widgets.Shell.closeWidget(Shell.java:711)
2026-09-20 20:59:29,026 [ERROR] LogOutputStream:75 - [STDERR_REDIRECT] 	at org.eclipse.swt.widgets.Shell.gtk_delete_event(Shell.java:1554)
2026-09-20 20:59:29,026 [ERROR] LogOutputStream:75 - [STDERR_REDIRECT] 	at org.eclipse.swt.widgets.Widget.windowProc(Widget.java:2583)
2026-09-20 20:59:29,027 [ERROR] LogOutputStream:75 - [STDERR_REDIRECT] 	at org.eclipse.swt.widgets.Control.windowProc(Control.java:6842)
2026-09-20 20:59:29,027 [ERROR] LogOutputStream:75 - [STDERR_REDIRECT] 	at org.eclipse.swt.widgets.Display.windowProc(Display.java:6162)
2026-09-20 20:59:29,027 [ERROR] LogOutputStream:75 - [STDERR_REDIRECT] 	at org.eclipse.swt.internal.gtk3.GTK3.gtk_main_do_event(Native Method)
2026-09-20 20:59:29,027 [ERROR] LogOutputStream:75 - [STDERR_REDIRECT] 	at org.eclipse.swt.widgets.Display.eventProc(Display.java:1598)
2026-09-20 20:59:29,027 [ERROR] LogOutputStream:75 - [STDERR_REDIRECT] 	at org.eclipse.swt.internal.gtk3.GTK3.gtk_main_iteration_do(Native Method)
2026-09-20 20:59:29,027 [ERROR] LogOutputStream:75 - [STDERR_REDIRECT] 	at org.eclipse.swt.widgets.Display.readAndDispatch(Display.java:4514)
2026-09-20 20:59:29,027 [ERROR] LogOutputStream:75 - [STDERR_REDIRECT] 	at org.eclipse.e4.ui.internal.workbench.swt.PartRenderingEngine$5.run(PartRenderingEngine.java:1151)
2026-09-20 20:59:29,027 [ERROR] LogOutputStream:75 - [STDERR_REDIRECT] 	at org.eclipse.core.databinding.observable.Realm.runWithDefault(Realm.java:339)
2026-09-20 20:59:29,027 [ERROR] LogOutputStream:75 - [STDERR_REDIRECT] 	at org.eclipse.e4.ui.internal.workbench.swt.PartRenderingEngine.run(PartRenderingEngine.java:1042)
2026-09-20 20:59:29,028 [ERROR] LogOutputStream:75 - [STDERR_REDIRECT] 	at org.eclipse.e4.ui.internal.workbench.E4Workbench.createAndRunUI(E4Workbench.java:153)
2026-09-20 20:59:29,028 [ERROR] LogOutputStream:75 - [STDERR_REDIRECT] 	at org.eclipse.ui.internal.Workbench.lambda$3(Workbench.java:639)
2026-09-20 20:59:29,028 [ERROR] LogOutputStream:75 - [STDERR_REDIRECT] 	at org.eclipse.core.databinding.observable.Realm.runWithDefault(Realm.java:339)
2026-09-20 20:59:29,028 [ERROR] LogOutputStream:75 - [STDERR_REDIRECT] 	at org.eclipse.ui.internal.Workbench.createAndRunWorkbench(Workbench.java:546)
2026-09-20 20:59:29,028 [ERROR] LogOutputStream:75 - [STDERR_REDIRECT] 	at org.eclipse.ui.PlatformUI.createAndRunWorkbench(PlatformUI.java:173)
2026-09-20 20:59:29,028 [ERROR] LogOutputStream:75 - [STDERR_REDIRECT] 	at org.eclipse.ui.internal.ide.application.IDEApplication.start(IDEApplication.java:152)
2026-09-20 20:59:29,028 [ERROR] LogOutputStream:75 - [STDERR_REDIRECT] 	at org.eclipse.equinox.internal.app.EclipseAppHandle.run(EclipseAppHandle.java:208)
2026-09-20 20:59:29,028 [ERROR] LogOutputStream:75 - [STDERR_REDIRECT] 	at org.eclipse.core.runtime.internal.adaptor.EclipseAppLauncher.runApplication(EclipseAppLauncher.java:143)
2026-09-20 20:59:29,029 [ERROR] LogOutputStream:75 - [STDERR_REDIRECT] 	at org.eclipse.core.runtime.internal.adaptor.EclipseAppLauncher.start(EclipseAppLauncher.java:109)
2026-09-20 20:59:29,029 [ERROR] LogOutputStream:75 - [STDERR_REDIRECT] 	at org.eclipse.core.runtime.adaptor.EclipseStarter.run(EclipseStarter.java:439)
2026-09-20 20:59:29,029 [ERROR] LogOutputStream:75 - [STDERR_REDIRECT] 	at org.eclipse.core.runtime.adaptor.EclipseStarter.run(EclipseStarter.java:271)
2026-09-20 20:59:29,029 [ERROR] LogOutputStream:75 - [STDERR_REDIRECT] 	at java.base/jdk.internal.reflect.DirectMethodHandleAccessor.invoke(DirectMethodHandleAccessor.java:103)
2026-09-20 20:59:29,029 [ERROR] LogOutputStream:75 - [STDERR_REDIRECT] 	at java.base/java.lang.reflect.Method.invoke(Method.java:580)
2026-09-20 20:59:29,029 [ERROR] LogOutputStream:75 - [STDERR_REDIRECT] 	at org.eclipse.equinox.launcher.Main.invokeFramework(Main.java:668)
2026-09-20 20:59:29,029 [ERROR] LogOutputStream:75 - [STDERR_REDIRECT] 	at org.eclipse.equinox.launcher.Main.basicRun(Main.java:605)
2026-09-20 20:59:29,029 [ERROR] LogOutputStream:75 - [STDERR_REDIRECT] 	at org.eclipse.equinox.launcher.Main.run(Main.java:1481)
2026-09-20 20:59:29,029 [ERROR] LogOutputStream:75 - [STDERR_REDIRECT] 	at org.eclipse.equinox.launcher.Main.main(Main.java:1454)
