../Core/Src/stm32h750b_discovery_audio.c:2635:16:WM8994_Probe	40	static
../Core/Src/stm32h750b_discovery_audio.c:2684:13:SAI_MspInit	96	static
../Core/Src/stm32h750b_discovery_audio.c:2878:13:SAI_MspDeInit	8	static
../Core/Src/stm32h750b_discovery_audio.c:348:9:BSP_AUDIO_OUT_DeInit	16	static
../Core/Src/stm32h750b_discovery_audio.c:389:26:MX_SAI2_Block_A_Init	8	static
../Core/Src/stm32h750b_discovery_audio.c:450:26:MX_SAI2_ClockConfig	200	static
../Core/Src/stm32h750b_discovery_audio.c:215:9:BSP_AUDIO_OUT_Init	88	static
../Core/Src/stm32h750b_discovery_audio.c:498:26:MX_SAI4_ClockConfig	200	static
../Core/Src/stm32h750b_discovery_audio.c:616:9:BSP_AUDIO_OUT_Play	8	static
../Core/Src/stm32h750b_discovery_audio.c:655:9:BSP_AUDIO_OUT_Pause	16	static
../Core/Src/stm32h750b_discovery_audio.c:693:9:BSP_AUDIO_OUT_Resume	8	static
../Core/Src/stm32h750b_discovery_audio.c:728:9:BSP_AUDIO_OUT_Stop	8	static
../Core/Src/stm32h750b_discovery_audio.c:770:9:BSP_AUDIO_OUT_SetVolume	16	static
../Core/Src/stm32h750b_discovery_audio.c:808:9:BSP_AUDIO_OUT_GetVolume	0	static
../Core/Src/stm32h750b_discovery_audio.c:833:9:BSP_AUDIO_OUT_Mute	8	static
../Core/Src/stm32h750b_discovery_audio.c:868:9:BSP_AUDIO_OUT_UnMute	16	static
../Core/Src/stm32h750b_discovery_audio.c:904:9:BSP_AUDIO_OUT_IsMute	0	static
../Core/Src/stm32h750b_discovery_audio.c:931:9:BSP_AUDIO_OUT_SetDevice	8	static
../Core/Src/stm32h750b_discovery_audio.c:962:9:BSP_AUDIO_OUT_GetDevice	0	static
../Core/Src/stm32h750b_discovery_audio.c:991:9:BSP_AUDIO_OUT_SetSampleRate	16	static
../Core/Src/stm32h750b_discovery_audio.c:1068:9:BSP_AUDIO_OUT_GetSampleRate	0	static
../Core/Src/stm32h750b_discovery_audio.c:1090:9:BSP_AUDIO_OUT_SetBitsPerSample	16	static
../Core/Src/stm32h750b_discovery_audio.c:1168:9:BSP_AUDIO_OUT_GetBitsPerSample	0	static
../Core/Src/stm32h750b_discovery_audio.c:1196:9:BSP_AUDIO_OUT_SetChannelsNbr	16	static
../Core/Src/stm32h750b_discovery_audio.c:1247:9:BSP_AUDIO_OUT_GetChannelsNbr	0	static
../Core/Src/stm32h750b_discovery_audio.c:1275:9:BSP_AUDIO_OUT_GetState	0	static
../Core/Src/stm32h750b_discovery_audio.c:1298:6:BSP_AUDIO_OUT_IRQHandler	0	static
../Core/Src/stm32h750b_discovery_audio.c:1360:13:BSP_AUDIO_OUT_TransferComplete_CallBack	0	static
../Core/Src/stm32h750b_discovery_audio.c:1312:6:HAL_SAI_TxCpltCallback	8	static
../Core/Src/stm32h750b_discovery_audio.c:1371:13:BSP_AUDIO_OUT_HalfTransfer_CallBack	0	static
../Core/Src/stm32h750b_discovery_audio.c:1327:6:HAL_SAI_TxHalfCpltCallback	8	static
../Core/Src/stm32h750b_discovery_audio.c:1382:13:BSP_AUDIO_OUT_Error_CallBack	0	static
../Core/Src/stm32h750b_discovery_audio.c:1650:9:BSP_AUDIO_IN_DeInit	24	static
../Core/Src/stm32h750b_discovery_audio.c:1726:26:MX_SAI2_Block_B_Init	8	static
../Core/Src/stm32h750b_discovery_audio.c:1779:26:MX_SAI4_Block_A_Init	16	static
../Core/Src/stm32h750b_discovery_audio.c:1923:9:BSP_AUDIO_IN_PDMToPCM_Init	48	static
../Core/Src/stm32h750b_discovery_audio.c:1403:9:BSP_AUDIO_IN_Init	96	static
../Core/Src/stm32h750b_discovery_audio.c:1965:9:BSP_AUDIO_IN_PDMToPCM	24	static
../Core/Src/stm32h750b_discovery_audio.c:2002:9:BSP_AUDIO_IN_Record	24	static
../Core/Src/stm32h750b_discovery_audio.c:2042:9:BSP_AUDIO_IN_Stop	8	static
../Core/Src/stm32h750b_discovery_audio.c:2083:9:BSP_AUDIO_IN_Pause	8	static
../Core/Src/stm32h750b_discovery_audio.c:2123:9:BSP_AUDIO_IN_Resume	8	static
../Core/Src/stm32h750b_discovery_audio.c:2165:9:BSP_AUDIO_IN_RecordPDM	8	static
../Core/Src/stm32h750b_discovery_audio.c:2192:9:BSP_AUDIO_IN_SetDevice	32	static
../Core/Src/stm32h750b_discovery_audio.c:2231:9:BSP_AUDIO_IN_GetDevice	0	static
../Core/Src/stm32h750b_discovery_audio.c:2253:9:BSP_AUDIO_IN_SetSampleRate	32	static
../Core/Src/stm32h750b_discovery_audio.c:2289:9:BSP_AUDIO_IN_GetSampleRate	0	static
../Core/Src/stm32h750b_discovery_audio.c:2313:9:BSP_AUDIO_IN_SetBitsPerSample	32	static
../Core/Src/stm32h750b_discovery_audio.c:2350:9:BSP_AUDIO_IN_GetBitsPerSample	0	static
../Core/Src/stm32h750b_discovery_audio.c:2372:9:BSP_AUDIO_IN_SetChannelsNbr	0	static
../Core/Src/stm32h750b_discovery_audio.c:2395:9:BSP_AUDIO_IN_GetChannelsNbr	0	static
../Core/Src/stm32h750b_discovery_audio.c:2417:9:BSP_AUDIO_IN_SetVolume	16	static
../Core/Src/stm32h750b_discovery_audio.c:2444:9:BSP_AUDIO_IN_GetVolume	0	static
../Core/Src/stm32h750b_discovery_audio.c:2467:9:BSP_AUDIO_IN_GetState	0	static
../Core/Src/stm32h750b_discovery_audio.c:2493:6:BSP_AUDIO_IN_IRQHandler	0	static
../Core/Src/stm32h750b_discovery_audio.c:2545:13:BSP_AUDIO_IN_TransferComplete_CallBack	0	static
../Core/Src/stm32h750b_discovery_audio.c:2527:6:HAL_SAI_RxCpltCallback	8	static
../Core/Src/stm32h750b_discovery_audio.c:2559:13:BSP_AUDIO_IN_HalfTransfer_CallBack	0	static
../Core/Src/stm32h750b_discovery_audio.c:2509:6:HAL_SAI_RxHalfCpltCallback	8	static
../Core/Src/stm32h750b_discovery_audio.c:2573:13:BSP_AUDIO_IN_Error_CallBack	0	static
../Core/Src/stm32h750b_discovery_audio.c:1342:6:HAL_SAI_ErrorCallback	8	static
